Archive member included to satisfy reference by file (symbol)

E:\RC\Drivers\lib\libacc_service.a(acc_rss.o)
                              Src\distance_peak.o (acc_rss_activate_with_hal)
E:\RC\Drivers\lib\libacc_service.a(acc_rss_calibration.o)
                              Src\distance_peak.o (acc_rss_calibration_context_get)
E:\RC\Drivers\lib\libacc_service.a(acc_service.o)
                              Src\distance_peak.o (acc_service_get_sweep_configuration)
E:\RC\Drivers\lib\libacc_service.a(acc_service_envelope.o)
                              Src\distance_peak.o (acc_service_envelope_configuration_create)
E:\RC\Drivers\lib\libacc_service.a(acc_service_manager.o)
                              E:\RC\Drivers\lib\libacc_service.a(acc_rss.o) (acc_service_manager_activate)
E:\RC\Drivers\lib\libacc_service.a(acc_service_power_bins.o)
                              Src\example_power_bin_once.o (acc_service_power_bins_configuration_create)
E:\RC\Drivers\lib\libacc_service.a(acc_service_sparse.o)
                              Src\example_power_bin_once.o (acc_service_sparse_configuration_create)
E:\RC\Drivers\lib\libacc_service.a(acc_service_factory.o)
                              E:\RC\Drivers\lib\libacc_service.a(acc_service_manager.o) (acc_service_factory_activate)
E:\RC\Drivers\lib\libacc_service.a(acc_service_iq.o)
                              E:\RC\Drivers\lib\libacc_service.a(acc_service_factory.o) (acc_service_iq_create)
E:\RC\Drivers\lib\libacconeer_sensor.a(acc_sensor_manager.o)
                              E:\RC\Drivers\lib\libacc_service.a(acc_rss.o) (acc_sensor_manager_activate)
E:\RC\Drivers\lib\libacconeer_sensor.a(acc_sensor_protocol.o)
                              E:\RC\Drivers\lib\libacconeer_sensor.a(acc_sensor_manager.o) (acc_sensor_protocol_get_asic_id)
E:\RC\Drivers\lib\libacconeer_sensor.a(acc_sweep_manager.o)
                              E:\RC\Drivers\lib\libacconeer_sensor.a(acc_sensor_manager.o) (acc_sweep_manager_activate)
E:\RC\Drivers\lib\libacconeer_sensor.a(acc_sensor.o)
                              E:\RC\Drivers\lib\libacconeer_sensor.a(acc_sensor_manager.o) (acc_sensor_activate)
E:\RC\Drivers\lib\libacc_detector_distance_peak.a(acc_detector_distance_peak.o)
                              Src\distance_peak.o (acc_detector_distance_peak_configuration_create)
E:\RC\Drivers\lib\libacconeer.a(acc_alg_basic_math.o)
                              E:\RC\Drivers\lib\libacconeer_sensor.a(acc_sensor_manager.o) (acc_alg_basic_math_q3_12_complex_scalar_abs)
E:\RC\Drivers\lib\libacconeer.a(acc_alg_biquad_q3_12_coeffs.o)
                              E:\RC\Drivers\lib\libacc_service.a(acc_service_iq.o) (acc_alg_biquad_q3_12_lowpass_coeffs)
E:\RC\Drivers\lib\libacconeer.a(acc_alg_biquad_q3_12_armv7e-m.o)
                              E:\RC\Drivers\lib\libacconeer_sensor.a(acc_sensor_manager.o) (acc_alg_biquad_q3_12_complex_direct_form_1_filtfilt)
E:\RC\Drivers\lib\libacconeer.a(acc_alg_distance_peak_detect.o)
                              E:\RC\Drivers\lib\libacc_detector_distance_peak.a(acc_detector_distance_peak.o) (acc_alg_distance_peak_detect_set_threshold_mode_provided)
E:\RC\Drivers\lib\libacconeer.a(acc_alg_estimate_threshold.o)
                              E:\RC\Drivers\lib\libacconeer.a(acc_alg_distance_peak_detect.o) (acc_alg_estimate_threshold_allocate)
E:\RC\Drivers\lib\libacconeer.a(acc_alg_iq_demodulation.o)
                              E:\RC\Drivers\lib\libacconeer_sensor.a(acc_sensor_manager.o) (acc_alg_iq_demodulation_q3_12)
E:\RC\Drivers\lib\libacconeer.a(acc_alg_path_loss_r_f32.o)
                              E:\RC\Drivers\lib\libacconeer.a(acc_alg_estimate_threshold.o) (acc_alg_path_loss_r_f32)
E:\RC\Drivers\lib\libacconeer.a(acc_alg_reflection_detection.o)
                              E:\RC\Drivers\lib\libacconeer.a(acc_alg_distance_peak_detect.o) (acc_alg_reflection_detection_allocate)
E:\RC\Drivers\lib\libacconeer.a(acc_sweep_configuration.o)
                              E:\RC\Drivers\lib\libacconeer_sensor.a(acc_sensor_manager.o) (acc_sweep_configuration_sensor_get)
E:\RC\Drivers\lib\libacconeer.a(acc_integration.o)
                              E:\RC\Drivers\lib\libacc_service.a(acc_rss.o) (acc_integration_register)
E:\RC\Drivers\lib\libacconeer.a(acc_log_rss.o)
                              E:\RC\Drivers\lib\libacc_service.a(acc_rss.o) (acc_log_rss)
E:\RC\Drivers\lib\libacconeer.a(acc_package_envelope.o)
                              E:\RC\Drivers\lib\libacc_service.a(acc_rss_calibration.o) (acc_package_envelope_engine_create)
E:\RC\Drivers\lib\libacconeer.a(acc_package_iq.o)
                              E:\RC\Drivers\lib\libacc_service.a(acc_service_iq.o) (acc_package_iq_engine_create)
E:\RC\Drivers\lib\libacconeer.a(acc_package_power_bins.o)
                              E:\RC\Drivers\lib\libacc_service.a(acc_service_power_bins.o) (acc_package_power_bins_engine_create)
E:\RC\Drivers\lib\libacconeer.a(acc_package_sparse.o)
[...]
Memory Configuration

Name             Origin             Length             Attributes
RAM              0x20000000         0x00010000         xrw
FLASH            0x08000000         0x00040000         xr
*default*        0x00000000         0xffffffff

Linker script and memory map

LOAD c:/program files (x86)/atollic/truestudio for stm32 9.3.0/armtools/bin/../lib/gcc/arm-atollic-eabi/6.3.1/armv7e-m/fpu/crti.o
LOAD c:/program files (x86)/atollic/truestudio for stm32 9.3.0/armtools/bin/../lib/gcc/arm-atollic-eabi/6.3.1/armv7e-m/fpu/crtbegin.o
LOAD Drivers\STM32L4xx_HAL_Driver\Src\stm32l4xx_hal.o
LOAD Drivers\STM32L4xx_HAL_Driver\Src\stm32l4xx_hal_cortex.o
LOAD Drivers\STM32L4xx_HAL_Driver\Src\stm32l4xx_hal_dma.o
LOAD Drivers\STM32L4xx_HAL_Driver\Src\stm32l4xx_hal_dma_ex.o
LOAD Drivers\STM32L4xx_HAL_Driver\Src\stm32l4xx_hal_flash.o
LOAD Drivers\STM32L4xx_HAL_Driver\Src\stm32l4xx_hal_flash_ex.o
LOAD Drivers\STM32L4xx_HAL_Driver\Src\stm32l4xx_hal_flash_ramfunc.o
LOAD Drivers\STM32L4xx_HAL_Driver\Src\stm32l4xx_hal_gpio.o
LOAD Drivers\STM32L4xx_HAL_Driver\Src\stm32l4xx_hal_i2c.o
LOAD Drivers\STM32L4xx_HAL_Driver\Src\stm32l4xx_hal_i2c_ex.o
LOAD Drivers\STM32L4xx_HAL_Driver\Src\stm32l4xx_hal_pwr.o
LOAD Drivers\STM32L4xx_HAL_Driver\Src\stm32l4xx_hal_pwr_ex.o
LOAD Drivers\STM32L4xx_HAL_Driver\Src\stm32l4xx_hal_rcc.o
LOAD Drivers\STM32L4xx_HAL_Driver\Src\stm32l4xx_hal_rcc_ex.o
LOAD Drivers\STM32L4xx_HAL_Driver\Src\stm32l4xx_hal_spi.o
LOAD Drivers\STM32L4xx_HAL_Driver\Src\stm32l4xx_hal_spi_ex.o
LOAD Drivers\STM32L4xx_HAL_Driver\Src\stm32l4xx_hal_tim.o
LOAD Drivers\STM32L4xx_HAL_Driver\Src\stm32l4xx_hal_tim_ex.o
LOAD Drivers\STM32L4xx_HAL_Driver\Src\stm32l4xx_hal_uart.o
LOAD Drivers\STM32L4xx_HAL_Driver\Src\stm32l4xx_hal_uart_ex.o
LOAD Src\A111_test.o
LOAD Src\IQ_test.o
LOAD Src\acc_hal_integration_single_thread_stm32cube_xc111_r4a.o
LOAD Src\acc_legacy_hal_stubs.o
LOAD Src\distance_peak.o
LOAD Src\example_detector_distance_peak_fixed_threshold.o
LOAD Src\example_power_bin_once.o
LOAD Src\gpio.o
LOAD Src\main.o
LOAD Src\spi.o
LOAD Src\stm32l4xx_hal_msp.o
LOAD Src\stm32l4xx_it.o
LOAD Src\system_stm32l4xx.o
LOAD Src\usart.o
LOAD startup\startup_stm32l431xx.o
LOAD E:\RC\Drivers\lib\libacc_service.a
LOAD E:\RC\Drivers\lib\libacconeer_sensor.a
LOAD E:\RC\Drivers\lib\libacc_detector_distance_peak.a
LOAD E:\RC\Drivers\lib\libacconeer.a
START GROUP
LOAD E:\RC\Drivers\lib\libacconeer.a
LOAD E:\RC\Drivers\lib\libacconeer_sensor.a
LOAD E:\RC\Drivers\lib\libacc_service.a
                0x00000080                malloc_getpagesize_P = 0x80
START GROUP
LOAD c:/program files (x86)/atollic/truestudio for stm32 9.3.0/armtools/bin/../lib/gcc/arm-atollic-eabi/6.3.1/../../../../arm-atollic-eabi/lib/armv7e-m/fpu\libc_nano.a
LOAD c:/program files (x86)/atollic/truestudio for stm32 9.3.0/armtools/bin/../lib/gcc/arm-atollic-eabi/6.3.1/../../../../arm-atollic-eabi/lib/armv7e-m/fpu\libm.a
END GROUP
START GROUP
LOAD c:/program files (x86)/atollic/truestudio for stm32 9.3.0/armtools/bin/../lib/gcc/arm-atollic-eabi/6.3.1/armv7e-m/fpu\libgcc.a
LOAD c:/program files (x86)/atollic/truestudio for stm32 9.3.0/armtools/bin/../lib/gcc/arm-atollic-eabi/6.3.1/../../../../arm-atollic-eabi/lib/armv7e-m/fpu\libc_nano.a
END GROUP
START GROUP
LOAD c:/program files (x86)/atollic/truestudio for stm32 9.3.0/armtools/bin/../lib/gcc/arm-atollic-eabi/6.3.1/armv7e-m/fpu\libgcc.a
LOAD c:/program files (x86)/atollic/truestudio for stm32 9.3.0/armtools/bin/../lib/gcc/arm-atollic-eabi/6.3.1/../../../../arm-atollic-eabi/lib/armv7e-m/fpu\libc_nano.a
LOAD c:/program files (x86)/atollic/truestudio for stm32 9.3.0/armtools/bin/../lib/gcc/arm-atollic-eabi/6.3.1/../../../../arm-atollic-eabi/lib/armv7e-m/fpu\libnosys.a
END GROUP
START GROUP
LOAD c:/program files (x86)/atollic/truestudio for stm32 9.3.0/armtools/bin/../lib/gcc/arm-atollic-eabi/6.3.1/armv7e-m/fpu\libgcc.a
LOAD c:/program files (x86)/atollic/truestudio for stm32 9.3.0/armtools/bin/../lib/gcc/arm-atollic-eabi/6.3.1/../../../../arm-atollic-eabi/lib/armv7e-m/fpu\libc_nano.a
LOAD c:/program files (x86)/atollic/truestudio for stm32 9.3.0/armtools/bin/../lib/gcc/arm-atollic-eabi/6.3.1/../../../../arm-atollic-eabi/lib/armv7e-m/fpu\libnosys.a
END GROUP
LOAD c:/program files (x86)/atollic/truestudio for stm32 9.3.0/armtools/bin/../lib/gcc/arm-atollic-eabi/6.3.1/armv7e-m/fpu/crtend.o
LOAD c:/program files (x86)/atollic/truestudio for stm32 9.3.0/armtools/bin/../lib/gcc/arm-atollic-eabi/6.3.1/armv7e-m/fpu/crtn.o
                0x20010000                _estack = 0x20010000
                0x00000200                _Min_Heap_Size = 0x200
                0x00000400                _Min_Stack_Size = 0x400

.isr_vector     0x08000000      0x18c
                0x08000000                . = ALIGN (0x4)
 *(.isr_vector)
 .isr_vector    0x08000000      0x18c startup\startup_stm32l431xx.o
                0x08000000                g_pfnVectors
                0x0800018c                . = ALIGN (0x4)

.text           0x08000190    0x1166c
                0x08000190                . = ALIGN (0x4)
 *(.text)
 .text          0x08000190       0x40 c:/program files (x86)/atollic/truestudio for stm32 9.3.0/armtools/bin/../lib/gcc/arm-atollic-eabi/6.3.1/armv7e-m/fpu/crtbegin.o
 .text          0x080001d0       0xe4 E:\RC\Drivers\lib\libacconeer.a(acc_alg_biquad_q3_12_armv7e-m.o)
                0x080001d0                acc_alg_biquad_q3_12_complex_direct_form_1_filtfilt
                0x080001da                acc_alg_biquad_q3_12_complex_direct_form_1_reverse
                0x080001e2                acc_alg_biquad_q3_12_complex_direct_form_1
                0x08000252                acc_alg_biquad_q3_12_direct_form_1_filtfilt
                0x0800025c                acc_alg_biquad_q3_12_direct_form_1_reverse
                0x08000264                acc_alg_biquad_q3_12_direct_form_1
 *fill*         0x080002b4        0xc 
 .text          0x080002c0       0xa0 c:/program files (x86)/atollic/truestudio for stm32 9.3.0/armtools/bin/../lib/gcc/arm-atollic-eabi/6.3.1/../../../../arm-atollic-eabi/lib/armv7e-m/fpu\libc_nano.a(lib_a-memchr.o)
                0x080002c0                memchr
 .text          0x08000360      0x370 c:/program files (x86)/atollic/truestudio for stm32 9.3.0/armtools/bin/../lib/gcc/arm-atollic-eabi/6.3.1/armv7e-m/fpu\libgcc.a(_arm_addsubdf3.o)
                0x08000360                __aeabi_drsub
                0x08000368                __aeabi_dsub
                0x08000368                __subdf3
                0x0800036c                __aeabi_dadd
                0x0800036c                __adddf3
                0x080005e4                __floatunsidf
                0x080005e4                __aeabi_ui2d
                0x08000604                __floatsidf
                0x08000604                __aeabi_i2d
                0x08000628                __aeabi_f2d
                0x08000628                __extendsfdf2
                0x08000664                __floatundidf
                0x08000664                __aeabi_ul2d
                0x08000674                __floatdidf
                0x08000674                __aeabi_l2d
 .text          0x080006d0      0x424 c:/program files (x86)/atollic/truestudio for stm32 9.3.0/armtools/bin/../lib/gcc/arm-atollic-eabi/6.3.1/armv7e-m/fpu\libgcc.a(_arm_muldivdf3.o)
                0x080006d0                __aeabi_dmul
                0x080006d0                __muldf3
                0x08000924                __divdf3
                0x08000924                __aeabi_ddiv
 .text          0x08000af4       0xa0 c:/program files (x86)/atollic/truestudio for stm32 9.3.0/armtools/bin/../lib/gcc/arm-atollic-eabi/6.3.1/armv7e-m/fpu\libgcc.a(_arm_truncdfsf2.o)
                0x08000af4                __truncdfsf2
                0x08000af4                __aeabi_d2f
 .text          0x08000b94       0xa0 c:/program files (x86)/atollic/truestudio for stm32 9.3.0/armtools/bin/../lib/gcc/arm-atollic-eabi/6.3.1/armv7e-m/fpu\libgcc.a(_aeabi_ldivmod.o)
                0x08000b94                __aeabi_ldivmod
 .text          0x08000c34       0x30 c:/program files (x86)/atollic/truestudio for stm32 9.3.0/armtools/bin/../lib/gcc/arm-atollic-eabi/6.3.1/armv7e-m/fpu\libgcc.a(_aeabi_uldivmod.o)
                0x08000c34                __aeabi_uldivmod
 .text          0x08000c64      0x2dc c:/program files (x86)/atollic/truestudio for stm32 9.3.0/armtools/bin/../lib/gcc/arm-atollic-eabi/6.3.1/armv7e-m/fpu\libgcc.a(_udivmoddi4.o)
                0x08000c64                __udivmoddi4
 .text          0x08000f40        0x4 c:/program files (x86)/atollic/truestudio for stm32 9.3.0/armtools/bin/../lib/gcc/arm-atollic-eabi/6.3.1/armv7e-m/fpu\libgcc.a(_dvmd_tls.o)
                0x08000f40                __aeabi_idiv0
                0x08000f40                __aeabi_ldiv0
 *(.text*)
 .text.HAL_Init
                0x08000f44       0x30 Drivers\STM32L4xx_HAL_Driver\Src\stm32l4xx_hal.o
                0x08000f44                HAL_Init
 .text.HAL_InitTick
                0x08000f74       0x48 Drivers\STM32L4xx_HAL_Driver\Src\stm32l4xx_hal.o
                0x08000f74                HAL_InitTick
 .text.HAL_IncTick
                0x08000fbc       0x1c Drivers\STM32L4xx_HAL_Driver\Src\stm32l4xx_hal.o
                0x08000fbc                HAL_IncTick
 .text.HAL_GetTick
                0x08000fd8       0x18 Drivers\STM32L4xx_HAL_Driver\Src\stm32l4xx_hal.o
                0x08000fd8                HAL_GetTick
 .text.HAL_Delay
                0x08000ff0       0x3a Drivers\STM32L4xx_HAL_Driver\Src\stm32l4xx_hal.o
                0x08000ff0                HAL_Delay
 *fill*         0x0800102a        0x2 
 .text.NVIC_SetPriorityGrouping
                0x0800102c       0x48 Drivers\STM32L4xx_HAL_Driver\Src\stm32l4xx_hal_cortex.o
 .text.NVIC_GetPriorityGrouping
                0x08001074       0x1c Drivers\STM32L4xx_HAL_Driver\Src\stm32l4xx_hal_cortex.o
 .text.NVIC_EnableIRQ
                0x08001090       0x34 Drivers\STM32L4xx_HAL_Driver\Src\stm32l4xx_hal_cortex.o
 .text.NVIC_SetPriority
                0x080010c4       0x54 Drivers\STM32L4xx_HAL_Driver\Src\stm32l4xx_hal_cortex.o
 .text.NVIC_EncodePriority
                0x08001118       0x62 Drivers\STM32L4xx_HAL_Driver\Src\stm32l4xx_hal_cortex.o
 *fill*         0x0800117a        0x2 
 .text.SysTick_Config
                0x0800117c       0x44 Drivers\STM32L4xx_HAL_Driver\Src\stm32l4xx_hal_cortex.o
 .text.HAL_NVIC_SetPriorityGrouping
                0x080011c0       0x16 Drivers\STM32L4xx_HAL_Driver\Src\stm32l4xx_hal_cortex.o
                0x080011c0                HAL_NVIC_SetPriorityGrouping
 .text.HAL_NVIC_SetPriority
                0x080011d6       0x38 Drivers\STM32L4xx_HAL_Driver\Src\stm32l4xx_hal_cortex.o
                0x080011d6                HAL_NVIC_SetPriority
 .text.HAL_NVIC_EnableIRQ
                0x0800120e       0x1c Drivers\STM32L4xx_HAL_Driver\Src\stm32l4xx_hal_cortex.o
                0x0800120e                HAL_NVIC_EnableIRQ
 .text.HAL_SYSTICK_Config
                0x0800122a       0x18 Drivers\STM32L4xx_HAL_Driver\Src\stm32l4xx_hal_cortex.o
                0x0800122a                HAL_SYSTICK_Config
 .text.HAL_DMA_Abort_IT
                0x08001242       0x82 Drivers\STM32L4xx_HAL_Driver\Src\stm32l4xx_hal_dma.o
                0x08001242                HAL_DMA_Abort_IT
 .text.HAL_GPIO_Init
                0x080012c4      0x2f4 Drivers\STM32L4xx_HAL_Driver\Src\stm32l4xx_hal_gpio.o
                0x080012c4                HAL_GPIO_Init
 .text.HAL_GPIO_ReadPin
                0x080015b8       0x30 Drivers\STM32L4xx_HAL_Driver\Src\stm32l4xx_hal_gpio.o
                0x080015b8                HAL_GPIO_ReadPin
 .text.HAL_GPIO_WritePin
                0x080015e8       0x30 Drivers\STM32L4xx_HAL_Driver\Src\stm32l4xx_hal_gpio.o
                0x080015e8                HAL_GPIO_WritePin
 .text.HAL_PWREx_GetVoltageRange
                0x08001618       0x1c Drivers\STM32L4xx_HAL_Driver\Src\stm32l4xx_hal_pwr_ex.o
                0x08001618                HAL_PWREx_GetVoltageRange
 .text.HAL_PWREx_ControlVoltageScaling
                0x08001634       0xac Drivers\STM32L4xx_HAL_Driver\Src\stm32l4xx_hal_pwr_ex.o
                0x08001634                HAL_PWREx_ControlVoltageScaling
 .text.HAL_RCC_OscConfig
                0x080016e0      0x74c Drivers\STM32L4xx_HAL_Driver\Src\stm32l4xx_hal_rcc.o
                0x080016e0                HAL_RCC_OscConfig
 .text.HAL_RCC_ClockConfig
                0x08001e2c      0x1bc Drivers\STM32L4xx_HAL_Driver\Src\stm32l4xx_hal_rcc.o
                0x08001e2c                HAL_RCC_ClockConfig
 .text.HAL_RCC_GetSysClockFreq
                0x08001fe8      0x138 Drivers\STM32L4xx_HAL_Driver\Src\stm32l4xx_hal_rcc.o
                0x08001fe8                HAL_RCC_GetSysClockFreq
 .text.HAL_RCC_GetHCLKFreq
                0x08002120       0x18 Drivers\STM32L4xx_HAL_Driver\Src\stm32l4xx_hal_rcc.o
                0x08002120                HAL_RCC_GetHCLKFreq
 .text.HAL_RCC_GetPCLK1Freq
                0x08002138       0x2c Drivers\STM32L4xx_HAL_Driver\Src\stm32l4xx_hal_rcc.o
                0x08002138                HAL_RCC_GetPCLK1Freq
 .text.HAL_RCC_GetPCLK2Freq
                0x08002164       0x2c Drivers\STM32L4xx_HAL_Driver\Src\stm32l4xx_hal_rcc.o
                0x08002164                HAL_RCC_GetPCLK2Freq
 .text.RCC_SetFlashLatencyFromMSIRange
                0x08002190       0xc0 Drivers\STM32L4xx_HAL_Driver\Src\stm32l4xx_hal_rcc.o
 .text.HAL_RCCEx_PeriphCLKConfig
                0x08002250      0x42c Drivers\STM32L4xx_HAL_Driver\Src\stm32l4xx_hal_rcc_ex.o
                0x08002250                HAL_RCCEx_PeriphCLKConfig
 .text.RCCEx_PLLSAI1_Config
                0x0800267c      0x1e0 Drivers\STM32L4xx_HAL_Driver\Src\stm32l4xx_hal_rcc_ex.o
 .text.HAL_SPI_Init
                0x0800285c      0x110 Drivers\STM32L4xx_HAL_Driver\Src\stm32l4xx_hal_spi.o
                0x0800285c                HAL_SPI_Init
 .text.HAL_SPI_TransmitReceive
                0x0800296c      0x420 Drivers\STM32L4xx_HAL_Driver\Src\stm32l4xx_hal_spi.o
                0x0800296c                HAL_SPI_TransmitReceive
 .text.SPI_WaitFlagStateUntilTimeout
                0x08002d8c       0xd4 Drivers\STM32L4xx_HAL_Driver\Src\stm32l4xx_hal_spi.o
 .text.SPI_WaitFifoStateUntilTimeout
                0x08002e60       0xda Drivers\STM32L4xx_HAL_Driver\Src\stm32l4xx_hal_spi.o
 .text.SPI_EndRxTxTransaction
                0x08002f3a       0x8c Drivers\STM32L4xx_HAL_Driver\Src\stm32l4xx_hal_spi.o
 .text.HAL_UART_Init
                0x08002fc6       0xa2 Drivers\STM32L4xx_HAL_Driver\Src\stm32l4xx_hal_uart.o
                0x08002fc6                HAL_UART_Init
 .text.HAL_UART_Transmit
                0x08003068      0x11a Drivers\STM32L4xx_HAL_Driver\Src\stm32l4xx_hal_uart.o
                0x08003068                HAL_UART_Transmit
 .text.HAL_UART_Receive
                0x08003182      0x186 Drivers\STM32L4xx_HAL_Driver\Src\stm32l4xx_hal_uart.o
                0x08003182                HAL_UART_Receive
 .text.HAL_UART_Receive_IT
                0x08003308      0x140 Drivers\STM32L4xx_HAL_Driver\Src\stm32l4xx_hal_uart.o
                0x08003308                HAL_UART_Receive_IT
 .text.HAL_UART_IRQHandler
                0x08003448      0x25c Drivers\STM32L4xx_HAL_Driver\Src\stm32l4xx_hal_uart.o
                0x08003448                HAL_UART_IRQHandler
 .text.HAL_UART_TxCpltCallback
                0x080036a4       0x14 Drivers\STM32L4xx_HAL_Driver\Src\stm32l4xx_hal_uart.o
                0x080036a4                HAL_UART_TxCpltCallback
 .text.HAL_UART_ErrorCallback
                0x080036b8       0x14 Drivers\STM32L4xx_HAL_Driver\Src\stm32l4xx_hal_uart.o
                0x080036b8                HAL_UART_ErrorCallback
 .text.HAL_UART_GetState
                0x080036cc       0x3c Drivers\STM32L4xx_HAL_Driver\Src\stm32l4xx_hal_uart.o
                0x080036cc                HAL_UART_GetState
 .text.UART_SetConfig
                0x08003708      0x5d0 Drivers\STM32L4xx_HAL_Driver\Src\stm32l4xx_hal_uart.o
                0x08003708                UART_SetConfig
 .text.UART_AdvFeatureConfig
                0x08003cd8      0x144 Drivers\STM32L4xx_HAL_Driver\Src\stm32l4xx_hal_uart.o
                0x08003cd8                UART_AdvFeatureConfig
 .text.UART_CheckIdleState
                0x08003e1c       0x92 Drivers\STM32L4xx_HAL_Driver\Src\stm32l4xx_hal_uart.o
                0x08003e1c                UART_CheckIdleState
 .text.UART_WaitOnFlagUntilTimeout
                0x08003eae       0x94 Drivers\STM32L4xx_HAL_Driver\Src\stm32l4xx_hal_uart.o
                0x08003eae                UART_WaitOnFlagUntilTimeout
 .text.UART_EndRxTransfer
                0x08003f42       0x42 Drivers\STM32L4xx_HAL_Driver\Src\stm32l4xx_hal_uart.o
 .text.UART_DMAAbortOnError
                0x08003f84       0x2c Drivers\STM32L4xx_HAL_Driver\Src\stm32l4xx_hal_uart.o
 .text.UART_EndTransmit_IT
                0x08003fb0       0x34 Drivers\STM32L4xx_HAL_Driver\Src\stm32l4xx_hal_uart.o
 .text.UART_RxISR_8BIT
                0x08003fe4       0xa6 Drivers\STM32L4xx_HAL_Driver\Src\stm32l4xx_hal_uart.o
 .text.UART_RxISR_16BIT
                0x0800408a       0xaa Drivers\STM32L4xx_HAL_Driver\Src\stm32l4xx_hal_uart.o
 .text.HAL_UARTEx_WakeupCallback
                0x08004134       0x14 Drivers\STM32L4xx_HAL_Driver\Src\stm32l4xx_hal_uart_ex.o
                0x08004134                HAL_UARTEx_WakeupCallback
 .text.NVIC_SystemReset
                0x08004148       0x28 Src\A111_test.o
 .text.UART_send_data
                0x08004170       0x3c Src\A111_test.o
                0x08004170                UART_send_data
 .text.return_data_ch
                0x080041ac      0x130 Src\A111_test.o
                0x080041ac                return_data_ch
 .text.get_cmd  0x080042dc      0x264 Src\A111_test.o
                0x080042dc                get_cmd
 .text.acc_hal_integration_sleep_us
                0x08004540       0x24 Src\acc_hal_integration_single_thread_stm32cube_xc111_r4a.o
 .text.acc_hal_integration_sensor_transfer
                0x08004564       0x48 Src\acc_hal_integration_single_thread_stm32cube_xc111_r4a.o
 .text.acc_hal_integration_reset_sensor
                0x080045ac       0x24 Src\acc_hal_integration_single_thread_stm32cube_xc111_r4a.o
 .text.acc_hal_integration_all_sensors_inactive
                0x080045d0       0x20 Src\acc_hal_integration_single_thread_stm32cube_xc111_r4a.o
 .text.acc_hal_integration_sensor_power_on
                0x080045f0       0x6c Src\acc_hal_integration_single_thread_stm32cube_xc111_r4a.o
 .text.acc_hal_integration_sensor_power_off
                0x0800465c       0x38 Src\acc_hal_integration_single_thread_stm32cube_xc111_r4a.o
 .text.acc_hal_integration_is_sensor_interrupt_pin_active
                0x08004694       0x2c Src\acc_hal_integration_single_thread_stm32cube_xc111_r4a.o
 .text.acc_hal_integration_wait_for_sensor_interrupt
                0x080046c0       0xc0 Src\acc_hal_integration_single_thread_stm32cube_xc111_r4a.o
 .text.acc_hal_integration_get_reference_frequency
                0x08004780       0x1c Src\acc_hal_integration_single_thread_stm32cube_xc111_r4a.o
 .text.acc_hal_integration_get_current_time
                0x0800479c       0x24 Src\acc_hal_integration_single_thread_stm32cube_xc111_r4a.o
 .text.acc_hal_integration_log
                0x080047c0       0xc0 Src\acc_hal_integration_single_thread_stm32cube_xc111_r4a.o
 .text.acc_hal_integration_get_implementation
                0x08004880       0x34 Src\acc_hal_integration_single_thread_stm32cube_xc111_r4a.o
                0x08004880                acc_hal_integration_get_implementation
 .text.acc_board_init
                0x080048b4       0x10 Src\acc_legacy_hal_stubs.o
                0x080048b4                acc_board_init
 .text.acc_board_start_sensor
                0x080048c4       0x14 Src\acc_legacy_hal_stubs.o
                0x080048c4                acc_board_start_sensor
 .text.acc_board_stop_sensor
                0x080048d8       0x14 Src\acc_legacy_hal_stubs.o
                0x080048d8                acc_board_stop_sensor
 .text.acc_board_get_sensor_count
                0x080048ec       0x10 Src\acc_legacy_hal_stubs.o
                0x080048ec                acc_board_get_sensor_count
 .text.acc_board_get_ref_freq
                0x080048fc       0x18 Src\acc_legacy_hal_stubs.o
                0x080048fc                acc_board_get_ref_freq
 .text.acc_board_wait_for_sensor_interrupt
                0x08004914       0x18 Src\acc_legacy_hal_stubs.o
                0x08004914                acc_board_wait_for_sensor_interrupt
 .text.acc_board_sensor_transfer
                0x0800492c       0x18 Src\acc_legacy_hal_stubs.o
                0x0800492c                acc_board_sensor_transfer
 .text.acc_board_gpio_init
                0x08004944       0x10 Src\acc_legacy_hal_stubs.o
                0x08004944                acc_board_gpio_init
 .text.acc_device_spi_get_max_transfer_size
                0x08004954       0x12 Src\acc_legacy_hal_stubs.o
                0x08004954                acc_device_spi_get_max_transfer_size
 .text.acc_os_semaphore_create
                0x08004966       0x10 Src\acc_legacy_hal_stubs.o
                0x08004966                acc_os_semaphore_create
 .text.acc_os_mem_alloc_debug
                0x08004976       0x1c Src\acc_legacy_hal_stubs.o
                0x08004976                acc_os_mem_alloc_debug
 .text.acc_os_sleep_us
                0x08004992       0x14 Src\acc_legacy_hal_stubs.o
                0x08004992                acc_os_sleep_us
 .text.acc_os_mem_free
                0x080049a6       0x14 Src\acc_legacy_hal_stubs.o
                0x080049a6                acc_os_mem_free
 .text.acc_os_get_time
                0x080049ba       0x14 Src\acc_legacy_hal_stubs.o
                0x080049ba                acc_os_get_time
 .text.acc_os_mutex_create
                0x080049ce       0x10 Src\acc_legacy_hal_stubs.o
                0x080049ce                acc_os_mutex_create
 .text.acc_os_mutex_lock
                0x080049de       0x14 Src\acc_legacy_hal_stubs.o
                0x080049de                acc_os_mutex_lock
 .text.acc_os_mutex_unlock
                0x080049f2       0x14 Src\acc_legacy_hal_stubs.o
                0x080049f2                acc_os_mutex_unlock
 .text.acc_os_mutex_destroy
                0x08004a06       0x14 Src\acc_legacy_hal_stubs.o
                0x08004a06                acc_os_mutex_destroy
 .text.acc_os_thread_create
                0x08004a1a       0x1a Src\acc_legacy_hal_stubs.o
                0x08004a1a                acc_os_thread_create
 .text.acc_os_thread_exit
                0x08004a34        0xe Src\acc_legacy_hal_stubs.o
                0x08004a34                acc_os_thread_exit
 .text.acc_os_thread_cleanup
                0x08004a42       0x14 Src\acc_legacy_hal_stubs.o
                0x08004a42                acc_os_thread_cleanup
 .text.acc_os_semaphore_wait
                0x08004a56       0x1a Src\acc_legacy_hal_stubs.o
                0x08004a56                acc_os_semaphore_wait
 .text.acc_os_semaphore_signal
                0x08004a70       0x14 Src\acc_legacy_hal_stubs.o
                0x08004a70                acc_os_semaphore_signal
 .text.acc_os_semaphore_destroy
                0x08004a84       0x14 Src\acc_legacy_hal_stubs.o
                0x08004a84                acc_os_semaphore_destroy
 .text.acc_os_multithread_support
                0x08004a98       0x10 Src\acc_legacy_hal_stubs.o
                0x08004a98                acc_os_multithread_support
 .text.acc_example_power_bin_once
                0x08004aa8      0x2a0 Src\example_power_bin_once.o
                0x08004aa8                acc_example_power_bin_once
 .text.MX_GPIO_Init
                0x08004d48      0x14c Src\gpio.o
                0x08004d48                MX_GPIO_Init
 .text.main     0x08004e94       0x84 Src\main.o
                0x08004e94                main
 .text.SystemClock_Config
                0x08004f18       0xda Src\main.o
                0x08004f18                SystemClock_Config
 .text.Error_Handler
                0x08004ff2        0xe Src\main.o
                0x08004ff2                Error_Handler
 .text.MX_SPI2_Init
                0x08005000       0x7c Src\spi.o
                0x08005000                MX_SPI2_Init
 .text.HAL_SPI_MspInit
                0x0800507c       0x60 Src\spi.o
                0x0800507c                HAL_SPI_MspInit
 .text.HAL_MspInit
                0x080050dc       0x48 Src\stm32l4xx_hal_msp.o
                0x080050dc                HAL_MspInit
 .text.NMI_Handler
                0x08005124        0xe Src\stm32l4xx_it.o
                0x08005124                NMI_Handler
 .text.HardFault_Handler
                0x08005132        0xe Src\stm32l4xx_it.o
                0x08005132                HardFault_Handler
 .text.MemManage_Handler
                0x08005140        0x6 Src\stm32l4xx_it.o
                0x08005140                MemManage_Handler
 .text.BusFault_Handler
                0x08005146        0x6 Src\stm32l4xx_it.o
                0x08005146                BusFault_Handler
 .text.UsageFault_Handler
                0x0800514c        0x6 Src\stm32l4xx_it.o
                0x0800514c                UsageFault_Handler
 .text.SVC_Handler
                0x08005152        0xe Src\stm32l4xx_it.o
                0x08005152                SVC_Handler
 .text.DebugMon_Handler
                0x08005160        0xe Src\stm32l4xx_it.o
                0x08005160                DebugMon_Handler
 .text.PendSV_Handler
                0x0800516e        0xe Src\stm32l4xx_it.o
                0x0800516e                PendSV_Handler
 .text.SysTick_Handler
                0x0800517c        0xc Src\stm32l4xx_it.o
                0x0800517c                SysTick_Handler
 .text.SystemInit
                0x08005188       0x6c Src\system_stm32l4xx.o
                0x08005188                SystemInit
 .text.MX_USART1_UART_Init
                0x080051f4       0x60 Src\usart.o
                0x080051f4                MX_USART1_UART_Init
 .text.MX_USART3_UART_Init
                0x08005254       0x60 Src\usart.o
                0x08005254                MX_USART3_UART_Init
 .text.HAL_UART_MspInit
                0x080052b4       0xfc Src\usart.o
                0x080052b4                HAL_UART_MspInit
 .text.__io_putchar
                0x080053b0       0x24 Src\usart.o
                0x080053b0                __io_putchar
 .text._write   0x080053d4       0x38 Src\usart.o
                0x080053d4                _write
 .text.HAL_UART_RxCpltCallback
                0x0800540c       0xa0 Src\usart.o
                0x0800540c                HAL_UART_RxCpltCallback
 .text.USART1_IRQHandler
                0x080054ac       0x74 Src\usart.o
                0x080054ac                USART1_IRQHandler
 .text.USART3_IRQHandler
                0x08005520       0x24 Src\usart.o
                0x08005520                USART3_IRQHandler
 .text.Reset_Handler
                0x08005544       0x50 startup\startup_stm32l431xx.o
                0x08005544                Reset_Handler
 .text.Default_Handler
                0x08005594        0x2 startup\startup_stm32l431xx.o
                0x08005594                RTC_Alarm_IRQHandler
                0x08005594                EXTI2_IRQHandler
                0x08005594                TIM1_CC_IRQHandler
                0x08005594                TSC_IRQHandler
                0x08005594                TAMP_STAMP_IRQHandler
                0x08005594                EXTI3_IRQHandler
                0x08005594                LPTIM2_IRQHandler
                0x08005594                I2C3_ER_IRQHandler
                0x08005594                EXTI0_IRQHandler
                0x08005594                I2C2_EV_IRQHandler
                0x08005594                CAN1_RX0_IRQHandler
                0x08005594                FPU_IRQHandler
                0x08005594                TIM1_UP_TIM16_IRQHandler
                0x08005594                SPI1_IRQHandler
                0x08005594                TIM6_DAC_IRQHandler
                0x08005594                DMA2_Channel2_IRQHandler
                0x08005594                DMA1_Channel4_IRQHandler
                0x08005594                ADC1_IRQHandler
                0x08005594                DMA1_Channel7_IRQHandler
                0x08005594                CAN1_RX1_IRQHandler
                0x08005594                DMA2_Channel1_IRQHandler
                0x08005594                QUADSPI_IRQHandler
                0x08005594                I2C1_EV_IRQHandler
                0x08005594                DMA1_Channel6_IRQHandler
                0x08005594                DMA2_Channel4_IRQHandler
                0x08005594                RCC_IRQHandler
                0x08005594                TIM1_TRG_COM_IRQHandler
                0x08005594                DMA1_Channel1_IRQHandler
                0x08005594                Default_Handler
                0x08005594                DMA2_Channel7_IRQHandler
                0x08005594                EXTI15_10_IRQHandler
                0x08005594                TIM7_IRQHandler
                0x08005594                SDMMC1_IRQHandler
                0x08005594                I2C3_EV_IRQHandler
                0x08005594                EXTI9_5_IRQHandler
                0x08005594                RTC_WKUP_IRQHandler
                0x08005594                PVD_PVM_IRQHandler
                0x08005594                SPI2_IRQHandler
                0x08005594                CAN1_TX_IRQHandler
                0x08005594                DMA2_Channel5_IRQHandler
                0x08005594                CRS_IRQHandler
                0x08005594                DMA1_Channel5_IRQHandler
                0x08005594                EXTI4_IRQHandler
                0x08005594                RNG_IRQHandler
                0x08005594                DMA1_Channel3_IRQHandler
                0x08005594                COMP_IRQHandler
                0x08005594                WWDG_IRQHandler
                0x08005594                LPUART1_IRQHandler
                0x08005594                DMA2_Channel6_IRQHandler
                0x08005594                TIM2_IRQHandler
                0x08005594                EXTI1_IRQHandler
                0x08005594                USART2_IRQHandler
                0x08005594                I2C2_ER_IRQHandler
                0x08005594                DMA1_Channel2_IRQHandler
                0x08005594                CAN1_SCE_IRQHandler
                0x08005594                FLASH_IRQHandler
                0x08005594                SPI3_IRQHandler
                0x08005594                I2C1_ER_IRQHandler
                0x08005594                SWPMI1_IRQHandler
                0x08005594                LPTIM1_IRQHandler
                0x08005594                SAI1_IRQHandler
                0x08005594                DMA2_Channel3_IRQHandler
                0x08005594                TIM1_BRK_TIM15_IRQHandler
 *fill*         0x08005596        0x2 
 .text.acc_rss_activate_with_hal
                0x08005598       0xb8 E:\RC\Drivers\lib\libacc_service.a(acc_rss.o)
                0x08005598                acc_rss_activate_with_hal
 .text.acc_rss_deactivate
                0x08005650       0x38 E:\RC\Drivers\lib\libacc_service.a(acc_rss.o)
                0x08005650                acc_rss_deactivate
 .text.acc_service_get_sweep_configuration
                0x08005688       0x20 E:\RC\Drivers\lib\libacc_service.a(acc_service.o)
                0x08005688                acc_service_get_sweep_configuration
 .text.acc_service_activate
                0x080056a8       0x64 E:\RC\Drivers\lib\libacc_service.a(acc_service.o)
                0x080056a8                acc_service_activate
 .text.acc_service_deactivate
                0x0800570c       0x60 E:\RC\Drivers\lib\libacc_service.a(acc_service.o)
                0x0800570c                acc_service_deactivate
 .text.acc_service_initialize_service_configuration
                0x0800576c       0x1c E:\RC\Drivers\lib\libacc_service.a(acc_service.o)
                0x0800576c                acc_service_initialize_service_configuration
 .text.acc_service_in_blocking_mode
                0x08005788        0xc E:\RC\Drivers\lib\libacc_service.a(acc_service.o)
                0x08005788                acc_service_in_blocking_mode
 .text.acc_service_create_sweep_session
                0x08005794       0x1c E:\RC\Drivers\lib\libacc_service.a(acc_service.o)
                0x08005794                acc_service_create_sweep_session
 .text.acc_service_get_configuration_output
                0x080057b0        0x8 E:\RC\Drivers\lib\libacc_service.a(acc_service.o)
                0x080057b0                acc_service_get_configuration_output
 .text.acc_service_destroy_sweep_session
                0x080057b8        0xc E:\RC\Drivers\lib\libacc_service.a(acc_service.o)
                0x080057b8                acc_service_destroy_sweep_session
 .text.acc_service_lock_service
                0x080057c4       0x18 E:\RC\Drivers\lib\libacc_service.a(acc_service.o)
                0x080057c4                acc_service_lock_service
 .text.acc_service_unlock_service
                0x080057dc       0x18 E:\RC\Drivers\lib\libacc_service.a(acc_service.o)
                0x080057dc                acc_service_unlock_service
 .text.acc_service_get_next
                0x080057f4      0x198 E:\RC\Drivers\lib\libacc_service.a(acc_service.o)
                0x080057f4                acc_service_get_next
 .text.acc_service_send_data
                0x0800598c       0x7c E:\RC\Drivers\lib\libacc_service.a(acc_service.o)
                0x0800598c                acc_service_send_data
 .text.acc_service_set_module_active
                0x08005a08        0xc E:\RC\Drivers\lib\libacc_service.a(acc_service.o)
                0x08005a08                acc_service_set_module_active
 .text.acc_service_handle_valid
                0x08005a14       0x2c E:\RC\Drivers\lib\libacc_service.a(acc_service.o)
                0x08005a14                acc_service_handle_valid
 .text.acc_service_configuration_valid
                0x08005a40       0x2c E:\RC\Drivers\lib\libacc_service.a(acc_service.o)
                0x08005a40                acc_service_configuration_valid
 .text.sweep_session_user_callback
                0x08005a6c       0x24 E:\RC\Drivers\lib\libacc_service.a(acc_service_envelope.o)
 .text.sweep_session_send_data
                0x08005a90       0x2c E:\RC\Drivers\lib\libacc_service.a(acc_service_envelope.o)
 .text.acc_service_envelope_create
                0x08005abc       0x5c E:\RC\Drivers\lib\libacc_service.a(acc_service_envelope.o)
                0x08005abc                acc_service_envelope_create
 .text.acc_service_envelope_destroy
                0x08005b18        0x4 E:\RC\Drivers\lib\libacc_service.a(acc_service_envelope.o)
                0x08005b18                acc_service_envelope_destroy
 .text.acc_service_manager_activate
                0x08005b1c       0x2c E:\RC\Drivers\lib\libacc_service.a(acc_service_manager.o)
                0x08005b1c                acc_service_manager_activate
 .text.acc_service_manager_deactivate
                0x08005b48       0x18 E:\RC\Drivers\lib\libacc_service.a(acc_service_manager.o)
                0x08005b48                acc_service_manager_deactivate
 .text.acc_service_create
                0x08005b60       0x34 E:\RC\Drivers\lib\libacc_service.a(acc_service_manager.o)
                0x08005b60                acc_service_create
 .text.acc_service_destroy
                0x08005b94       0x48 E:\RC\Drivers\lib\libacc_service.a(acc_service_manager.o)
                0x08005b94                acc_service_destroy
 .text.sweep_session_user_callback
                0x08005bdc       0x24 E:\RC\Drivers\lib\libacc_service.a(acc_service_power_bins.o)
 .text.sweep_session_send_data
                0x08005c00       0x2c E:\RC\Drivers\lib\libacc_service.a(acc_service_power_bins.o)
 .text.get_power_bins_configuration
                0x08005c2c       0x34 E:\RC\Drivers\lib\libacc_service.a(acc_service_power_bins.o)
 .text.acc_service_power_bins_configuration_create
                0x08005c60      0x110 E:\RC\Drivers\lib\libacc_service.a(acc_service_power_bins.o)
                0x08005c60                acc_service_power_bins_configuration_create
 .text.acc_service_power_bins_configuration_destroy
                0x08005d70       0x18 E:\RC\Drivers\lib\libacc_service.a(acc_service_power_bins.o)
                0x08005d70                acc_service_power_bins_configuration_destroy
 .text.acc_service_power_bins_requested_bin_count_set
                0x08005d88       0x10 E:\RC\Drivers\lib\libacc_service.a(acc_service_power_bins.o)
                0x08005d88                acc_service_power_bins_requested_bin_count_set
 .text.acc_service_power_bins_get_metadata
                0x08005d98       0x10 E:\RC\Drivers\lib\libacc_service.a(acc_service_power_bins.o)
                0x08005d98                acc_service_power_bins_get_metadata
 .text.acc_service_power_bins_execute_once
                0x08005da8       0x30 E:\RC\Drivers\lib\libacc_service.a(acc_service_power_bins.o)
                0x08005da8                acc_service_power_bins_execute_once
 .text.acc_service_power_bins_create
                0x08005dd8       0x5c E:\RC\Drivers\lib\libacc_service.a(acc_service_power_bins.o)
                0x08005dd8                acc_service_power_bins_create
 .text.acc_service_power_bins_destroy
                0x08005e34        0x4 E:\RC\Drivers\lib\libacc_service.a(acc_service_power_bins.o)
                0x08005e34                acc_service_power_bins_destroy
 .text.sweep_session_user_callback
                0x08005e38       0x24 E:\RC\Drivers\lib\libacc_service.a(acc_service_sparse.o)
 .text.sweep_session_send_data
                0x08005e5c       0x2c E:\RC\Drivers\lib\libacc_service.a(acc_service_sparse.o)
 .text.acc_service_sparse_create
                0x08005e88       0x54 E:\RC\Drivers\lib\libacc_service.a(acc_service_sparse.o)
                0x08005e88                acc_service_sparse_create
 .text.acc_service_sparse_destroy
                0x08005edc        0x4 E:\RC\Drivers\lib\libacc_service.a(acc_service_sparse.o)
                0x08005edc                acc_service_sparse_destroy
 .text.initialize_handle
                0x08005ee0       0x38 E:\RC\Drivers\lib\libacc_service.a(acc_service_factory.o)
 .text.register_handle
                0x08005f18       0xd8 E:\RC\Drivers\lib\libacc_service.a(acc_service_factory.o)
 .text.service_data_timeout_get
                0x08005ff0       0x48 E:\RC\Drivers\lib\libacc_service.a(acc_service_factory.o)
 .text.acc_service_factory_activate
                0x08006038       0x38 E:\RC\Drivers\lib\libacc_service.a(acc_service_factory.o)
                0x08006038                acc_service_factory_activate
 .text.acc_service_factory_destroy_service
                0x08006070       0xd0 E:\RC\Drivers\lib\libacc_service.a(acc_service_factory.o)
                0x08006070                acc_service_factory_destroy_service
 .text.acc_service_factory_deactivate
                0x08006140       0x4c E:\RC\Drivers\lib\libacc_service.a(acc_service_factory.o)
                0x08006140                acc_service_factory_deactivate
 .text.acc_service_factory_create_service
                0x0800618c      0x1f0 E:\RC\Drivers\lib\libacc_service.a(acc_service_factory.o)
                0x0800618c                acc_service_factory_create_service
 .text.sweep_session_user_float_callback
                0x0800637c       0x28 E:\RC\Drivers\lib\libacc_service.a(acc_service_iq.o)
 .text.sweep_session_user_int16_callback
                0x080063a4       0x28 E:\RC\Drivers\lib\libacc_service.a(acc_service_iq.o)
 .text.sweep_session_send_data
                0x080063cc       0x30 E:\RC\Drivers\lib\libacc_service.a(acc_service_iq.o)
 .text.acc_service_iq_create
                0x080063fc       0x6c E:\RC\Drivers\lib\libacc_service.a(acc_service_iq.o)
                0x080063fc                acc_service_iq_create
 .text.acc_service_iq_destroy
                0x08006468        0x4 E:\RC\Drivers\lib\libacc_service.a(acc_service_iq.o)
                0x08006468                acc_service_iq_destroy
 .text.calibrate_sensor
                0x0800646c       0xa4 E:\RC\Drivers\lib\libacconeer_sensor.a(acc_sensor_manager.o)
 .text.acc_sensor_manager_activate
                0x08006510       0x98 E:\RC\Drivers\lib\libacconeer_sensor.a(acc_sensor_manager.o)
                0x08006510                acc_sensor_manager_activate
 .text.acc_sensor_manager_deactivate
                0x080065a8       0x28 E:\RC\Drivers\lib\libacconeer_sensor.a(acc_sensor_manager.o)
                0x080065a8                acc_sensor_manager_deactivate
 .text.acc_sensor_manager_start_sensor
                0x080065d0        0x4 E:\RC\Drivers\lib\libacconeer_sensor.a(acc_sensor_manager.o)
                0x080065d0                acc_sensor_manager_start_sensor
 .text.acc_sensor_manager_stop_sensor
                0x080065d4        0x4 E:\RC\Drivers\lib\libacconeer_sensor.a(acc_sensor_manager.o)
                0x080065d4                acc_sensor_manager_stop_sensor
 .text.acc_sensor_manager_prepare_measurement
                0x080065d8       0xfc E:\RC\Drivers\lib\libacconeer_sensor.a(acc_sensor_manager.o)
                0x080065d8                acc_sensor_manager_prepare_measurement
 .text.acc_sensor_manager_start_measurement
                0x080066d4       0x3c E:\RC\Drivers\lib\libacconeer_sensor.a(acc_sensor_manager.o)
                0x080066d4                acc_sensor_manager_start_measurement
 .text.acc_sensor_manager_stop_measurement
                0x08006710       0x64 E:\RC\Drivers\lib\libacconeer_sensor.a(acc_sensor_manager.o)
                0x08006710                acc_sensor_manager_stop_measurement
 .text.acc_sensor_manager_wait_for_adc_output
                0x08006774      0x170 E:\RC\Drivers\lib\libacconeer_sensor.a(acc_sensor_manager.o)
                0x08006774                acc_sensor_manager_wait_for_adc_output
 .text.acc_sensor_manager_release_measurement
                0x080068e4       0x24 E:\RC\Drivers\lib\libacconeer_sensor.a(acc_sensor_manager.o)
                0x080068e4                acc_sensor_manager_release_measurement
 .text.acc_sensor_manager_get_configuration_output
                0x08006908       0x18 E:\RC\Drivers\lib\libacconeer_sensor.a(acc_sensor_manager.o)
                0x08006908                acc_sensor_manager_get_configuration_output
 .text.acc_sensor_protocol_get_indication_header.part.0
                0x08006920       0xbc E:\RC\Drivers\lib\libacconeer_sensor.a(acc_sensor_protocol.o)
 .text.acc_sensor_protocol_get_asic_id
                0x080069dc       0x1c E:\RC\Drivers\lib\libacconeer_sensor.a(acc_sensor_protocol.o)
                0x080069dc                acc_sensor_protocol_get_asic_id
 .text.acc_sensor_protocol_is_sensor_running
                0x080069f8       0x20 E:\RC\Drivers\lib\libacconeer_sensor.a(acc_sensor_protocol.o)
                0x080069f8                acc_sensor_protocol_is_sensor_running
 .text.acc_sensor_protocol_get_communication_buffer
                0x08006a18        0x4 E:\RC\Drivers\lib\libacconeer_sensor.a(acc_sensor_protocol.o)
                0x08006a18                acc_sensor_protocol_get_communication_buffer
 .text.acc_sensor_protocol_clear_resources
                0x08006a1c        0x8 E:\RC\Drivers\lib\libacconeer_sensor.a(acc_sensor_protocol.o)
                0x08006a1c                acc_sensor_protocol_clear_resources
 .text.acc_sensor_protocol_run_program
                0x08006a24       0x7c E:\RC\Drivers\lib\libacconeer_sensor.a(acc_sensor_protocol.o)
                0x08006a24                acc_sensor_protocol_run_program
 .text.acc_sensor_protocol_get_indication_payload
                0x08006aa0       0xfc E:\RC\Drivers\lib\libacconeer_sensor.a(acc_sensor_protocol.o)
                0x08006aa0                acc_sensor_protocol_get_indication_payload
 .text.acc_sensor_protocol_terminate_program
                0x08006b9c       0x4c E:\RC\Drivers\lib\libacconeer_sensor.a(acc_sensor_protocol.o)
                0x08006b9c                acc_sensor_protocol_terminate_program
 .text.acc_sensor_protocol_get_error_message
                0x08006be8       0x1c E:\RC\Drivers\lib\libacconeer_sensor.a(acc_sensor_protocol.o)
                0x08006be8                acc_sensor_protocol_get_error_message
 .text.acc_sensor_health_check
                0x08006c04       0x9c E:\RC\Drivers\lib\libacconeer_sensor.a(acc_sensor_protocol.o)
                0x08006c04                acc_sensor_health_check
 .text.acc_sensor_protocol_diagnostics
                0x08006ca0      0x4c8 E:\RC\Drivers\lib\libacconeer_sensor.a(acc_sensor_protocol.o)
                0x08006ca0                acc_sensor_protocol_diagnostics
 .text.acc_sensor_protocol_load_program
                0x08007168       0xd4 E:\RC\Drivers\lib\libacconeer_sensor.a(acc_sensor_protocol.o)
                0x08007168                acc_sensor_protocol_load_program
 .text.acc_sensor_protocol_try_get_indication
                0x0800723c       0xb0 E:\RC\Drivers\lib\libacconeer_sensor.a(acc_sensor_protocol.o)
                0x0800723c                acc_sensor_protocol_try_get_indication
 .text.acc_sensor_protocol_respond_to_indication
                0x080072ec       0x40 E:\RC\Drivers\lib\libacconeer_sensor.a(acc_sensor_protocol.o)
                0x080072ec                acc_sensor_protocol_respond_to_indication
 .text.acc_sensor_protocol_low_power_stop
                0x0800732c       0xdc E:\RC\Drivers\lib\libacconeer_sensor.a(acc_sensor_protocol.o)
                0x0800732c                acc_sensor_protocol_low_power_stop
 .text.acc_sensor_protocol_stop
                0x08007408       0xf4 E:\RC\Drivers\lib\libacconeer_sensor.a(acc_sensor_protocol.o)
                0x08007408                acc_sensor_protocol_stop
 .text.acc_sweep_manager_activate
                0x080074fc       0x4c E:\RC\Drivers\lib\libacconeer_sensor.a(acc_sweep_manager.o)
                0x080074fc                acc_sweep_manager_activate
 .text.acc_sweep_manager_deactivate
                0x08007548       0x20 E:\RC\Drivers\lib\libacconeer_sensor.a(acc_sweep_manager.o)
                0x08007548                acc_sweep_manager_deactivate
 .text.acc_sweep_manager_prepare
                0x08007568       0xc8 E:\RC\Drivers\lib\libacconeer_sensor.a(acc_sweep_manager.o)
                0x08007568                acc_sweep_manager_prepare
 .text.acc_sweep_manager_release
                0x08007630       0x18 E:\RC\Drivers\lib\libacconeer_sensor.a(acc_sweep_manager.o)
                0x08007630                acc_sweep_manager_release
 .text.acc_sweep_manager_get_metadata
                0x08007648        0x4 E:\RC\Drivers\lib\libacconeer_sensor.a(acc_sweep_manager.o)
                0x08007648                acc_sweep_manager_get_metadata
 .text.acc_sweep_manager_get_data_reference
                0x0800764c        0x4 E:\RC\Drivers\lib\libacconeer_sensor.a(acc_sweep_manager.o)
                0x0800764c                acc_sweep_manager_get_data_reference
 .text.acc_sweep_manager_calibrate
                0x08007650        0x8 E:\RC\Drivers\lib\libacconeer_sensor.a(acc_sweep_manager.o)
                0x08007650                acc_sweep_manager_calibrate
 .text.acc_sweep_manager_get_configuration_output
                0x08007658       0x18 E:\RC\Drivers\lib\libacconeer_sensor.a(acc_sweep_manager.o)
                0x08007658                acc_sweep_manager_get_configuration_output
 .text.acc_sweep_manager_start
                0x08007670       0x28 E:\RC\Drivers\lib\libacconeer_sensor.a(acc_sweep_manager.o)
                0x08007670                acc_sweep_manager_start
 .text.acc_sweep_manager_wait_for_data
                0x08007698       0xcc E:\RC\Drivers\lib\libacconeer_sensor.a(acc_sweep_manager.o)
                0x08007698                acc_sweep_manager_wait_for_data
 .text.acc_sweep_manager_transfer_data
                0x08007764       0x30 E:\RC\Drivers\lib\libacconeer_sensor.a(acc_sweep_manager.o)
                0x08007764                acc_sweep_manager_transfer_data
 .text.acc_sweep_manager_update_data
                0x08007794       0x14 E:\RC\Drivers\lib\libacconeer_sensor.a(acc_sweep_manager.o)
                0x08007794                acc_sweep_manager_update_data
 .text.acc_sweep_manager_stop
                0x080077a8       0x20 E:\RC\Drivers\lib\libacconeer_sensor.a(acc_sweep_manager.o)
                0x080077a8                acc_sweep_manager_stop
 .text.internal_reg_read
                0x080077c8       0x30 E:\RC\Drivers\lib\libacconeer_sensor.a(acc_sensor.o)
 .text.internal_buffer_processed_read
                0x080077f8       0xc4 E:\RC\Drivers\lib\libacconeer_sensor.a(acc_sensor.o)
 .text.acc_sensor_activate
                0x080078bc       0x90 E:\RC\Drivers\lib\libacconeer_sensor.a(acc_sensor.o)
                0x080078bc                acc_sensor_activate
 .text.acc_sensor_deactivate
                0x0800794c       0x38 E:\RC\Drivers\lib\libacconeer_sensor.a(acc_sensor.o)
                0x0800794c                acc_sensor_deactivate
 .text.acc_sensor_reg_read
                0x08007984        0x4 E:\RC\Drivers\lib\libacconeer_sensor.a(acc_sensor.o)
                0x08007984                acc_sensor_reg_read
 .text.acc_sensor_reg_write
                0x08007988       0x20 E:\RC\Drivers\lib\libacconeer_sensor.a(acc_sensor.o)
                0x08007988                acc_sensor_reg_write
 .text.acc_sensor_reg_field_write
                0x080079a8       0x4c E:\RC\Drivers\lib\libacconeer_sensor.a(acc_sensor.o)
                0x080079a8                acc_sensor_reg_field_write
 .text.acc_sensor_conf_read
                0x080079f4       0x88 E:\RC\Drivers\lib\libacconeer_sensor.a(acc_sensor.o)
                0x080079f4                acc_sensor_conf_read
 .text.acc_sensor_conf_write_32bit
                0x08007a7c       0xa0 E:\RC\Drivers\lib\libacconeer_sensor.a(acc_sensor.o)
                0x08007a7c                acc_sensor_conf_write_32bit
 .text.acc_sensor_conf_write_8bit
                0x08007b1c       0x7c E:\RC\Drivers\lib\libacconeer_sensor.a(acc_sensor.o)
                0x08007b1c                acc_sensor_conf_write_8bit
 .text.acc_sensor_buffer_processed_read
                0x08007b98       0x10 E:\RC\Drivers\lib\libacconeer_sensor.a(acc_sensor.o)
                0x08007b98                acc_sensor_buffer_processed_read
 .text.acc_sensor_get_communication_buffer
                0x08007ba8       0x20 E:\RC\Drivers\lib\libacconeer_sensor.a(acc_sensor.o)
                0x08007ba8                acc_sensor_get_communication_buffer
 .text.acc_alg_basic_math_q3_12_complex_mul
                0x08007bc8       0x50 E:\RC\Drivers\lib\libacconeer.a(acc_alg_basic_math.o)
                0x08007bc8                acc_alg_basic_math_q3_12_complex_mul
 .text.acc_alg_basic_math_q3_12_complex_scalar_abs
                0x08007c18       0x68 E:\RC\Drivers\lib\libacconeer.a(acc_alg_basic_math.o)
                0x08007c18                acc_alg_basic_math_q3_12_complex_scalar_abs
 .text.acc_alg_basic_math_q3_12_complex_conj_normalize
                0x08007c80       0xb4 E:\RC\Drivers\lib\libacconeer.a(acc_alg_basic_math.o)
                0x08007c80                acc_alg_basic_math_q3_12_complex_conj_normalize
 .text.acc_alg_basic_math_q3_12_sin
                0x08007d34       0x28 E:\RC\Drivers\lib\libacconeer.a(acc_alg_basic_math.o)
                0x08007d34                acc_alg_basic_math_q3_12_sin
 .text.acc_alg_basic_math_q3_12_cos
                0x08007d5c       0x2c E:\RC\Drivers\lib\libacconeer.a(acc_alg_basic_math.o)
                0x08007d5c                acc_alg_basic_math_q3_12_cos
 .text.acc_alg_biquad_q3_12_lowpass_coeffs
                0x08007d88      0x324 E:\RC\Drivers\lib\libacconeer.a(acc_alg_biquad_q3_12_coeffs.o)
                0x08007d88                acc_alg_biquad_q3_12_lowpass_coeffs
 .text.acc_alg_iq_demodulation_q3_12
                0x080080ac       0xdc E:\RC\Drivers\lib\libacconeer.a(acc_alg_iq_demodulation.o)
                0x080080ac                acc_alg_iq_demodulation_q3_12
 .text.configuration_is_valid.part.0
                0x08008188       0x18 E:\RC\Drivers\lib\libacconeer.a(acc_sweep_configuration.o)
 .text.acc_sweep_configuration_sensor_get
                0x080081a0       0x14 E:\RC\Drivers\lib\libacconeer.a(acc_sweep_configuration.o)
                0x080081a0                acc_sweep_configuration_sensor_get
 .text.acc_sweep_configuration_sensor_set
                0x080081b4       0x1c E:\RC\Drivers\lib\libacconeer.a(acc_sweep_configuration.o)
                0x080081b4                acc_sweep_configuration_sensor_set
 .text.acc_sweep_configuration_requested_start_get
                0x080081d0       0x20 E:\RC\Drivers\lib\libacconeer.a(acc_sweep_configuration.o)
                0x080081d0                acc_sweep_configuration_requested_start_get
 .text.acc_sweep_configuration_requested_length_get
                0x080081f0       0x20 E:\RC\Drivers\lib\libacconeer.a(acc_sweep_configuration.o)
                0x080081f0                acc_sweep_configuration_requested_length_get
 .text.acc_sweep_configuration_requested_range_set
                0x08008210       0x30 E:\RC\Drivers\lib\libacconeer.a(acc_sweep_configuration.o)
                0x08008210                acc_sweep_configuration_requested_range_set
 .text.acc_sweep_configuration_repetition_mode_streaming_set
                0x08008240       0x28 E:\RC\Drivers\lib\libacconeer.a(acc_sweep_configuration.o)
                0x08008240                acc_sweep_configuration_repetition_mode_streaming_set
 .text.acc_sweep_configuration_power_save_mode_get
                0x08008268       0x14 E:\RC\Drivers\lib\libacconeer.a(acc_sweep_configuration.o)
                0x08008268                acc_sweep_configuration_power_save_mode_get
 .text.acc_sweep_configuration_power_save_mode_set
                0x0800827c       0x20 E:\RC\Drivers\lib\libacconeer.a(acc_sweep_configuration.o)
                0x0800827c                acc_sweep_configuration_power_save_mode_set
 .text.acc_sweep_configuration_tx_disable_get
                0x0800829c       0x18 E:\RC\Drivers\lib\libacconeer.a(acc_sweep_configuration.o)
                0x0800829c                acc_sweep_configuration_tx_disable_get
 .text.acc_sweep_configuration_tx_disable_set
                0x080082b4       0x20 E:\RC\Drivers\lib\libacconeer.a(acc_sweep_configuration.o)
                0x080082b4                acc_sweep_configuration_tx_disable_set
 .text.acc_sweep_configuration_decrease_tx_emission_get
                0x080082d4       0x18 E:\RC\Drivers\lib\libacconeer.a(acc_sweep_configuration.o)
                0x080082d4                acc_sweep_configuration_decrease_tx_emission_get
 .text.acc_sweep_configuration_decrease_tx_emission_set
                0x080082ec       0x20 E:\RC\Drivers\lib\libacconeer.a(acc_sweep_configuration.o)
                0x080082ec                acc_sweep_configuration_decrease_tx_emission_set
 .text.acc_sweep_configuration_use_experimental_afterburner_get
                0x0800830c       0x18 E:\RC\Drivers\lib\libacconeer.a(acc_sweep_configuration.o)
                0x0800830c                acc_sweep_configuration_use_experimental_afterburner_get
 .text.acc_sweep_configuration_use_experimental_afterburner_set
                0x08008324       0x20 E:\RC\Drivers\lib\libacconeer.a(acc_sweep_configuration.o)
                0x08008324                acc_sweep_configuration_use_experimental_afterburner_set
 .text.acc_sweep_configuration_radar_engine_creation_set
                0x08008344       0x1c E:\RC\Drivers\lib\libacconeer.a(acc_sweep_configuration.o)
                0x08008344                acc_sweep_configuration_radar_engine_creation_set
 .text.acc_sweep_configuration_pipeline_assembly_set
                0x08008360       0x1c E:\RC\Drivers\lib\libacconeer.a(acc_sweep_configuration.o)
                0x08008360                acc_sweep_configuration_pipeline_assembly_set
 .text.acc_sweep_configuration_point_start_get
                0x0800837c       0x14 E:\RC\Drivers\lib\libacconeer.a(acc_sweep_configuration.o)
                0x0800837c                acc_sweep_configuration_point_start_get
 .text.acc_sweep_configuration_point_length_get
                0x08008390       0x14 E:\RC\Drivers\lib\libacconeer.a(acc_sweep_configuration.o)
                0x08008390                acc_sweep_configuration_point_length_get
 .text.acc_sweep_configuration_repetition_mode_get
                0x080083a4       0x14 E:\RC\Drivers\lib\libacconeer.a(acc_sweep_configuration.o)
                0x080083a4                acc_sweep_configuration_repetition_mode_get
 .text.acc_sweep_configuration_update_rate_get
                0x080083b8       0x38 E:\RC\Drivers\lib\libacconeer.a(acc_sweep_configuration.o)
                0x080083b8                acc_sweep_configuration_update_rate_get
 .text.acc_sweep_configuration_point_average_get
                0x080083f0       0x14 E:\RC\Drivers\lib\libacconeer.a(acc_sweep_configuration.o)
                0x080083f0                acc_sweep_configuration_point_average_get
 .text.acc_sweep_configuration_point_average_set
                0x08008404       0x1c E:\RC\Drivers\lib\libacconeer.a(acc_sweep_configuration.o)
                0x08008404                acc_sweep_configuration_point_average_set
 .text.acc_sweep_configuration_sweep_average_get
                0x08008420       0x14 E:\RC\Drivers\lib\libacconeer.a(acc_sweep_configuration.o)
                0x08008420                acc_sweep_configuration_sweep_average_get
 .text.acc_sweep_configuration_sweep_average_set
                0x08008434       0x1c E:\RC\Drivers\lib\libacconeer.a(acc_sweep_configuration.o)
                0x08008434                acc_sweep_configuration_sweep_average_set
 .text.acc_sweep_configuration_gain_get
                0x08008450       0x14 E:\RC\Drivers\lib\libacconeer.a(acc_sweep_configuration.o)
                0x08008450                acc_sweep_configuration_gain_get
 .text.acc_sweep_configuration_gain_set
                0x08008464       0x1c E:\RC\Drivers\lib\libacconeer.a(acc_sweep_configuration.o)
                0x08008464                acc_sweep_configuration_gain_set
 .text.acc_sweep_configuration_integrator_get
                0x08008480       0x14 E:\RC\Drivers\lib\libacconeer.a(acc_sweep_configuration.o)
                0x08008480                acc_sweep_configuration_integrator_get
 .text.acc_sweep_configuration_integrator_set
                0x08008494       0x1c E:\RC\Drivers\lib\libacconeer.a(acc_sweep_configuration.o)
                0x08008494                acc_sweep_configuration_integrator_set
 .text.acc_sweep_configuration_wg_duration_get
                0x080084b0       0x14 E:\RC\Drivers\lib\libacconeer.a(acc_sweep_configuration.o)
                0x080084b0                acc_sweep_configuration_wg_duration_get
 .text.acc_sweep_configuration_wg_duration_set
                0x080084c4       0x1c E:\RC\Drivers\lib\libacconeer.a(acc_sweep_configuration.o)
                0x080084c4                acc_sweep_configuration_wg_duration_set
 .text.acc_sweep_configuration_integrator_ramp_up_get
                0x080084e0       0x14 E:\RC\Drivers\lib\libacconeer.a(acc_sweep_configuration.o)
                0x080084e0                acc_sweep_configuration_integrator_ramp_up_get
 .text.acc_sweep_configuration_integrator_ramp_up_set
                0x080084f4       0x1c E:\RC\Drivers\lib\libacconeer.a(acc_sweep_configuration.o)
                0x080084f4                acc_sweep_configuration_integrator_ramp_up_set
 .text.acc_sweep_configuration_any_range_allowed_get
                0x08008510       0x18 E:\RC\Drivers\lib\libacconeer.a(acc_sweep_configuration.o)
                0x08008510                acc_sweep_configuration_any_range_allowed_get
 .text.acc_sweep_configuration_any_range_allowed_set
                0x08008528       0x20 E:\RC\Drivers\lib\libacconeer.a(acc_sweep_configuration.o)
                0x08008528                acc_sweep_configuration_any_range_allowed_set
 .text.acc_sweep_configuration_use_pilot_leakage_cancellation_get
                0x08008548       0x18 E:\RC\Drivers\lib\libacconeer.a(acc_sweep_configuration.o)
                0x08008548                acc_sweep_configuration_use_pilot_leakage_cancellation_get
 .text.acc_sweep_configuration_sweep_type_debug_set
                0x08008560       0x20 E:\RC\Drivers\lib\libacconeer.a(acc_sweep_configuration.o)
                0x08008560                acc_sweep_configuration_sweep_type_debug_set
 .text.acc_sweep_configuration_sweep_type_debug_get
                0x08008580       0x18 E:\RC\Drivers\lib\libacconeer.a(acc_sweep_configuration.o)
                0x08008580                acc_sweep_configuration_sweep_type_debug_get
 .text.acc_sweep_configuration_use_point_range_set
                0x08008598       0x20 E:\RC\Drivers\lib\libacconeer.a(acc_sweep_configuration.o)
                0x08008598                acc_sweep_configuration_use_point_range_set
 .text.acc_sweep_configuration_use_point_range_get
                0x080085b8       0x18 E:\RC\Drivers\lib\libacconeer.a(acc_sweep_configuration.o)
                0x080085b8                acc_sweep_configuration_use_point_range_get
 .text.acc_sweep_configuration_use_fast_dll_refresh_routine_set
                0x080085d0       0x20 E:\RC\Drivers\lib\libacconeer.a(acc_sweep_configuration.o)
                0x080085d0                acc_sweep_configuration_use_fast_dll_refresh_routine_set
 .text.acc_sweep_configuration_staggered_vga_stabilization_time_set
                0x080085f0       0x1c E:\RC\Drivers\lib\libacconeer.a(acc_sweep_configuration.o)
                0x080085f0                acc_sweep_configuration_staggered_vga_stabilization_time_set
 .text.acc_sweep_configuration_print
                0x0800860c      0x130 E:\RC\Drivers\lib\libacconeer.a(acc_sweep_configuration.o)
                0x0800860c                acc_sweep_configuration_print
 .text.acc_integration_register
                0x0800873c       0xa8 E:\RC\Drivers\lib\libacconeer.a(acc_integration.o)
                0x0800873c                acc_integration_register
 .text.acc_integration_unregister
                0x080087e4        0xc E:\RC\Drivers\lib\libacconeer.a(acc_integration.o)
                0x080087e4                acc_integration_unregister
 .text.acc_integration_get_sensor_count
                0x080087f0       0x18 E:\RC\Drivers\lib\libacconeer.a(acc_integration.o)
                0x080087f0                acc_integration_get_sensor_count
 .text.acc_integration_get_sensor_reference_frequency
                0x08008808       0x18 E:\RC\Drivers\lib\libacconeer.a(acc_integration.o)
                0x08008808                acc_integration_get_sensor_reference_frequency
 .text.acc_integration_get_max_spi_transfer_size
                0x08008820       0x18 E:\RC\Drivers\lib\libacconeer.a(acc_integration.o)
                0x08008820                acc_integration_get_max_spi_transfer_size
 .text.acc_integration_sensor_device_power_on
                0x08008838       0x18 E:\RC\Drivers\lib\libacconeer.a(acc_integration.o)
                0x08008838                acc_integration_sensor_device_power_on
 .text.acc_integration_sensor_device_power_off
                0x08008850       0x18 E:\RC\Drivers\lib\libacconeer.a(acc_integration.o)
                0x08008850                acc_integration_sensor_device_power_off
 .text.acc_integration_wait_for_sensor_interrupt
                0x08008868       0x18 E:\RC\Drivers\lib\libacconeer.a(acc_integration.o)
                0x08008868                acc_integration_wait_for_sensor_interrupt
 .text.acc_integration_sensor_device_transfer
                0x08008880       0x18 E:\RC\Drivers\lib\libacconeer.a(acc_integration.o)
                0x08008880                acc_integration_sensor_device_transfer
 .text.acc_integration_sleep_us
                0x08008898       0x14 E:\RC\Drivers\lib\libacconeer.a(acc_integration.o)
                0x08008898                acc_integration_sleep_us
 .text.acc_integration_mem_alloc_debug
                0x080088ac       0x38 E:\RC\Drivers\lib\libacconeer.a(acc_integration.o)
                0x080088ac                acc_integration_mem_alloc_debug
 .text.acc_integration_mem_calloc_debug
                0x080088e4       0x2c E:\RC\Drivers\lib\libacconeer.a(acc_integration.o)
                0x080088e4                acc_integration_mem_calloc_debug
 .text.acc_integration_mem_free
                0x08008910       0x14 E:\RC\Drivers\lib\libacconeer.a(acc_integration.o)
                0x08008910                acc_integration_mem_free
 .text.acc_integration_get_time
                0x08008924       0x18 E:\RC\Drivers\lib\libacconeer.a(acc_integration.o)
                0x08008924                acc_integration_get_time
 .text.acc_integration_mutex_create
                0x0800893c       0x18 E:\RC\Drivers\lib\libacconeer.a(acc_integration.o)
                0x0800893c                acc_integration_mutex_create
 .text.acc_integration_mutex_lock
                0x08008954       0x18 E:\RC\Drivers\lib\libacconeer.a(acc_integration.o)
                0x08008954                acc_integration_mutex_lock
 .text.acc_integration_mutex_unlock
                0x0800896c       0x18 E:\RC\Drivers\lib\libacconeer.a(acc_integration.o)
                0x0800896c                acc_integration_mutex_unlock
 .text.acc_integration_mutex_destroy
                0x08008984       0x18 E:\RC\Drivers\lib\libacconeer.a(acc_integration.o)
                0x08008984                acc_integration_mutex_destroy
 .text.acc_integration_thread_create
                0x0800899c       0x18 E:\RC\Drivers\lib\libacconeer.a(acc_integration.o)
                0x0800899c                acc_integration_thread_create
 .text.acc_integration_thread_exit
                0x080089b4       0x18 E:\RC\Drivers\lib\libacconeer.a(acc_integration.o)
                0x080089b4                acc_integration_thread_exit
 .text.acc_integration_thread_cleanup
                0x080089cc       0x18 E:\RC\Drivers\lib\libacconeer.a(acc_integration.o)
                0x080089cc                acc_integration_thread_cleanup
 .text.acc_integration_semaphore_create
                0x080089e4       0x18 E:\RC\Drivers\lib\libacconeer.a(acc_integration.o)
                0x080089e4                acc_integration_semaphore_create
 .text.acc_integration_semaphore_wait
                0x080089fc       0x18 E:\RC\Drivers\lib\libacconeer.a(acc_integration.o)
                0x080089fc                acc_integration_semaphore_wait
 .text.acc_integration_semaphore_signal
                0x08008a14       0x18 E:\RC\Drivers\lib\libacconeer.a(acc_integration.o)
                0x08008a14                acc_integration_semaphore_signal
 .text.acc_integration_semaphore_destroy
                0x08008a2c       0x18 E:\RC\Drivers\lib\libacconeer.a(acc_integration.o)
                0x08008a2c                acc_integration_semaphore_destroy
 .text.acc_integration_log_level
                0x08008a44       0x14 E:\RC\Drivers\lib\libacconeer.a(acc_integration.o)
                0x08008a44                acc_integration_log_level
 .text.acc_integration_log
                0x08008a58       0x3c E:\RC\Drivers\lib\libacconeer.a(acc_integration.o)
                0x08008a58                acc_integration_log
 .text.acc_integration_is_multithreading_capable
                0x08008a94       0x18 E:\RC\Drivers\lib\libacconeer.a(acc_integration.o)
                0x08008a94                acc_integration_is_multithreading_capable
 .text.acc_log_rss
                0x08008aac       0xbc E:\RC\Drivers\lib\libacconeer.a(acc_log_rss.o)
                0x08008aac                acc_log_rss
 .text.acc_package_power_bins_engine_create
                0x08008b68        0x4 E:\RC\Drivers\lib\libacconeer.a(acc_package_power_bins.o)
                0x08008b68                acc_package_power_bins_engine_create
 .text.acc_package_power_bins_pipeline_assemble
                0x08008b6c       0x18 E:\RC\Drivers\lib\libacconeer.a(acc_package_power_bins.o)
                0x08008b6c                acc_package_power_bins_pipeline_assemble
 .text.output_type
                0x08008b84        0x8 E:\RC\Drivers\lib\libacconeer.a(acc_pipeline_power_bins.o)
 .text.produce  0x08008b8c       0x28 E:\RC\Drivers\lib\libacconeer.a(acc_pipeline_power_bins.o)
 .text.disassemble
                0x08008bb4       0x28 E:\RC\Drivers\lib\libacconeer.a(acc_pipeline_power_bins.o)
 .text.acc_pipeline_power_bins_assemble
                0x08008bdc      0x258 E:\RC\Drivers\lib\libacconeer.a(acc_pipeline_power_bins.o)
                0x08008bdc                acc_pipeline_power_bins_assemble
 .text.acc_probes_execute_uint16
                0x08008e34       0x30 E:\RC\Drivers\lib\libacconeer.a(acc_probes.o)
                0x08008e34                acc_probes_execute_uint16
 .text.acc_probes_execute_primitive_probe
                0x08008e64       0x2c E:\RC\Drivers\lib\libacconeer.a(acc_probes.o)
                0x08008e64                acc_probes_execute_primitive_probe
 .text.acc_session_manager_activate
                0x08008e90       0x14 E:\RC\Drivers\lib\libacconeer.a(acc_session_manager.o)
                0x08008e90                acc_session_manager_activate
 .text.acc_session_manager_deactivate
                0x08008ea4        0xc E:\RC\Drivers\lib\libacconeer.a(acc_session_manager.o)
                0x08008ea4                acc_session_manager_deactivate
 .text.state_done
                0x08008eb0       0x18 E:\RC\Drivers\lib\libacconeer.a(acc_session_sweep_and_processing.o)
 .text.sweep_and_processing_session_execute
                0x08008ec8       0x24 E:\RC\Drivers\lib\libacconeer.a(acc_session_sweep_and_processing.o)
 .text.destroy_session
                0x08008eec       0x38 E:\RC\Drivers\lib\libacconeer.a(acc_session_sweep_and_processing.o)
 .text.state_null
                0x08008f24       0xa8 E:\RC\Drivers\lib\libacconeer.a(acc_session_sweep_and_processing.o)
 .text.receive_confirm.isra.2
                0x08008fcc       0x58 E:\RC\Drivers\lib\libacconeer.a(acc_session_sweep_and_processing.o)
 .text.state_busy
                0x08009024       0x94 E:\RC\Drivers\lib\libacconeer.a(acc_session_sweep_and_processing.o)
 .text.acc_session_sweep_and_processing_run
                0x080090b8       0x34 E:\RC\Drivers\lib\libacconeer.a(acc_session_sweep_and_processing.o)
                0x080090b8                acc_session_sweep_and_processing_run
 .text.send_request
                0x080090ec       0x20 E:\RC\Drivers\lib\libacconeer.a(acc_session_sweep_and_processing.o)
 .text.acc_session_sweep_and_processing_create
                0x0800910c       0xe8 E:\RC\Drivers\lib\libacconeer.a(acc_session_sweep_and_processing.o)
                0x0800910c                acc_session_sweep_and_processing_create
 .text.acc_session_sweep_and_processing_activate
                0x080091f4       0x8c E:\RC\Drivers\lib\libacconeer.a(acc_session_sweep_and_processing.o)
                0x080091f4                acc_session_sweep_and_processing_activate
 .text.acc_session_sweep_and_processing_deactivate
                0x08009280       0x9c E:\RC\Drivers\lib\libacconeer.a(acc_session_sweep_and_processing.o)
                0x08009280                acc_session_sweep_and_processing_deactivate
 .text.acc_session_sweep_and_processing_destroy
                0x0800931c       0x68 E:\RC\Drivers\lib\libacconeer.a(acc_session_sweep_and_processing.o)
                0x0800931c                acc_session_sweep_and_processing_destroy
 .text.acc_session_sweep_and_processing_get_configuration_output
                0x08009384        0x8 E:\RC\Drivers\lib\libacconeer.a(acc_session_sweep_and_processing.o)
                0x08009384                acc_session_sweep_and_processing_get_configuration_output
 .text.acc_session_sweep_and_processing_get_output_type
                0x0800938c        0x8 E:\RC\Drivers\lib\libacconeer.a(acc_session_sweep_and_processing.o)
                0x0800938c                acc_session_sweep_and_processing_get_output_type
 .text.acc_utils_swap16_array
                0x08009394       0x14 E:\RC\Drivers\lib\libacconeer.a(acc_utils.o)
                0x08009394                acc_utils_swap16_array
 .text.acc_utils_swap32_array
                0x080093a8       0x14 E:\RC\Drivers\lib\libacconeer.a(acc_utils.o)
                0x080093a8                acc_utils_swap32_array
 .text.acc_utils_uint8_to_uint32_swap
                0x080093bc        0x8 E:\RC\Drivers\lib\libacconeer.a(acc_utils.o)
                0x080093bc                acc_utils_uint8_to_uint32_swap
 .text.acc_utils_uint32_to_uint8_swap
                0x080093c4        0x8 E:\RC\Drivers\lib\libacconeer.a(acc_utils.o)
                0x080093c4                acc_utils_uint32_to_uint8_swap
 .text.acc_utils_align_address
                0x080093cc        0xc E:\RC\Drivers\lib\libacconeer.a(acc_utils.o)
                0x080093cc                acc_utils_align_address
 .text.convert_q3_12_to_f32
                0x080093d8       0x34 E:\RC\Drivers\lib\libacconeer.a(acc_element_converter.o)
 .text.convert_f32_to_q3_12
                0x0800940c       0x54 E:\RC\Drivers\lib\libacconeer.a(acc_element_converter.o)
 .text.convert_q3_12_to_u16
                0x08009460       0x24 E:\RC\Drivers\lib\libacconeer.a(acc_element_converter.o)
 .text.convert_f32_to_u16
                0x08009484       0x54 E:\RC\Drivers\lib\libacconeer.a(acc_element_converter.o)
 .text.convert_q15_16_to_f32
                0x080094d8       0x48 E:\RC\Drivers\lib\libacconeer.a(acc_element_converter.o)
 .text.convert_q3_12_complex_to_f32_complex
                0x08009520       0x68 E:\RC\Drivers\lib\libacconeer.a(acc_element_converter.o)
 .text.convert_q12_4_to_q15_16
                0x08009588       0x30 E:\RC\Drivers\lib\libacconeer.a(acc_element_converter.o)
 .text.convert_q12_4_to_q3_12
                0x080095b8       0x28 E:\RC\Drivers\lib\libacconeer.a(acc_element_converter.o)
 .text.convert_q12_4_to_q3_12_complex
                0x080095e0       0x38 E:\RC\Drivers\lib\libacconeer.a(acc_element_converter.o)
 .text.convert_q12_4_to_f32
                0x08009618       0x48 E:\RC\Drivers\lib\libacconeer.a(acc_element_converter.o)
 .text.event    0x08009660       0x20 E:\RC\Drivers\lib\libacconeer.a(acc_element_converter.o)
 .text.reset    0x08009680        0x8 E:\RC\Drivers\lib\libacconeer.a(acc_element_converter.o)
 .text.validate
                0x08009688       0x38 E:\RC\Drivers\lib\libacconeer.a(acc_element_converter.o)
 .text.acc_element_converter_init
                0x080096c0       0xb8 E:\RC\Drivers\lib\libacconeer.a(acc_element_converter.o)
                0x080096c0                acc_element_converter_init
 .text.event    0x08009778       0x10 E:\RC\Drivers\lib\libacconeer.a(acc_element_crop.o)
 .text.reset    0x08009788        0x8 E:\RC\Drivers\lib\libacconeer.a(acc_element_crop.o)
 .text.validate
                0x08009790       0x38 E:\RC\Drivers\lib\libacconeer.a(acc_element_crop.o)
 .text.acc_element_crop_init
                0x080097c8       0x2c E:\RC\Drivers\lib\libacconeer.a(acc_element_crop.o)
                0x080097c8                acc_element_crop_init
 .text.reset    0x080097f4        0x8 E:\RC\Drivers\lib\libacconeer.a(acc_element_power_bins.o)
 .text.validate
                0x080097fc       0x38 E:\RC\Drivers\lib\libacconeer.a(acc_element_power_bins.o)
 .text.event    0x08009834       0x34 E:\RC\Drivers\lib\libacconeer.a(acc_element_power_bins.o)
 .text.acc_element_power_bins_init
                0x08009868       0x24 E:\RC\Drivers\lib\libacconeer.a(acc_element_power_bins.o)
                0x08009868                acc_element_power_bins_init
 .text.saturation_check_u16
                0x0800988c       0x74 E:\RC\Drivers\lib\libacconeer.a(acc_element_saturation_check.o)
 .text.event    0x08009900       0x24 E:\RC\Drivers\lib\libacconeer.a(acc_element_saturation_check.o)
 .text.reset    0x08009924        0x8 E:\RC\Drivers\lib\libacconeer.a(acc_element_saturation_check.o)
 .text.validate
                0x0800992c       0x38 E:\RC\Drivers\lib\libacconeer.a(acc_element_saturation_check.o)
 .text.acc_element_saturation_check_init
                0x08009964       0x54 E:\RC\Drivers\lib\libacconeer.a(acc_element_saturation_check.o)
                0x08009964                acc_element_saturation_check_init
 .text.consume  0x080099b8       0x1c E:\RC\Drivers\lib\libacconeer.a(acc_element_sink_callback.o)
 .text.reset    0x080099d4        0x4 E:\RC\Drivers\lib\libacconeer.a(acc_element_sink_callback.o)
 .text.validate
                0x080099d8       0x48 E:\RC\Drivers\lib\libacconeer.a(acc_element_sink_callback.o)
 .text.acc_element_sink_callback_init
                0x08009a20       0x24 E:\RC\Drivers\lib\libacconeer.a(acc_element_sink_callback.o)
                0x08009a20                acc_element_sink_callback_init
 .text.acc_element_source_adc_init
                0x08009a44       0x2c E:\RC\Drivers\lib\libacconeer.a(acc_element_source_adc.o)
                0x08009a44                acc_element_source_adc_init
 .text.acc_element_source_adc_release
                0x08009a70        0xc E:\RC\Drivers\lib\libacconeer.a(acc_element_source_adc.o)
                0x08009a70                acc_element_source_adc_release
 .text.acc_element_source_adc_reset
                0x08009a7c        0x8 E:\RC\Drivers\lib\libacconeer.a(acc_element_source_adc.o)
                0x08009a7c                acc_element_source_adc_reset
 .text.acc_element_source_adc_validate
                0x08009a84        0x8 E:\RC\Drivers\lib\libacconeer.a(acc_element_source_adc.o)
                0x08009a84                acc_element_source_adc_validate
 .text.acc_element_source_adc_produce
                0x08009a8c       0xb4 E:\RC\Drivers\lib\libacconeer.a(acc_element_source_adc.o)
                0x08009a8c                acc_element_source_adc_produce
 .text.acc_element_sizeof
                0x08009b40       0x18 E:\RC\Drivers\lib\libacconeer.a(acc_element.o)
                0x08009b40                acc_element_sizeof
 .text.acc_element_connect
                0x08009b58        0x4 E:\RC\Drivers\lib\libacconeer.a(acc_element.o)
                0x08009b58                acc_element_connect
 .text.acc_alg_basic_subtract_mean_uint16.part.0
                0x08009b5c       0xa8 E:\RC\Drivers\lib\libacconeer.a(acc_alg_basic_subtract_mean.o)
 .text.acc_alg_basic_subtract_mean_uint16
                0x08009c04       0x14 E:\RC\Drivers\lib\libacconeer.a(acc_alg_basic_subtract_mean.o)
                0x08009c04                acc_alg_basic_subtract_mean_uint16
 .text.acc_alg_phase_estimation_q3_12
                0x08009c18       0xa8 E:\RC\Drivers\lib\libacconeer.a(acc_alg_phase_estimation.o)
                0x08009c18                acc_alg_phase_estimation_q3_12
 .text.acc_alg_power_bins
                0x08009cc0       0xb8 E:\RC\Drivers\lib\libacconeer.a(acc_alg_power_bins.o)
                0x08009cc0                acc_alg_power_bins
 .text.destroy  0x08009d78       0x14 E:\RC\Drivers\lib\libacconeer_sensor.a(acc_radar_engine_linear.o)
 .text.stop     0x08009d8c        0xc E:\RC\Drivers\lib\libacconeer_sensor.a(acc_radar_engine_linear.o)
 .text.calibrate
                0x08009d98       0xa0 E:\RC\Drivers\lib\libacconeer_sensor.a(acc_radar_engine_linear.o)
 .text.get_dt   0x08009e38       0x3c E:\RC\Drivers\lib\libacconeer_sensor.a(acc_radar_engine_linear.o)
 .text.initialize_metadata
                0x08009e74      0x378 E:\RC\Drivers\lib\libacconeer_sensor.a(acc_radar_engine_linear.o)
 .text.update_data
                0x0800a1ec       0xb8 E:\RC\Drivers\lib\libacconeer_sensor.a(acc_radar_engine_linear.o)
 .text.transfer_data
                0x0800a2a4       0x38 E:\RC\Drivers\lib\libacconeer_sensor.a(acc_radar_engine_linear.o)
 .text.start    0x0800a2dc       0x34 E:\RC\Drivers\lib\libacconeer_sensor.a(acc_radar_engine_linear.o)
 .text.set_program_parameters
                0x0800a310      0x22c E:\RC\Drivers\lib\libacconeer_sensor.a(acc_radar_engine_linear.o)
 .text.acc_radar_engine_linear_create
                0x0800a53c       0xbc E:\RC\Drivers\lib\libacconeer_sensor.a(acc_radar_engine_linear.o)
                0x0800a53c                acc_radar_engine_linear_create
 .text.acc_cpd_area_calibration_calculate_area_settings
                0x0800a5f8       0x68 E:\RC\Drivers\lib\libacconeer_sensor.a(acc_cpd_area_calibration_area_settings.o)
                0x0800a5f8                acc_cpd_area_calibration_calculate_area_settings
 .text.acc_cpd_cbank_calibration
                0x0800a660      0x19c E:\RC\Drivers\lib\libacconeer_sensor.a(acc_cpd_cbank_calibration.o)
                0x0800a660                acc_cpd_cbank_calibration
 .text.acc_cpd_dll_calibration
                0x0800a7fc      0x254 E:\RC\Drivers\lib\libacconeer_sensor.a(acc_cpd_dll_calibration.o)
                0x0800a7fc                acc_cpd_dll_calibration
 .text.patch_settings
                0x0800aa50       0x48 E:\RC\Drivers\lib\libacconeer_sensor.a(acc_cpd_dly_coarse_calibration.o)
 .text.acc_cpd_dly_coarse_calibration
                0x0800aa98      0x1ec E:\RC\Drivers\lib\libacconeer_sensor.a(acc_cpd_dly_coarse_calibration.o)
                0x0800aa98                acc_cpd_dly_coarse_calibration
 .text.patch_program_parameters
                0x0800ac84      0x178 E:\RC\Drivers\lib\libacconeer_sensor.a(acc_cpd_linear_sweep.o)
 .text.acc_cpd_linear_sweep_load_program
                0x0800adfc       0x28 E:\RC\Drivers\lib\libacconeer_sensor.a(acc_cpd_linear_sweep.o)
                0x0800adfc                acc_cpd_linear_sweep_load_program
 .text.acc_cpd_linear_sweep_run_program
                0x0800ae24       0x1c E:\RC\Drivers\lib\libacconeer_sensor.a(acc_cpd_linear_sweep.o)
                0x0800ae24                acc_cpd_linear_sweep_run_program
 .text.acc_cpd_linear_sweep_update_program
                0x0800ae40       0x6c E:\RC\Drivers\lib\libacconeer_sensor.a(acc_cpd_linear_sweep.o)
                0x0800ae40                acc_cpd_linear_sweep_update_program
 .text.acc_cpd_linear_sweep_transfer_data
                0x0800aeac       0x18 E:\RC\Drivers\lib\libacconeer_sensor.a(acc_cpd_linear_sweep.o)
                0x0800aeac                acc_cpd_linear_sweep_transfer_data
 .text.acc_cpd_linear_sweep_sensor_continue
                0x0800aec4       0x24 E:\RC\Drivers\lib\libacconeer_sensor.a(acc_cpd_linear_sweep.o)
                0x0800aec4                acc_cpd_linear_sweep_sensor_continue
 .text.acc_cpd_linear_sweep_stop
                0x0800aee8        0x4 E:\RC\Drivers\lib\libacconeer_sensor.a(acc_cpd_linear_sweep.o)
                0x0800aee8                acc_cpd_linear_sweep_stop
 .text.acc_cpd_linear_sweep_low_power_stop
                0x0800aeec        0x4 E:\RC\Drivers\lib\libacconeer_sensor.a(acc_cpd_linear_sweep.o)
                0x0800aeec                acc_cpd_linear_sweep_low_power_stop
 .text.acc_cpd_pll_divisors_calculate
                0x0800aef0       0xd4 E:\RC\Drivers\lib\libacconeer_sensor.a(acc_cpd_pll_divisors.o)
                0x0800aef0                acc_cpd_pll_divisors_calculate
 .text.patch_settings
                0x0800afc4       0x4c E:\RC\Drivers\lib\libacconeer_sensor.a(acc_cpd_rx_fine_dip_calibration.o)
 .text.acc_cpd_rx_fine_dip_calibration
                0x0800b010      0x174 E:\RC\Drivers\lib\libacconeer_sensor.a(acc_cpd_rx_fine_dip_calibration.o)
                0x0800b010                acc_cpd_rx_fine_dip_calibration
 .text.print_buffer_u16
                0x0800b184       0xf0 E:\RC\Drivers\lib\libacconeer_sensor.a(acc_sensor_diagnostics.o)
 .text.acc_sensor_diagnostics_print_buffer_u16
                0x0800b274       0x1c E:\RC\Drivers\lib\libacconeer_sensor.a(acc_sensor_diagnostics.o)
                0x0800b274                acc_sensor_diagnostics_print_buffer_u16
 .text.acc_sensor_diagnostics_print_buffer_bool
                0x0800b290       0x64 E:\RC\Drivers\lib\libacconeer_sensor.a(acc_sensor_diagnostics.o)
                0x0800b290                acc_sensor_diagnostics_print_buffer_bool
 .text.acc_sensor_diagnostics_print_buffer_f32
                0x0800b2f4      0x13c E:\RC\Drivers\lib\libacconeer_sensor.a(acc_sensor_diagnostics.o)
                0x0800b2f4                acc_sensor_diagnostics_print_buffer_f32
 .text.acc_confprogram_modify_bin_sensor
                0x0800b430       0x70 E:\RC\Drivers\lib\libacconeer_sensor.a(acc_confprogram.o)
                0x0800b430                acc_confprogram_modify_bin_sensor
 .text.acc_confprogram_modify_bin
                0x0800b4a0       0x4c E:\RC\Drivers\lib\libacconeer_sensor.a(acc_confprogram.o)
                0x0800b4a0                acc_confprogram_modify_bin
 .text.acc_confprogram_modify_runif_sensor
                0x0800b4ec       0x8c E:\RC\Drivers\lib\libacconeer_sensor.a(acc_confprogram.o)
                0x0800b4ec                acc_confprogram_modify_runif_sensor
 .text.acc_confprogram_modify_runif
                0x0800b578       0x60 E:\RC\Drivers\lib\libacconeer_sensor.a(acc_confprogram.o)
                0x0800b578                acc_confprogram_modify_runif
 .text.acc_confprogram_live_patch
                0x0800b5d8      0x10c E:\RC\Drivers\lib\libacconeer_sensor.a(acc_confprogram.o)
                0x0800b5d8                acc_confprogram_live_patch
 .text.acc_confprogram_get_default_value
                0x0800b6e4        0xc E:\RC\Drivers\lib\libacconeer_sensor.a(acc_confprogram.o)
                0x0800b6e4                acc_confprogram_get_default_value
 .text.acc_confprogram_a111_r2c_CbankCalibration_modify_all
                0x0800b6f0      0x1b4 E:\RC\Drivers\lib\libacconeer_sensor.a(acc_confprogram_a111_r2c_CbankCalibration.o)
                0x0800b6f0                acc_confprogram_a111_r2c_CbankCalibration_modify_all
 .text.acc_confprogram_a111_r2c_RxFineDipCalibration_modify_all
                0x0800b8a4      0xb2c E:\RC\Drivers\lib\libacconeer_sensor.a(acc_confprogram_a111_r2c_RxFineDipCalibration.o)
                0x0800b8a4                acc_confprogram_a111_r2c_RxFineDipCalibration_modify_all
 .text.acc_confprogram_a111_r2c_DllCalibration_live_patch_DlyCoarse
                0x0800c3d0       0x5c E:\RC\Drivers\lib\libacconeer_sensor.a(acc_confprogram_a111_r2c_DllCalibration.o)
                0x0800c3d0                acc_confprogram_a111_r2c_DllCalibration_live_patch_DlyCoarse
 .text.acc_confprogram_a111_r2c_DllCalibration_modify_all
                0x0800c42c      0x504 E:\RC\Drivers\lib\libacconeer_sensor.a(acc_confprogram_a111_r2c_DllCalibration.o)
                0x0800c42c                acc_confprogram_a111_r2c_DllCalibration_modify_all
 .text.acc_confprogram_a111_r2c_Sweep_modify_all
                0x0800c930     0x1214 E:\RC\Drivers\lib\libacconeer_sensor.a(acc_confprogram_a111_r2c_Sweep.o)
                0x0800c930                acc_confprogram_a111_r2c_Sweep_modify_all
 .text.patch_settings
                0x0800db44       0x50 E:\RC\Drivers\lib\libacconeer_sensor.a(acc_cpd_area_calibration.o)
 .text.run_area_calibration
                0x0800db94      0x43c E:\RC\Drivers\lib\libacconeer_sensor.a(acc_cpd_area_calibration.o)
 .text.acc_cpd_area_calibration
                0x0800dfd0       0x98 E:\RC\Drivers\lib\libacconeer_sensor.a(acc_cpd_area_calibration.o)
                0x0800dfd0                acc_cpd_area_calibration
 .text.acc_confprogram_a111_r2c_Area_modify_all
                0x0800e068      0x7f0 E:\RC\Drivers\lib\libacconeer_sensor.a(acc_confprogram_a111_r2c_Area.o)
                0x0800e068                acc_confprogram_a111_r2c_Area_modify_all
 .text.__assert_func
                0x0800e858       0x3c c:/program files (x86)/atollic/truestudio for stm32 9.3.0/armtools/bin/../lib/gcc/arm-atollic-eabi/6.3.1/../../../../arm-atollic-eabi/lib/armv7e-m/fpu\libc_nano.a(lib_a-assert.o)
                0x0800e858                __assert_func
 .text.fprintf  0x0800e894       0x24 c:/program files (x86)/atollic/truestudio for stm32 9.3.0/armtools/bin/../lib/gcc/arm-atollic-eabi/6.3.1/../../../../arm-atollic-eabi/lib/armv7e-m/fpu\libc_nano.a(lib_a-fprintf.o)
                0x0800e894                fiprintf
                0x0800e894                fprintf
 .text.__libc_init_array
                0x0800e8b8       0x48 c:/program files (x86)/atollic/truestudio for stm32 9.3.0/armtools/bin/../lib/gcc/arm-atollic-eabi/6.3.1/../../../../arm-atollic-eabi/lib/armv7e-m/fpu\libc_nano.a(lib_a-init.o)
                0x0800e8b8                __libc_init_array
 .text.malloc   0x0800e900       0x10 c:/program files (x86)/atollic/truestudio for stm32 9.3.0/armtools/bin/../lib/gcc/arm-atollic-eabi/6.3.1/../../../../arm-atollic-eabi/lib/armv7e-m/fpu\libc_nano.a(lib_a-malloc.o)
                0x0800e900                malloc
 .text.free     0x0800e910       0x10 c:/program files (x86)/atollic/truestudio for stm32 9.3.0/armtools/bin/../lib/gcc/arm-atollic-eabi/6.3.1/../../../../arm-atollic-eabi/lib/armv7e-m/fpu\libc_nano.a(lib_a-malloc.o)
                0x0800e910                free
 .text.memcpy   0x0800e920       0x16 c:/program files (x86)/atollic/truestudio for stm32 9.3.0/armtools/bin/../lib/gcc/arm-atollic-eabi/6.3.1/../../../../arm-atollic-eabi/lib/armv7e-m/fpu\libc_nano.a(lib_a-memcpy-stub.o)
                0x0800e920                memcpy
 .text.memmove  0x0800e936       0x34 c:/program files (x86)/atollic/truestudio for stm32 9.3.0/armtools/bin/../lib/gcc/arm-atollic-eabi/6.3.1/../../../../arm-atollic-eabi/lib/armv7e-m/fpu\libc_nano.a(lib_a-memmove.o)
                0x0800e936                memmove
 .text.memset   0x0800e96a       0x10 c:/program files (x86)/atollic/truestudio for stm32 9.3.0/armtools/bin/../lib/gcc/arm-atollic-eabi/6.3.1/../../../../arm-atollic-eabi/lib/armv7e-m/fpu\libc_nano.a(lib_a-memset.o)
                0x0800e96a                memset
 *fill*         0x0800e97a        0x2 
 .text._free_r  0x0800e97c       0x9c c:/program files (x86)/atollic/truestudio for stm32 9.3.0/armtools/bin/../lib/gcc/arm-atollic-eabi/6.3.1/../../../../arm-atollic-eabi/lib/armv7e-m/fpu\libc_nano.a(lib_a-nano-freer.o)
                0x0800e97c                _free_r
 .text._malloc_r
                0x0800ea18       0xbc c:/program files (x86)/atollic/truestudio for stm32 9.3.0/armtools/bin/../lib/gcc/arm-atollic-eabi/6.3.1/../../../../arm-atollic-eabi/lib/armv7e-m/fpu\libc_nano.a(lib_a-nano-mallocr.o)
                0x0800ea18                _malloc_r
 .text.__sfputc_r
                0x0800ead4       0x30 c:/program files (x86)/atollic/truestudio for stm32 9.3.0/armtools/bin/../lib/gcc/arm-atollic-eabi/6.3.1/../../../../arm-atollic-eabi/lib/armv7e-m/fpu\libc_nano.a(lib_a-nano-vfprintf.o)
 .text.__sfputs_r
                0x0800eb04       0x24 c:/program files (x86)/atollic/truestudio for stm32 9.3.0/armtools/bin/../lib/gcc/arm-atollic-eabi/6.3.1/../../../../arm-atollic-eabi/lib/armv7e-m/fpu\libc_nano.a(lib_a-nano-vfprintf.o)
                0x0800eb04                __sfputs_r
 .text._vfprintf_r
                0x0800eb28      0x22c c:/program files (x86)/atollic/truestudio for stm32 9.3.0/armtools/bin/../lib/gcc/arm-atollic-eabi/6.3.1/../../../../arm-atollic-eabi/lib/armv7e-m/fpu\libc_nano.a(lib_a-nano-vfprintf.o)
                0x0800eb28                _vfprintf_r
                0x0800eb28                _vfiprintf_r
 .text._printf_common
                0x0800ed54       0xec c:/program files (x86)/atollic/truestudio for stm32 9.3.0/armtools/bin/../lib/gcc/arm-atollic-eabi/6.3.1/../../../../arm-atollic-eabi/lib/armv7e-m/fpu\libc_nano.a(lib_a-nano-vfprintf_i.o)
                0x0800ed54                _printf_common
 .text._printf_i
                0x0800ee40      0x240 c:/program files (x86)/atollic/truestudio for stm32 9.3.0/armtools/bin/../lib/gcc/arm-atollic-eabi/6.3.1/../../../../arm-atollic-eabi/lib/armv7e-m/fpu\libc_nano.a(lib_a-nano-vfprintf_i.o)
                0x0800ee40                _printf_i
 .text.printf   0x0800f080       0x30 c:/program files (x86)/atollic/truestudio for stm32 9.3.0/armtools/bin/../lib/gcc/arm-atollic-eabi/6.3.1/../../../../arm-atollic-eabi/lib/armv7e-m/fpu\libc_nano.a(lib_a-printf.o)
                0x0800f080                iprintf
                0x0800f080                printf
 .text._sbrk_r  0x0800f0b0       0x20 c:/program files (x86)/atollic/truestudio for stm32 9.3.0/armtools/bin/../lib/gcc/arm-atollic-eabi/6.3.1/../../../../arm-atollic-eabi/lib/armv7e-m/fpu\libc_nano.a(lib_a-sbrkr.o)
                0x0800f0b0                _sbrk_r
 .text.snprintf
                0x0800f0d0       0x68 c:/program files (x86)/atollic/truestudio for stm32 9.3.0/armtools/bin/../lib/gcc/arm-atollic-eabi/6.3.1/../../../../arm-atollic-eabi/lib/armv7e-m/fpu\libc_nano.a(lib_a-snprintf.o)
                0x0800f0d0                sniprintf
                0x0800f0d0                snprintf
 .text.strncmp  0x0800f138       0x24 c:/program files (x86)/atollic/truestudio for stm32 9.3.0/armtools/bin/../lib/gcc/arm-atollic-eabi/6.3.1/../../../../arm-atollic-eabi/lib/armv7e-m/fpu\libc_nano.a(lib_a-strncmp.o)
                0x0800f138                strncmp
 .text._vsnprintf_r
                0x0800f15c       0x58 c:/program files (x86)/atollic/truestudio for stm32 9.3.0/armtools/bin/../lib/gcc/arm-atollic-eabi/6.3.1/../../../../arm-atollic-eabi/lib/armv7e-m/fpu\libc_nano.a(lib_a-vsnprintf.o)
                0x0800f15c                _vsniprintf_r
                0x0800f15c                _vsnprintf_r
 .text.vsnprintf
                0x0800f1b4       0x1c c:/program files (x86)/atollic/truestudio for stm32 9.3.0/armtools/bin/../lib/gcc/arm-atollic-eabi/6.3.1/../../../../arm-atollic-eabi/lib/armv7e-m/fpu\libc_nano.a(lib_a-vsnprintf.o)
                0x0800f1b4                vsniprintf
                0x0800f1b4                vsnprintf
 .text.__swbuf_r