Archive member included to satisfy reference by file (symbol)

C:\Users\先才\Desktop\BEYD_A111_102\Drivers\lib\libacc_service.a(acc_rss.o)
                              Src\distance_peak.o (acc_rss_activate_with_hal)
C:\Users\先才\Desktop\BEYD_A111_102\Drivers\lib\libacc_service.a(acc_rss_calibration.o)
                              Src\distance_peak.o (acc_rss_calibration_context_get)
C:\Users\先才\Desktop\BEYD_A111_102\Drivers\lib\libacc_service.a(acc_service.o)
                              Src\distance_peak.o (acc_service_get_sweep_configuration)
C:\Users\先才\Desktop\BEYD_A111_102\Drivers\lib\libacc_service.a(acc_service_envelope.o)
                              Src\distance_peak.o (acc_service_envelope_configuration_create)
C:\Users\先才\Desktop\BEYD_A111_102\Drivers\lib\libacc_service.a(acc_service_manager.o)
                              C:\Users\先才\Desktop\BEYD_A111_102\Drivers\lib\libacc_service.a(acc_rss.o) (acc_service_manager_activate)
C:\Users\先才\Desktop\BEYD_A111_102\Drivers\lib\libacc_service.a(acc_service_power_bins.o)
                              Src\example_power_bin_once.o (acc_service_power_bins_configuration_create)
C:\Users\先才\Desktop\BEYD_A111_102\Drivers\lib\libacc_service.a(acc_service_sparse.o)
                              Src\example_power_bin_once.o (acc_service_sparse_configuration_create)
C:\Users\先才\Desktop\BEYD_A111_102\Drivers\lib\libacc_service.a(acc_service_factory.o)
                              C:\Users\先才\Desktop\BEYD_A111_102\Drivers\lib\libacc_service.a(acc_service_manager.o) (acc_service_factory_activate)
C:\Users\先才\Desktop\BEYD_A111_102\Drivers\lib\libacc_service.a(acc_service_iq.o)
                              C:\Users\先才\Desktop\BEYD_A111_102\Drivers\lib\libacc_service.a(acc_service_factory.o) (acc_service_iq_create)
C:\Users\先才\Desktop\BEYD_A111_102\Drivers\lib\libacconeer_sensor.a(acc_sensor_manager.o)
                              C:\Users\先才\Desktop\BEYD_A111_102\Drivers\lib\libacc_service.a(acc_rss.o) (acc_sensor_manager_activate)
C:\Users\先才\Desktop\BEYD_A111_102\Drivers\lib\libacconeer_sensor.a(acc_sensor_protocol.o)
                              C:\Users\先才\Desktop\BEYD_A111_102\Drivers\lib\libacconeer_sensor.a(acc_sensor_manager.o) (acc_sensor_protocol_get_asic_id)
C:\Users\先才\Desktop\BEYD_A111_102\Drivers\lib\libacconeer_sensor.a(acc_sweep_manager.o)
                              C:\Users\先才\Desktop\BEYD_A111_102\Drivers\lib\libacconeer_sensor.a(acc_sensor_manager.o) (acc_sweep_manager_activate)
C:\Users\先才\Desktop\BEYD_A111_102\Drivers\lib\libacconeer_sensor.a(acc_sensor.o)
                              C:\Users\先才\Desktop\BEYD_A111_102\Drivers\lib\libacconeer_sensor.a(acc_sensor_manager.o) (acc_sensor_activate)
C:\Users\先才\Desktop\BEYD_A111_102\Drivers\lib\libacc_detector_distance_peak.a(acc_detector_distance_peak.o)
                              Src\distance_peak.o (acc_detector_distance_peak_configuration_create)
C:\Users\先才\Desktop\BEYD_A111_102\Drivers\lib\libacconeer.a(acc_alg_basic_math.o)
                              C:\Users\先才\Desktop\BEYD_A111_102\Drivers\lib\libacconeer_sensor.a(acc_sensor_manager.o) (acc_alg_basic_math_q3_12_complex_scalar_abs)
C:\Users\先才\Desktop\BEYD_A111_102\Drivers\lib\libacconeer.a(acc_alg_biquad_q3_12_coeffs.o)
                              C:\Users\先才\Desktop\BEYD_A111_102\Drivers\lib\libacc_service.a(acc_service_iq.o) (acc_alg_biquad_q3_12_lowpass_coeffs)
C:\Users\先才\Desktop\BEYD_A111_102\Drivers\lib\libacconeer.a(acc_alg_biquad_q3_12_armv7e-m.o)
                              C:\Users\先才\Desktop\BEYD_A111_102\Drivers\lib\libacconeer_sensor.a(acc_sensor_manager.o) (acc_alg_biquad_q3_12_complex_direct_form_1_filtfilt)
C:\Users\先才\Desktop\BEYD_A111_102\Drivers\lib\libacconeer.a(acc_alg_distance_peak_detect.o)
                              C:\Users\先才\Desktop\BEYD_A111_102\Drivers\lib\libacc_detector_distance_peak.a(acc_detector_distance_peak.o) (acc_alg_distance_peak_detect_set_threshold_mode_provided)
C:\Users\先才\Desktop\BEYD_A111_102\Drivers\lib\libacconeer.a(acc_alg_estimate_threshold.o)
                              C:\Users\先才\Desktop\BEYD_A111_102\Drivers\lib\libacconeer.a(acc_alg_distance_peak_detect.o) (acc_alg_estimate_threshold_allocate)
C:\Users\先才\Desktop\BEYD_A111_102\Drivers\lib\libacconeer.a(acc_alg_iq_demodulation.o)
                              C:\Users\先才\Desktop\BEYD_A111_102\Drivers\lib\libacconeer_sensor.a(acc_sensor_manager.o) (acc_alg_iq_demodulation_q3_12)
C:\Users\先才\Desktop\BEYD_A111_102\Drivers\lib\libacconeer.a(acc_alg_path_loss_r_f32.o)
                              C:\Users\先才\Desktop\BEYD_A111_102\Drivers\lib\libacconeer.a(acc_alg_estimate_threshold.o) (acc_alg_path_loss_r_f32)
C:\Users\先才\Desktop\BEYD_A111_102\Drivers\lib\libacconeer.a(acc_alg_reflection_detection.o)
                              C:\Users\先才\Desktop\BEYD_A111_102\Drivers\lib\libacconeer.a(acc_alg_distance_peak_detect.o) (acc_alg_reflection_detection_allocate)
[...]
Memory Configuration

Name             Origin             Length             Attributes
RAM              0x20000000         0x00010000         xrw
FLASH            0x08000000         0x00040000         xr
*default*        0x00000000         0xffffffff

Linker script and memory map

LOAD c:/program files (x86)/atollic/truestudio for stm32 9.3.0/armtools/bin/../lib/gcc/arm-atollic-eabi/6.3.1/armv7e-m/fpu/crti.o
LOAD c:/program files (x86)/atollic/truestudio for stm32 9.3.0/armtools/bin/../lib/gcc/arm-atollic-eabi/6.3.1/armv7e-m/fpu/crtbegin.o
LOAD Drivers\STM32L4xx_HAL_Driver\Src\stm32l4xx_hal.o
LOAD Drivers\STM32L4xx_HAL_Driver\Src\stm32l4xx_hal_cortex.o
LOAD Drivers\STM32L4xx_HAL_Driver\Src\stm32l4xx_hal_dma.o
LOAD Drivers\STM32L4xx_HAL_Driver\Src\stm32l4xx_hal_dma_ex.o
LOAD Drivers\STM32L4xx_HAL_Driver\Src\stm32l4xx_hal_flash.o
LOAD Drivers\STM32L4xx_HAL_Driver\Src\stm32l4xx_hal_flash_ex.o
LOAD Drivers\STM32L4xx_HAL_Driver\Src\stm32l4xx_hal_flash_ramfunc.o
LOAD Drivers\STM32L4xx_HAL_Driver\Src\stm32l4xx_hal_gpio.o
LOAD Drivers\STM32L4xx_HAL_Driver\Src\stm32l4xx_hal_i2c.o
LOAD Drivers\STM32L4xx_HAL_Driver\Src\stm32l4xx_hal_i2c_ex.o
LOAD Drivers\STM32L4xx_HAL_Driver\Src\stm32l4xx_hal_pwr.o
LOAD Drivers\STM32L4xx_HAL_Driver\Src\stm32l4xx_hal_pwr_ex.o
LOAD Drivers\STM32L4xx_HAL_Driver\Src\stm32l4xx_hal_rcc.o
LOAD Drivers\STM32L4xx_HAL_Driver\Src\stm32l4xx_hal_rcc_ex.o
LOAD Drivers\STM32L4xx_HAL_Driver\Src\stm32l4xx_hal_spi.o
LOAD Drivers\STM32L4xx_HAL_Driver\Src\stm32l4xx_hal_spi_ex.o
LOAD Drivers\STM32L4xx_HAL_Driver\Src\stm32l4xx_hal_tim.o
LOAD Drivers\STM32L4xx_HAL_Driver\Src\stm32l4xx_hal_tim_ex.o
LOAD Drivers\STM32L4xx_HAL_Driver\Src\stm32l4xx_hal_uart.o
LOAD Drivers\STM32L4xx_HAL_Driver\Src\stm32l4xx_hal_uart_ex.o
LOAD Src\A111_test.o
LOAD Src\IQ_test.o
LOAD Src\acc_hal_integration_single_thread_stm32cube_xc111_r4a.o
LOAD Src\acc_legacy_hal_stubs.o
LOAD Src\distance_peak.o
LOAD Src\example_detector_distance_peak_fixed_threshold.o
LOAD Src\example_power_bin_once.o
LOAD Src\gpio.o
LOAD Src\main.o
LOAD Src\spi.o
LOAD Src\stm32l4xx_hal_msp.o
LOAD Src\stm32l4xx_it.o
LOAD Src\system_stm32l4xx.o
LOAD Src\usart.o
LOAD startup\startup_stm32l431xx.o
LOAD C:\Users\先才\Desktop\BEYD_A111_102\Drivers\lib\libacc_service.a
LOAD C:\Users\先才\Desktop\BEYD_A111_102\Drivers\lib\libacconeer_sensor.a
LOAD C:\Users\先才\Desktop\BEYD_A111_102\Drivers\lib\libacc_detector_distance_peak.a
LOAD C:\Users\先才\Desktop\BEYD_A111_102\Drivers\lib\libacconeer.a
START GROUP
LOAD C:\Users\先才\Desktop\BEYD_A111_102\Drivers\lib\libacconeer.a
LOAD C:\Users\先才\Desktop\BEYD_A111_102\Drivers\lib\libacconeer_sensor.a
LOAD C:\Users\先才\Desktop\BEYD_A111_102\Drivers\lib\libacc_service.a
                0x00000080                malloc_getpagesize_P = 0x80
START GROUP
LOAD c:/program files (x86)/atollic/truestudio for stm32 9.3.0/armtools/bin/../lib/gcc/arm-atollic-eabi/6.3.1/../../../../arm-atollic-eabi/lib/armv7e-m/fpu\libc_nano.a
LOAD c:/program files (x86)/atollic/truestudio for stm32 9.3.0/armtools/bin/../lib/gcc/arm-atollic-eabi/6.3.1/../../../../arm-atollic-eabi/lib/armv7e-m/fpu\libm.a
END GROUP
START GROUP
LOAD c:/program files (x86)/atollic/truestudio for stm32 9.3.0/armtools/bin/../lib/gcc/arm-atollic-eabi/6.3.1/armv7e-m/fpu\libgcc.a
LOAD c:/program files (x86)/atollic/truestudio for stm32 9.3.0/armtools/bin/../lib/gcc/arm-atollic-eabi/6.3.1/../../../../arm-atollic-eabi/lib/armv7e-m/fpu\libc_nano.a
END GROUP
START GROUP
LOAD c:/program files (x86)/atollic/truestudio for stm32 9.3.0/armtools/bin/../lib/gcc/arm-atollic-eabi/6.3.1/armv7e-m/fpu\libgcc.a
LOAD c:/program files (x86)/atollic/truestudio for stm32 9.3.0/armtools/bin/../lib/gcc/arm-atollic-eabi/6.3.1/../../../../arm-atollic-eabi/lib/armv7e-m/fpu\libc_nano.a
LOAD c:/program files (x86)/atollic/truestudio for stm32 9.3.0/armtools/bin/../lib/gcc/arm-atollic-eabi/6.3.1/../../../../arm-atollic-eabi/lib/armv7e-m/fpu\libnosys.a
END GROUP
START GROUP
LOAD c:/program files (x86)/atollic/truestudio for stm32 9.3.0/armtools/bin/../lib/gcc/arm-atollic-eabi/6.3.1/armv7e-m/fpu\libgcc.a
LOAD c:/program files (x86)/atollic/truestudio for stm32 9.3.0/armtools/bin/../lib/gcc/arm-atollic-eabi/6.3.1/../../../../arm-atollic-eabi/lib/armv7e-m/fpu\libc_nano.a
LOAD c:/program files (x86)/atollic/truestudio for stm32 9.3.0/armtools/bin/../lib/gcc/arm-atollic-eabi/6.3.1/../../../../arm-atollic-eabi/lib/armv7e-m/fpu\libnosys.a
END GROUP
LOAD c:/program files (x86)/atollic/truestudio for stm32 9.3.0/armtools/bin/../lib/gcc/arm-atollic-eabi/6.3.1/armv7e-m/fpu/crtend.o
LOAD c:/program files (x86)/atollic/truestudio for stm32 9.3.0/armtools/bin/../lib/gcc/arm-atollic-eabi/6.3.1/armv7e-m/fpu/crtn.o
                0x20010000                _estack = 0x20010000
                0x00000200                _Min_Heap_Size = 0x200
                0x00000400                _Min_Stack_Size = 0x400

.isr_vector     0x08000000      0x18c
                0x08000000                . = ALIGN (0x4)
 *(.isr_vector)
 .isr_vector    0x08000000      0x18c startup\startup_stm32l431xx.o
                0x08000000                g_pfnVectors
                0x0800018c                . = ALIGN (0x4)

.text           0x08000190     0xf648
                0x08000190                . = ALIGN (0x4)
 *(.text)
 .text          0x08000190       0x40 c:/program files (x86)/atollic/truestudio for stm32 9.3.0/armtools/bin/../lib/gcc/arm-atollic-eabi/6.3.1/armv7e-m/fpu/crtbegin.o
 .text          0x080001d0       0xe4 C:\Users\先才\Desktop\BEYD_A111_102\Drivers\lib\libacconeer.a(acc_alg_biquad_q3_12_armv7e-m.o)
                0x080001d0                acc_alg_biquad_q3_12_complex_direct_form_1_filtfilt
                0x080001da                acc_alg_biquad_q3_12_complex_direct_form_1_reverse
                0x080001e2                acc_alg_biquad_q3_12_complex_direct_form_1
                0x08000252                acc_alg_biquad_q3_12_direct_form_1_filtfilt
                0x0800025c                acc_alg_biquad_q3_12_direct_form_1_reverse
                0x08000264                acc_alg_biquad_q3_12_direct_form_1
 *fill*         0x080002b4        0xc 
 .text          0x080002c0       0xa0 c:/program files (x86)/atollic/truestudio for stm32 9.3.0/armtools/bin/../lib/gcc/arm-atollic-eabi/6.3.1/../../../../arm-atollic-eabi/lib/armv7e-m/fpu\libc_nano.a(lib_a-memchr.o)
                0x080002c0                memchr
 .text          0x08000360      0x370 c:/program files (x86)/atollic/truestudio for stm32 9.3.0/armtools/bin/../lib/gcc/arm-atollic-eabi/6.3.1/armv7e-m/fpu\libgcc.a(_arm_addsubdf3.o)
                0x08000360                __aeabi_drsub
                0x08000368                __aeabi_dsub
                0x08000368                __subdf3
                0x0800036c                __aeabi_dadd
                0x0800036c                __adddf3
                0x080005e4                __floatunsidf
                0x080005e4                __aeabi_ui2d
                0x08000604                __floatsidf
                0x08000604                __aeabi_i2d
                0x08000628                __aeabi_f2d
                0x08000628                __extendsfdf2
                0x08000664                __floatundidf
                0x08000664                __aeabi_ul2d
                0x08000674                __floatdidf
                0x08000674                __aeabi_l2d
 .text          0x080006d0      0x424 c:/program files (x86)/atollic/truestudio for stm32 9.3.0/armtools/bin/../lib/gcc/arm-atollic-eabi/6.3.1/armv7e-m/fpu\libgcc.a(_arm_muldivdf3.o)
                0x080006d0                __aeabi_dmul
                0x080006d0                __muldf3
                0x08000924                __divdf3
                0x08000924                __aeabi_ddiv
 .text          0x08000af4       0xa0 c:/program files (x86)/atollic/truestudio for stm32 9.3.0/armtools/bin/../lib/gcc/arm-atollic-eabi/6.3.1/armv7e-m/fpu\libgcc.a(_arm_truncdfsf2.o)
                0x08000af4                __truncdfsf2
                0x08000af4                __aeabi_d2f
 .text          0x08000b94       0xa0 c:/program files (x86)/atollic/truestudio for stm32 9.3.0/armtools/bin/../lib/gcc/arm-atollic-eabi/6.3.1/armv7e-m/fpu\libgcc.a(_aeabi_ldivmod.o)
                0x08000b94                __aeabi_ldivmod
 .text          0x08000c34       0x30 c:/program files (x86)/atollic/truestudio for stm32 9.3.0/armtools/bin/../lib/gcc/arm-atollic-eabi/6.3.1/armv7e-m/fpu\libgcc.a(_aeabi_uldivmod.o)
                0x08000c34                __aeabi_uldivmod
 .text          0x08000c64      0x2dc c:/program files (x86)/atollic/truestudio for stm32 9.3.0/armtools/bin/../lib/gcc/arm-atollic-eabi/6.3.1/armv7e-m/fpu\libgcc.a(_udivmoddi4.o)
                0x08000c64                __udivmoddi4
 .text          0x08000f40        0x4 c:/program files (x86)/atollic/truestudio for stm32 9.3.0/armtools/bin/../lib/gcc/arm-atollic-eabi/6.3.1/armv7e-m/fpu\libgcc.a(_dvmd_tls.o)
                0x08000f40                __aeabi_idiv0
                0x08000f40                __aeabi_ldiv0
 *(.text*)
 .text.HAL_InitTick
                0x08000f44       0x30 Drivers\STM32L4xx_HAL_Driver\Src\stm32l4xx_hal.o
                0x08000f44                HAL_InitTick
 .text.HAL_Init
                0x08000f74       0x1e Drivers\STM32L4xx_HAL_Driver\Src\stm32l4xx_hal.o
                0x08000f74                HAL_Init
 *fill*         0x08000f92        0x2 
 .text.HAL_IncTick
                0x08000f94       0x10 Drivers\STM32L4xx_HAL_Driver\Src\stm32l4xx_hal.o
                0x08000f94                HAL_IncTick
 .text.HAL_GetTick
                0x08000fa4        0xc Drivers\STM32L4xx_HAL_Driver\Src\stm32l4xx_hal.o
                0x08000fa4                HAL_GetTick
 .text.HAL_Delay
                0x08000fb0       0x1c Drivers\STM32L4xx_HAL_Driver\Src\stm32l4xx_hal.o
                0x08000fb0                HAL_Delay
 .text.HAL_NVIC_SetPriorityGrouping
                0x08000fcc       0x24 Drivers\STM32L4xx_HAL_Driver\Src\stm32l4xx_hal_cortex.o
                0x08000fcc                HAL_NVIC_SetPriorityGrouping
 .text.HAL_NVIC_SetPriority
                0x08000ff0       0x68 Drivers\STM32L4xx_HAL_Driver\Src\stm32l4xx_hal_cortex.o
                0x08000ff0                HAL_NVIC_SetPriority
 .text.HAL_NVIC_EnableIRQ
                0x08001058       0x18 Drivers\STM32L4xx_HAL_Driver\Src\stm32l4xx_hal_cortex.o
                0x08001058                HAL_NVIC_EnableIRQ
 .text.HAL_SYSTICK_Config
                0x08001070       0x2c Drivers\STM32L4xx_HAL_Driver\Src\stm32l4xx_hal_cortex.o
                0x08001070                HAL_SYSTICK_Config
 .text.HAL_DMA_Abort_IT
                0x0800109c       0x4c Drivers\STM32L4xx_HAL_Driver\Src\stm32l4xx_hal_dma.o
                0x0800109c                HAL_DMA_Abort_IT
 .text.HAL_GPIO_Init
                0x080010e8      0x184 Drivers\STM32L4xx_HAL_Driver\Src\stm32l4xx_hal_gpio.o
                0x080010e8                HAL_GPIO_Init
 .text.HAL_GPIO_ReadPin
                0x0800126c        0xc Drivers\STM32L4xx_HAL_Driver\Src\stm32l4xx_hal_gpio.o
                0x0800126c                HAL_GPIO_ReadPin
 .text.HAL_GPIO_WritePin
                0x08001278        0xa Drivers\STM32L4xx_HAL_Driver\Src\stm32l4xx_hal_gpio.o
                0x08001278                HAL_GPIO_WritePin
 *fill*         0x08001282        0x2 
 .text.HAL_PWREx_GetVoltageRange
                0x08001284       0x10 Drivers\STM32L4xx_HAL_Driver\Src\stm32l4xx_hal_pwr_ex.o
                0x08001284                HAL_PWREx_GetVoltageRange
 .text.HAL_PWREx_ControlVoltageScaling
                0x08001294       0x6c Drivers\STM32L4xx_HAL_Driver\Src\stm32l4xx_hal_pwr_ex.o
                0x08001294                HAL_PWREx_ControlVoltageScaling
 .text.RCC_SetFlashLatencyFromMSIRange
                0x08001300       0x84 Drivers\STM32L4xx_HAL_Driver\Src\stm32l4xx_hal_rcc.o
 .text.HAL_RCC_GetSysClockFreq
                0x08001384       0xa8 Drivers\STM32L4xx_HAL_Driver\Src\stm32l4xx_hal_rcc.o
                0x08001384                HAL_RCC_GetSysClockFreq
 .text.HAL_RCC_OscConfig
                0x0800142c      0x4a4 Drivers\STM32L4xx_HAL_Driver\Src\stm32l4xx_hal_rcc.o
                0x0800142c                HAL_RCC_OscConfig
 .text.HAL_RCC_ClockConfig
                0x080018d0      0x124 Drivers\STM32L4xx_HAL_Driver\Src\stm32l4xx_hal_rcc.o
                0x080018d0                HAL_RCC_ClockConfig
 .text.HAL_RCC_GetPCLK1Freq
                0x080019f4       0x24 Drivers\STM32L4xx_HAL_Driver\Src\stm32l4xx_hal_rcc.o
                0x080019f4                HAL_RCC_GetPCLK1Freq
 .text.HAL_RCC_GetPCLK2Freq
                0x08001a18       0x24 Drivers\STM32L4xx_HAL_Driver\Src\stm32l4xx_hal_rcc.o
                0x08001a18                HAL_RCC_GetPCLK2Freq
 .text.RCCEx_PLLSAI1_Config
                0x08001a3c      0x118 Drivers\STM32L4xx_HAL_Driver\Src\stm32l4xx_hal_rcc_ex.o
 .text.HAL_RCCEx_PeriphCLKConfig
                0x08001b54      0x2b4 Drivers\STM32L4xx_HAL_Driver\Src\stm32l4xx_hal_rcc_ex.o
                0x08001b54                HAL_RCCEx_PeriphCLKConfig
 .text.SPI_WaitFifoStateUntilTimeout.part.1
                0x08001e08       0x50 Drivers\STM32L4xx_HAL_Driver\Src\stm32l4xx_hal_spi.o
 .text.SPI_WaitFlagStateUntilTimeout.constprop.10
                0x08001e58       0x2c Drivers\STM32L4xx_HAL_Driver\Src\stm32l4xx_hal_spi.o
 .text.SPI_WaitFifoStateUntilTimeout.constprop.11
                0x08001e84       0x34 Drivers\STM32L4xx_HAL_Driver\Src\stm32l4xx_hal_spi.o
 .text.SPI_EndRxTxTransaction
                0x08001eb8       0x44 Drivers\STM32L4xx_HAL_Driver\Src\stm32l4xx_hal_spi.o
 .text.HAL_SPI_Init
                0x08001efc       0xa2 Drivers\STM32L4xx_HAL_Driver\Src\stm32l4xx_hal_spi.o
                0x08001efc                HAL_SPI_Init
 .text.HAL_SPI_TransmitReceive
                0x08001f9e      0x248 Drivers\STM32L4xx_HAL_Driver\Src\stm32l4xx_hal_spi.o
                0x08001f9e                HAL_SPI_TransmitReceive
 .text.UART_EndRxTransfer
                0x080021e6       0x1e Drivers\STM32L4xx_HAL_Driver\Src\stm32l4xx_hal_uart.o
 .text.UART_RxISR_16BIT
                0x08002204       0x5a Drivers\STM32L4xx_HAL_Driver\Src\stm32l4xx_hal_uart.o
 .text.UART_RxISR_8BIT
                0x0800225e       0x58 Drivers\STM32L4xx_HAL_Driver\Src\stm32l4xx_hal_uart.o
 *fill*         0x080022b6        0x2 
 .text.HAL_UART_Receive_IT
                0x080022b8       0xa8 Drivers\STM32L4xx_HAL_Driver\Src\stm32l4xx_hal_uart.o
                0x080022b8                HAL_UART_Receive_IT
 .text.HAL_UART_TxCpltCallback
                0x08002360        0x2 Drivers\STM32L4xx_HAL_Driver\Src\stm32l4xx_hal_uart.o
                0x08002360                HAL_UART_TxCpltCallback
 .text.HAL_UART_ErrorCallback
                0x08002362        0x2 Drivers\STM32L4xx_HAL_Driver\Src\stm32l4xx_hal_uart.o
                0x08002362                HAL_UART_ErrorCallback
 .text.HAL_UART_IRQHandler
                0x08002364      0x12c Drivers\STM32L4xx_HAL_Driver\Src\stm32l4xx_hal_uart.o
                0x08002364                HAL_UART_IRQHandler
 .text.UART_DMAAbortOnError
                0x08002490       0x14 Drivers\STM32L4xx_HAL_Driver\Src\stm32l4xx_hal_uart.o
 .text.HAL_UART_GetState
                0x080024a4        0xc Drivers\STM32L4xx_HAL_Driver\Src\stm32l4xx_hal_uart.o
                0x080024a4                HAL_UART_GetState
 .text.UART_SetConfig
                0x080024b0      0x2b8 Drivers\STM32L4xx_HAL_Driver\Src\stm32l4xx_hal_uart.o
                0x080024b0                UART_SetConfig
 .text.UART_AdvFeatureConfig
                0x08002768       0xa8 Drivers\STM32L4xx_HAL_Driver\Src\stm32l4xx_hal_uart.o
                0x08002768                UART_AdvFeatureConfig
 .text.UART_WaitOnFlagUntilTimeout
                0x08002810       0x62 Drivers\STM32L4xx_HAL_Driver\Src\stm32l4xx_hal_uart.o
                0x08002810                UART_WaitOnFlagUntilTimeout
 .text.HAL_UART_Transmit
                0x08002872       0xae Drivers\STM32L4xx_HAL_Driver\Src\stm32l4xx_hal_uart.o
                0x08002872                HAL_UART_Transmit
 .text.HAL_UART_Receive
                0x08002920       0xde Drivers\STM32L4xx_HAL_Driver\Src\stm32l4xx_hal_uart.o
                0x08002920                HAL_UART_Receive
 .text.UART_CheckIdleState
                0x080029fe       0x64 Drivers\STM32L4xx_HAL_Driver\Src\stm32l4xx_hal_uart.o
                0x080029fe                UART_CheckIdleState
 .text.HAL_UART_Init
                0x08002a62       0x64 Drivers\STM32L4xx_HAL_Driver\Src\stm32l4xx_hal_uart.o
                0x08002a62                HAL_UART_Init
 .text.HAL_UARTEx_WakeupCallback
                0x08002ac6        0x2 Drivers\STM32L4xx_HAL_Driver\Src\stm32l4xx_hal_uart_ex.o
                0x08002ac6                HAL_UARTEx_WakeupCallback
 .text.UART_send_data
                0x08002ac8       0x1c Src\A111_test.o
                0x08002ac8                UART_send_data
 .text.return_data_ch
                0x08002ae4       0x84 Src\A111_test.o
                0x08002ae4                return_data_ch
 .text.get_cmd  0x08002b68      0x1b4 Src\A111_test.o
                0x08002b68                get_cmd
 .text.acc_hal_integration_get_reference_frequency
                0x08002d1c        0xc Src\acc_hal_integration_single_thread_stm32cube_xc111_r4a.o
 .text.acc_hal_integration_sensor_transfer
                0x08002d28       0x3c Src\acc_hal_integration_single_thread_stm32cube_xc111_r4a.o
 .text.acc_hal_integration_get_current_time
                0x08002d64       0x12 Src\acc_hal_integration_single_thread_stm32cube_xc111_r4a.o
 .text.acc_hal_integration_log
                0x08002d76       0x14 Src\acc_hal_integration_single_thread_stm32cube_xc111_r4a.o
 .text.acc_hal_integration_sleep_us
                0x08002d8a        0xc Src\acc_hal_integration_single_thread_stm32cube_xc111_r4a.o
 *fill*         0x08002d96        0x2 
 .text.acc_hal_integration_sensor_power_on
                0x08002d98       0x38 Src\acc_hal_integration_single_thread_stm32cube_xc111_r4a.o
 .text.acc_hal_integration_sensor_power_off
                0x08002dd0       0x2c Src\acc_hal_integration_single_thread_stm32cube_xc111_r4a.o
 .text.acc_hal_integration_wait_for_sensor_interrupt
                0x08002dfc       0x48 Src\acc_hal_integration_single_thread_stm32cube_xc111_r4a.o
 .text.acc_hal_integration_get_implementation
                0x08002e44       0x10 Src\acc_hal_integration_single_thread_stm32cube_xc111_r4a.o
                0x08002e44                acc_hal_integration_get_implementation
 .text.acc_board_init
                0x08002e54        0x4 Src\acc_legacy_hal_stubs.o
                0x08002e54                acc_board_init
 .text.acc_board_start_sensor
                0x08002e58        0x2 Src\acc_legacy_hal_stubs.o
                0x08002e58                acc_board_start_sensor
 .text.acc_board_stop_sensor
                0x08002e5a        0x2 Src\acc_legacy_hal_stubs.o
                0x08002e5a                acc_board_stop_sensor
 .text.acc_board_get_sensor_count
                0x08002e5c        0x4 Src\acc_legacy_hal_stubs.o
                0x08002e5c                acc_board_get_sensor_count
 .text.acc_board_get_ref_freq
                0x08002e60        0xc Src\acc_legacy_hal_stubs.o
                0x08002e60                acc_board_get_ref_freq
 .text.acc_board_wait_for_sensor_interrupt
                0x08002e6c        0x4 Src\acc_legacy_hal_stubs.o
                0x08002e6c                acc_board_wait_for_sensor_interrupt
 .text.acc_board_sensor_transfer
                0x08002e70        0x2 Src\acc_legacy_hal_stubs.o
                0x08002e70                acc_board_sensor_transfer
 .text.acc_board_gpio_init
                0x08002e72        0x4 Src\acc_legacy_hal_stubs.o
                0x08002e72                acc_board_gpio_init
 .text.acc_device_spi_get_max_transfer_size
                0x08002e76        0x6 Src\acc_legacy_hal_stubs.o
                0x08002e76                acc_device_spi_get_max_transfer_size
 .text.acc_os_semaphore_create
                0x08002e7c        0x4 Src\acc_legacy_hal_stubs.o
                0x08002e7c                acc_os_semaphore_create
 .text.acc_os_mem_alloc_debug
                0x08002e80        0x4 Src\acc_legacy_hal_stubs.o
                0x08002e80                acc_os_mem_alloc_debug
 .text.acc_os_sleep_us
                0x08002e84        0x2 Src\acc_legacy_hal_stubs.o
                0x08002e84                acc_os_sleep_us
 .text.acc_os_mem_free
                0x08002e86        0x2 Src\acc_legacy_hal_stubs.o
                0x08002e86                acc_os_mem_free
 .text.acc_os_get_time
                0x08002e88        0x2 Src\acc_legacy_hal_stubs.o
                0x08002e88                acc_os_get_time
 .text.acc_os_mutex_create
                0x08002e8a        0x4 Src\acc_legacy_hal_stubs.o
                0x08002e8a                acc_os_mutex_create
 .text.acc_os_mutex_lock
                0x08002e8e        0x2 Src\acc_legacy_hal_stubs.o
                0x08002e8e                acc_os_mutex_lock
 .text.acc_os_mutex_unlock
                0x08002e90        0x2 Src\acc_legacy_hal_stubs.o
                0x08002e90                acc_os_mutex_unlock
 .text.acc_os_mutex_destroy
                0x08002e92        0x2 Src\acc_legacy_hal_stubs.o
                0x08002e92                acc_os_mutex_destroy
 .text.acc_os_thread_create
                0x08002e94        0x4 Src\acc_legacy_hal_stubs.o
                0x08002e94                acc_os_thread_create
 .text.acc_os_thread_exit
                0x08002e98        0x2 Src\acc_legacy_hal_stubs.o
                0x08002e98                acc_os_thread_exit
 .text.acc_os_thread_cleanup
                0x08002e9a        0x2 Src\acc_legacy_hal_stubs.o
                0x08002e9a                acc_os_thread_cleanup
 .text.acc_os_semaphore_wait
                0x08002e9c        0x4 Src\acc_legacy_hal_stubs.o
                0x08002e9c                acc_os_semaphore_wait
 .text.acc_os_semaphore_signal
                0x08002ea0        0x2 Src\acc_legacy_hal_stubs.o
                0x08002ea0                acc_os_semaphore_signal
 .text.acc_os_semaphore_destroy
                0x08002ea2        0x2 Src\acc_legacy_hal_stubs.o
                0x08002ea2                acc_os_semaphore_destroy
 .text.acc_os_multithread_support
                0x08002ea4        0x4 Src\acc_legacy_hal_stubs.o
                0x08002ea4                acc_os_multithread_support
 .text.acc_example_power_bin_once
                0x08002ea8      0x11c Src\example_power_bin_once.o
                0x08002ea8                acc_example_power_bin_once
 .text.MX_GPIO_Init
                0x08002fc4       0xf4 Src\gpio.o
                0x08002fc4                MX_GPIO_Init
 .text.SystemClock_Config
                0x080030b8       0x7c Src\main.o
                0x080030b8                SystemClock_Config
 .text.startup.main
                0x08003134       0x84 Src\main.o
                0x08003134                main
 .text.Error_Handler
                0x080031b8        0x2 Src\main.o
                0x080031b8                Error_Handler
 *fill*         0x080031ba        0x2 
 .text.MX_SPI2_Init
                0x080031bc       0x48 Src\spi.o
                0x080031bc                MX_SPI2_Init
 .text.HAL_SPI_MspInit
                0x08003204       0x4c Src\spi.o
                0x08003204                HAL_SPI_MspInit
 .text.HAL_MspInit
                0x08003250       0x30 Src\stm32l4xx_hal_msp.o
                0x08003250                HAL_MspInit
 .text.NMI_Handler
                0x08003280        0x2 Src\stm32l4xx_it.o
                0x08003280                NMI_Handler
 .text.HardFault_Handler
                0x08003282        0x2 Src\stm32l4xx_it.o
                0x08003282                HardFault_Handler
 .text.MemManage_Handler
                0x08003284        0x2 Src\stm32l4xx_it.o
                0x08003284                MemManage_Handler
 .text.BusFault_Handler
                0x08003286        0x2 Src\stm32l4xx_it.o
                0x08003286                BusFault_Handler
 .text.UsageFault_Handler
                0x08003288        0x2 Src\stm32l4xx_it.o
                0x08003288                UsageFault_Handler
 .text.SVC_Handler
                0x0800328a        0x2 Src\stm32l4xx_it.o
                0x0800328a                SVC_Handler
 .text.DebugMon_Handler
                0x0800328c        0x2 Src\stm32l4xx_it.o
                0x0800328c                DebugMon_Handler
 .text.PendSV_Handler
                0x0800328e        0x2 Src\stm32l4xx_it.o
                0x0800328e                PendSV_Handler
 .text.SysTick_Handler
                0x08003290        0x4 Src\stm32l4xx_it.o
                0x08003290                SysTick_Handler
 .text.SystemInit
                0x08003294       0x48 Src\system_stm32l4xx.o
                0x08003294                SystemInit
 .text.MX_USART1_UART_Init
                0x080032dc       0x3c Src\usart.o
                0x080032dc                MX_USART1_UART_Init
 .text.MX_USART3_UART_Init
                0x08003318       0x3c Src\usart.o
                0x08003318                MX_USART3_UART_Init
 .text.HAL_UART_MspInit
                0x08003354       0xc8 Src\usart.o
                0x08003354                HAL_UART_MspInit
 .text.__io_putchar
                0x0800341c       0x20 Src\usart.o
                0x0800341c                __io_putchar
 .text._write   0x0800343c       0x1c Src\usart.o
                0x0800343c                _write
 .text.HAL_UART_RxCpltCallback
                0x08003458       0x68 Src\usart.o
                0x08003458                HAL_UART_RxCpltCallback
 .text.USART1_IRQHandler
                0x080034c0       0x40 Src\usart.o
                0x080034c0                USART1_IRQHandler
 .text.USART3_IRQHandler
                0x08003500       0x20 Src\usart.o
                0x08003500                USART3_IRQHandler
 .text.Reset_Handler
                0x08003520       0x50 startup\startup_stm32l431xx.o
                0x08003520                Reset_Handler
 .text.Default_Handler
                0x08003570        0x2 startup\startup_stm32l431xx.o
                0x08003570                RTC_Alarm_IRQHandler
                0x08003570                EXTI2_IRQHandler
                0x08003570                TIM1_CC_IRQHandler
                0x08003570                TSC_IRQHandler
                0x08003570                TAMP_STAMP_IRQHandler
                0x08003570                EXTI3_IRQHandler
                0x08003570                LPTIM2_IRQHandler
                0x08003570                I2C3_ER_IRQHandler
                0x08003570                EXTI0_IRQHandler
                0x08003570                I2C2_EV_IRQHandler
                0x08003570                CAN1_RX0_IRQHandler
                0x08003570                FPU_IRQHandler
                0x08003570                TIM1_UP_TIM16_IRQHandler
                0x08003570                SPI1_IRQHandler
                0x08003570                TIM6_DAC_IRQHandler
                0x08003570                DMA2_Channel2_IRQHandler
                0x08003570                DMA1_Channel4_IRQHandler
                0x08003570                ADC1_IRQHandler
                0x08003570                DMA1_Channel7_IRQHandler
                0x08003570                CAN1_RX1_IRQHandler
                0x08003570                DMA2_Channel1_IRQHandler
                0x08003570                QUADSPI_IRQHandler
                0x08003570                I2C1_EV_IRQHandler
                0x08003570                DMA1_Channel6_IRQHandler
                0x08003570                DMA2_Channel4_IRQHandler
                0x08003570                RCC_IRQHandler
                0x08003570                TIM1_TRG_COM_IRQHandler
                0x08003570                DMA1_Channel1_IRQHandler
                0x08003570                Default_Handler
                0x08003570                DMA2_Channel7_IRQHandler
                0x08003570                EXTI15_10_IRQHandler
                0x08003570                TIM7_IRQHandler
                0x08003570                SDMMC1_IRQHandler
                0x08003570                I2C3_EV_IRQHandler
                0x08003570                EXTI9_5_IRQHandler
                0x08003570                RTC_WKUP_IRQHandler
                0x08003570                PVD_PVM_IRQHandler
                0x08003570                SPI2_IRQHandler
                0x08003570                CAN1_TX_IRQHandler
                0x08003570                DMA2_Channel5_IRQHandler
                0x08003570                CRS_IRQHandler
                0x08003570                DMA1_Channel5_IRQHandler
                0x08003570                EXTI4_IRQHandler
                0x08003570                RNG_IRQHandler
                0x08003570                DMA1_Channel3_IRQHandler
                0x08003570                COMP_IRQHandler
                0x08003570                WWDG_IRQHandler
                0x08003570                LPUART1_IRQHandler
                0x08003570                DMA2_Channel6_IRQHandler
                0x08003570                TIM2_IRQHandler
                0x08003570                EXTI1_IRQHandler
                0x08003570                USART2_IRQHandler
                0x08003570                I2C2_ER_IRQHandler
                0x08003570                DMA1_Channel2_IRQHandler
                0x08003570                CAN1_SCE_IRQHandler
                0x08003570                FLASH_IRQHandler
                0x08003570                SPI3_IRQHandler
                0x08003570                I2C1_ER_IRQHandler
                0x08003570                SWPMI1_IRQHandler
                0x08003570                LPTIM1_IRQHandler
                0x08003570                SAI1_IRQHandler
                0x08003570                DMA2_Channel3_IRQHandler
                0x08003570                TIM1_BRK_TIM15_IRQHandler
 *fill*         0x08003572        0x2 
 .text.acc_rss_activate_with_hal
                0x08003574       0xb8 C:\Users\先才\Desktop\BEYD_A111_102\Drivers\lib\libacc_service.a(acc_rss.o)
                0x08003574                acc_rss_activate_with_hal
 .text.acc_rss_deactivate
                0x0800362c       0x38 C:\Users\先才\Desktop\BEYD_A111_102\Drivers\lib\libacc_service.a(acc_rss.o)
                0x0800362c                acc_rss_deactivate
 .text.acc_service_get_sweep_configuration
                0x08003664       0x20 C:\Users\先才\Desktop\BEYD_A111_102\Drivers\lib\libacc_service.a(acc_service.o)
                0x08003664                acc_service_get_sweep_configuration
 .text.acc_service_activate
                0x08003684       0x64 C:\Users\先才\Desktop\BEYD_A111_102\Drivers\lib\libacc_service.a(acc_service.o)
                0x08003684                acc_service_activate
 .text.acc_service_deactivate
                0x080036e8       0x60 C:\Users\先才\Desktop\BEYD_A111_102\Drivers\lib\libacc_service.a(acc_service.o)
                0x080036e8                acc_service_deactivate
 .text.acc_service_initialize_service_configuration
                0x08003748       0x1c C:\Users\先才\Desktop\BEYD_A111_102\Drivers\lib\libacc_service.a(acc_service.o)
                0x08003748                acc_service_initialize_service_configuration
 .text.acc_service_in_blocking_mode
                0x08003764        0xc C:\Users\先才\Desktop\BEYD_A111_102\Drivers\lib\libacc_service.a(acc_service.o)
                0x08003764                acc_service_in_blocking_mode
 .text.acc_service_create_sweep_session
                0x08003770       0x1c C:\Users\先才\Desktop\BEYD_A111_102\Drivers\lib\libacc_service.a(acc_service.o)
                0x08003770                acc_service_create_sweep_session
 .text.acc_service_get_configuration_output
                0x0800378c        0x8 C:\Users\先才\Desktop\BEYD_A111_102\Drivers\lib\libacc_service.a(acc_service.o)
                0x0800378c                acc_service_get_configuration_output
 .text.acc_service_destroy_sweep_session
                0x08003794        0xc C:\Users\先才\Desktop\BEYD_A111_102\Drivers\lib\libacc_service.a(acc_service.o)
                0x08003794                acc_service_destroy_sweep_session
 .text.acc_service_lock_service
                0x080037a0       0x18 C:\Users\先才\Desktop\BEYD_A111_102\Drivers\lib\libacc_service.a(acc_service.o)
                0x080037a0                acc_service_lock_service
 .text.acc_service_unlock_service
                0x080037b8       0x18 C:\Users\先才\Desktop\BEYD_A111_102\Drivers\lib\libacc_service.a(acc_service.o)
                0x080037b8                acc_service_unlock_service
 .text.acc_service_get_next
                0x080037d0      0x198 C:\Users\先才\Desktop\BEYD_A111_102\Drivers\lib\libacc_service.a(acc_service.o)
                0x080037d0                acc_service_get_next
 .text.acc_service_send_data
                0x08003968       0x7c C:\Users\先才\Desktop\BEYD_A111_102\Drivers\lib\libacc_service.a(acc_service.o)
                0x08003968                acc_service_send_data
 .text.acc_service_set_module_active
                0x080039e4        0xc C:\Users\先才\Desktop\BEYD_A111_102\Drivers\lib\libacc_service.a(acc_service.o)
                0x080039e4                acc_service_set_module_active
 .text.acc_service_handle_valid
                0x080039f0       0x2c C:\Users\先才\Desktop\BEYD_A111_102\Drivers\lib\libacc_service.a(acc_service.o)
                0x080039f0                acc_service_handle_valid
 .text.acc_service_configuration_valid
                0x08003a1c       0x2c C:\Users\先才\Desktop\BEYD_A111_102\Drivers\lib\libacc_service.a(acc_service.o)
                0x08003a1c                acc_service_configuration_valid
 .text.sweep_session_user_callback
                0x08003a48       0x24 C:\Users\先才\Desktop\BEYD_A111_102\Drivers\lib\libacc_service.a(acc_service_envelope.o)
 .text.sweep_session_send_data
                0x08003a6c       0x2c C:\Users\先才\Desktop\BEYD_A111_102\Drivers\lib\libacc_service.a(acc_service_envelope.o)
 .text.acc_service_envelope_create
                0x08003a98       0x5c C:\Users\先才\Desktop\BEYD_A111_102\Drivers\lib\libacc_service.a(acc_service_envelope.o)
                0x08003a98                acc_service_envelope_create
 .text.acc_service_envelope_destroy
                0x08003af4        0x4 C:\Users\先才\Desktop\BEYD_A111_102\Drivers\lib\libacc_service.a(acc_service_envelope.o)
                0x08003af4                acc_service_envelope_destroy
 .text.acc_service_manager_activate
                0x08003af8       0x2c C:\Users\先才\Desktop\BEYD_A111_102\Drivers\lib\libacc_service.a(acc_service_manager.o)
                0x08003af8                acc_service_manager_activate
 .text.acc_service_manager_deactivate
                0x08003b24       0x18 C:\Users\先才\Desktop\BEYD_A111_102\Drivers\lib\libacc_service.a(acc_service_manager.o)
                0x08003b24                acc_service_manager_deactivate
 .text.acc_service_create
                0x08003b3c       0x34 C:\Users\先才\Desktop\BEYD_A111_102\Drivers\lib\libacc_service.a(acc_service_manager.o)
                0x08003b3c                acc_service_create
 .text.acc_service_destroy
                0x08003b70       0x48 C:\Users\先才\Desktop\BEYD_A111_102\Drivers\lib\libacc_service.a(acc_service_manager.o)
                0x08003b70                acc_service_destroy
 .text.sweep_session_user_callback
                0x08003bb8       0x24 C:\Users\先才\Desktop\BEYD_A111_102\Drivers\lib\libacc_service.a(acc_service_power_bins.o)
 .text.sweep_session_send_data
                0x08003bdc       0x2c C:\Users\先才\Desktop\BEYD_A111_102\Drivers\lib\libacc_service.a(acc_service_power_bins.o)
 .text.get_power_bins_configuration
                0x08003c08       0x34 C:\Users\先才\Desktop\BEYD_A111_102\Drivers\lib\libacc_service.a(acc_service_power_bins.o)
 .text.acc_service_power_bins_configuration_create
                0x08003c3c      0x110 C:\Users\先才\Desktop\BEYD_A111_102\Drivers\lib\libacc_service.a(acc_service_power_bins.o)
                0x08003c3c                acc_service_power_bins_configuration_create
 .text.acc_service_power_bins_configuration_destroy
                0x08003d4c       0x18 C:\Users\先才\Desktop\BEYD_A111_102\Drivers\lib\libacc_service.a(acc_service_power_bins.o)
                0x08003d4c                acc_service_power_bins_configuration_destroy
 .text.acc_service_power_bins_requested_bin_count_set
                0x08003d64       0x10 C:\Users\先才\Desktop\BEYD_A111_102\Drivers\lib\libacc_service.a(acc_service_power_bins.o)
                0x08003d64                acc_service_power_bins_requested_bin_count_set
 .text.acc_service_power_bins_get_metadata
                0x08003d74       0x10 C:\Users\先才\Desktop\BEYD_A111_102\Drivers\lib\libacc_service.a(acc_service_power_bins.o)
                0x08003d74                acc_service_power_bins_get_metadata
 .text.acc_service_power_bins_execute_once
                0x08003d84       0x30 C:\Users\先才\Desktop\BEYD_A111_102\Drivers\lib\libacc_service.a(acc_service_power_bins.o)
                0x08003d84                acc_service_power_bins_execute_once
 .text.acc_service_power_bins_create
                0x08003db4       0x5c C:\Users\先才\Desktop\BEYD_A111_102\Drivers\lib\libacc_service.a(acc_service_power_bins.o)
                0x08003db4                acc_service_power_bins_create
 .text.acc_service_power_bins_destroy
                0x08003e10        0x4 C:\Users\先才\Desktop\BEYD_A111_102\Drivers\lib\libacc_service.a(acc_service_power_bins.o)
                0x08003e10                acc_service_power_bins_destroy
 .text.sweep_session_user_callback
                0x08003e14       0x24 C:\Users\先才\Desktop\BEYD_A111_102\Drivers\lib\libacc_service.a(acc_service_sparse.o)
 .text.sweep_session_send_data
                0x08003e38       0x2c C:\Users\先才\Desktop\BEYD_A111_102\Drivers\lib\libacc_service.a(acc_service_sparse.o)
 .text.acc_service_sparse_create
                0x08003e64       0x54 C:\Users\先才\Desktop\BEYD_A111_102\Drivers\lib\libacc_service.a(acc_service_sparse.o)
                0x08003e64                acc_service_sparse_create
 .text.acc_service_sparse_destroy
                0x08003eb8        0x4 C:\Users\先才\Desktop\BEYD_A111_102\Drivers\lib\libacc_service.a(acc_service_sparse.o)
                0x08003eb8                acc_service_sparse_destroy
 .text.initialize_handle
                0x08003ebc       0x38 C:\Users\先才\Desktop\BEYD_A111_102\Drivers\lib\libacc_service.a(acc_service_factory.o)
 .text.register_handle
                0x08003ef4       0xd8 C:\Users\先才\Desktop\BEYD_A111_102\Drivers\lib\libacc_service.a(acc_service_factory.o)
 .text.service_data_timeout_get
                0x08003fcc       0x48 C:\Users\先才\Desktop\BEYD_A111_102\Drivers\lib\libacc_service.a(acc_service_factory.o)
 .text.acc_service_factory_activate
                0x08004014       0x38 C:\Users\先才\Desktop\BEYD_A111_102\Drivers\lib\libacc_service.a(acc_service_factory.o)
                0x08004014                acc_service_factory_activate
 .text.acc_service_factory_destroy_service
                0x0800404c       0xd0 C:\Users\先才\Desktop\BEYD_A111_102\Drivers\lib\libacc_service.a(acc_service_factory.o)
                0x0800404c                acc_service_factory_destroy_service
 .text.acc_service_factory_deactivate
                0x0800411c       0x4c C:\Users\先才\Desktop\BEYD_A111_102\Drivers\lib\libacc_service.a(acc_service_factory.o)
                0x0800411c                acc_service_factory_deactivate
 .text.acc_service_factory_create_service
                0x08004168      0x1f0 C:\Users\先才\Desktop\BEYD_A111_102\Drivers\lib\libacc_service.a(acc_service_factory.o)
                0x08004168                acc_service_factory_create_service
 .text.sweep_session_user_float_callback
                0x08004358       0x28 C:\Users\先才\Desktop\BEYD_A111_102\Drivers\lib\libacc_service.a(acc_service_iq.o)
 .text.sweep_session_user_int16_callback
                0x08004380       0x28 C:\Users\先才\Desktop\BEYD_A111_102\Drivers\lib\libacc_service.a(acc_service_iq.o)
 .text.sweep_session_send_data
                0x080043a8       0x30 C:\Users\先才\Desktop\BEYD_A111_102\Drivers\lib\libacc_service.a(acc_service_iq.o)
 .text.acc_service_iq_create
                0x080043d8       0x6c C:\Users\先才\Desktop\BEYD_A111_102\Drivers\lib\libacc_service.a(acc_service_iq.o)
                0x080043d8                acc_service_iq_create
 .text.acc_service_iq_destroy
                0x08004444        0x4 C:\Users\先才\Desktop\BEYD_A111_102\Drivers\lib\libacc_service.a(acc_service_iq.o)
                0x08004444                acc_service_iq_destroy
 .text.calibrate_sensor
                0x08004448       0xa4 C:\Users\先才\Desktop\BEYD_A111_102\Drivers\lib\libacconeer_sensor.a(acc_sensor_manager.o)
 .text.acc_sensor_manager_activate
                0x080044ec       0x98 C:\Users\先才\Desktop\BEYD_A111_102\Drivers\lib\libacconeer_sensor.a(acc_sensor_manager.o)
                0x080044ec                acc_sensor_manager_activate
 .text.acc_sensor_manager_deactivate
                0x08004584       0x28 C:\Users\先才\Desktop\BEYD_A111_102\Drivers\lib\libacconeer_sensor.a(acc_sensor_manager.o)
                0x08004584                acc_sensor_manager_deactivate
 .text.acc_sensor_manager_start_sensor
                0x080045ac        0x4 C:\Users\先才\Desktop\BEYD_A111_102\Drivers\lib\libacconeer_sensor.a(acc_sensor_manager.o)
                0x080045ac                acc_sensor_manager_start_sensor
 .text.acc_sensor_manager_stop_sensor
                0x080045b0        0x4 C:\Users\先才\Desktop\BEYD_A111_102\Drivers\lib\libacconeer_sensor.a(acc_sensor_manager.o)
                0x080045b0                acc_sensor_manager_stop_sensor
 .text.acc_sensor_manager_prepare_measurement
                0x080045b4       0xfc C:\Users\先才\Desktop\BEYD_A111_102\Drivers\lib\libacconeer_sensor.a(acc_sensor_manager.o)
                0x080045b4                acc_sensor_manager_prepare_measurement
 .text.acc_sensor_manager_start_measurement
                0x080046b0       0x3c C:\Users\先才\Desktop\BEYD_A111_102\Drivers\lib\libacconeer_sensor.a(acc_sensor_manager.o)
                0x080046b0                acc_sensor_manager_start_measurement
 .text.acc_sensor_manager_stop_measurement
                0x080046ec       0x64 C:\Users\先才\Desktop\BEYD_A111_102\Drivers\lib\libacconeer_sensor.a(acc_sensor_manager.o)
                0x080046ec                acc_sensor_manager_stop_measurement
 .text.acc_sensor_manager_wait_for_adc_output
                0x08004750      0x170 C:\Users\先才\Desktop\BEYD_A111_102\Drivers\lib\libacconeer_sensor.a(acc_sensor_manager.o)
                0x08004750                acc_sensor_manager_wait_for_adc_output
 .text.acc_sensor_manager_release_measurement
                0x080048c0       0x24 C:\Users\先才\Desktop\BEYD_A111_102\Drivers\lib\libacconeer_sensor.a(acc_sensor_manager.o)
                0x080048c0                acc_sensor_manager_release_measurement
 .text.acc_sensor_manager_get_configuration_output
                0x080048e4       0x18 C:\Users\先才\Desktop\BEYD_A111_102\Drivers\lib\libacconeer_sensor.a(acc_sensor_manager.o)
                0x080048e4                acc_sensor_manager_get_configuration_output
 .text.acc_sensor_protocol_get_indication_header.part.0
                0x080048fc       0xbc C:\Users\先才\Desktop\BEYD_A111_102\Drivers\lib\libacconeer_sensor.a(acc_sensor_protocol.o)
 .text.acc_sensor_protocol_get_asic_id
                0x080049b8       0x1c C:\Users\先才\Desktop\BEYD_A111_102\Drivers\lib\libacconeer_sensor.a(acc_sensor_protocol.o)
                0x080049b8                acc_sensor_protocol_get_asic_id
 .text.acc_sensor_protocol_is_sensor_running
                0x080049d4       0x20 C:\Users\先才\Desktop\BEYD_A111_102\Drivers\lib\libacconeer_sensor.a(acc_sensor_protocol.o)
                0x080049d4                acc_sensor_protocol_is_sensor_running
 .text.acc_sensor_protocol_get_communication_buffer
                0x080049f4        0x4 C:\Users\先才\Desktop\BEYD_A111_102\Drivers\lib\libacconeer_sensor.a(acc_sensor_protocol.o)
                0x080049f4                acc_sensor_protocol_get_communication_buffer
 .text.acc_sensor_protocol_clear_resources
                0x080049f8        0x8 C:\Users\先才\Desktop\BEYD_A111_102\Drivers\lib\libacconeer_sensor.a(acc_sensor_protocol.o)
                0x080049f8                acc_sensor_protocol_clear_resources
 .text.acc_sensor_protocol_run_program
                0x08004a00       0x7c C:\Users\先才\Desktop\BEYD_A111_102\Drivers\lib\libacconeer_sensor.a(acc_sensor_protocol.o)
                0x08004a00                acc_sensor_protocol_run_program
 .text.acc_sensor_protocol_get_indication_payload
                0x08004a7c       0xfc C:\Users\先才\Desktop\BEYD_A111_102\Drivers\lib\libacconeer_sensor.a(acc_sensor_protocol.o)
                0x08004a7c                acc_sensor_protocol_get_indication_payload
 .text.acc_sensor_protocol_terminate_program
                0x08004b78       0x4c C:\Users\先才\Desktop\BEYD_A111_102\Drivers\lib\libacconeer_sensor.a(acc_sensor_protocol.o)
                0x08004b78                acc_sensor_protocol_terminate_program
 .text.acc_sensor_protocol_get_error_message
                0x08004bc4       0x1c C:\Users\先才\Desktop\BEYD_A111_102\Drivers\lib\libacconeer_sensor.a(acc_sensor_protocol.o)
                0x08004bc4                acc_sensor_protocol_get_error_message
 .text.acc_sensor_health_check
                0x08004be0       0x9c C:\Users\先才\Desktop\BEYD_A111_102\Drivers\lib\libacconeer_sensor.a(acc_sensor_protocol.o)
                0x08004be0                acc_sensor_health_check
 .text.acc_sensor_protocol_diagnostics
                0x08004c7c      0x4c8 C:\Users\先才\Desktop\BEYD_A111_102\Drivers\lib\libacconeer_sensor.a(acc_sensor_protocol.o)
                0x08004c7c                acc_sensor_protocol_diagnostics
 .text.acc_sensor_protocol_load_program
                0x08005144       0xd4 C:\Users\先才\Desktop\BEYD_A111_102\Drivers\lib\libacconeer_sensor.a(acc_sensor_protocol.o)
                0x08005144                acc_sensor_protocol_load_program
 .text.acc_sensor_protocol_try_get_indication
                0x08005218       0xb0 C:\Users\先才\Desktop\BEYD_A111_102\Drivers\lib\libacconeer_sensor.a(acc_sensor_protocol.o)
                0x08005218                acc_sensor_protocol_try_get_indication
 .text.acc_sensor_protocol_respond_to_indication
                0x080052c8       0x40 C:\Users\先才\Desktop\BEYD_A111_102\Drivers\lib\libacconeer_sensor.a(acc_sensor_protocol.o)
                0x080052c8                acc_sensor_protocol_respond_to_indication
 .text.acc_sensor_protocol_low_power_stop
                0x08005308       0xdc C:\Users\先才\Desktop\BEYD_A111_102\Drivers\lib\libacconeer_sensor.a(acc_sensor_protocol.o)
                0x08005308                acc_sensor_protocol_low_power_stop
 .text.acc_sensor_protocol_stop
                0x080053e4       0xf4 C:\Users\先才\Desktop\BEYD_A111_102\Drivers\lib\libacconeer_sensor.a(acc_sensor_protocol.o)
                0x080053e4                acc_sensor_protocol_stop
 .text.acc_sweep_manager_activate
                0x080054d8       0x4c C:\Users\先才\Desktop\BEYD_A111_102\Drivers\lib\libacconeer_sensor.a(acc_sweep_manager.o)
                0x080054d8                acc_sweep_manager_activate
 .text.acc_sweep_manager_deactivate
                0x08005524       0x20 C:\Users\先才\Desktop\BEYD_A111_102\Drivers\lib\libacconeer_sensor.a(acc_sweep_manager.o)
                0x08005524                acc_sweep_manager_deactivate
 .text.acc_sweep_manager_prepare
                0x08005544       0xc8 C:\Users\先才\Desktop\BEYD_A111_102\Drivers\lib\libacconeer_sensor.a(acc_sweep_manager.o)
                0x08005544                acc_sweep_manager_prepare
 .text.acc_sweep_manager_release
                0x0800560c       0x18 C:\Users\先才\Desktop\BEYD_A111_102\Drivers\lib\libacconeer_sensor.a(acc_sweep_manager.o)
                0x0800560c                acc_sweep_manager_release
 .text.acc_sweep_manager_get_metadata
                0x08005624        0x4 C:\Users\先才\Desktop\BEYD_A111_102\Drivers\lib\libacconeer_sensor.a(acc_sweep_manager.o)
                0x08005624                acc_sweep_manager_get_metadata
 .text.acc_sweep_manager_get_data_reference
                0x08005628        0x4 C:\Users\先才\Desktop\BEYD_A111_102\Drivers\lib\libacconeer_sensor.a(acc_sweep_manager.o)
                0x08005628                acc_sweep_manager_get_data_reference
 .text.acc_sweep_manager_calibrate
                0x0800562c        0x8 C:\Users\先才\Desktop\BEYD_A111_102\Drivers\lib\libacconeer_sensor.a(acc_sweep_manager.o)
                0x0800562c                acc_sweep_manager_calibrate
 .text.acc_sweep_manager_get_configuration_output
                0x08005634       0x18 C:\Users\先才\Desktop\BEYD_A111_102\Drivers\lib\libacconeer_sensor.a(acc_sweep_manager.o)
                0x08005634                acc_sweep_manager_get_configuration_output
 .text.acc_sweep_manager_start
                0x0800564c       0x28 C:\Users\先才\Desktop\BEYD_A111_102\Drivers\lib\libacconeer_sensor.a(acc_sweep_manager.o)
                0x0800564c                acc_sweep_manager_start
 .text.acc_sweep_manager_wait_for_data
                0x08005674       0xcc C:\Users\先才\Desktop\BEYD_A111_102\Drivers\lib\libacconeer_sensor.a(acc_sweep_manager.o)
                0x08005674                acc_sweep_manager_wait_for_data
 .text.acc_sweep_manager_transfer_data
                0x08005740       0x30 C:\Users\先才\Desktop\BEYD_A111_102\Drivers\lib\libacconeer_sensor.a(acc_sweep_manager.o)
                0x08005740                acc_sweep_manager_transfer_data
 .text.acc_sweep_manager_update_data
                0x08005770       0x14 C:\Users\先才\Desktop\BEYD_A111_102\Drivers\lib\libacconeer_sensor.a(acc_sweep_manager.o)
                0x08005770                acc_sweep_manager_update_data
 .text.acc_sweep_manager_stop
                0x08005784       0x20 C:\Users\先才\Desktop\BEYD_A111_102\Drivers\lib\libacconeer_sensor.a(acc_sweep_manager.o)
                0x08005784                acc_sweep_manager_stop
 .text.internal_reg_read
                0x080057a4       0x30 C:\Users\先才\Desktop\BEYD_A111_102\Drivers\lib\libacconeer_sensor.a(acc_sensor.o)
 .text.internal_buffer_processed_read
                0x080057d4       0xc4 C:\Users\先才\Desktop\BEYD_A111_102\Drivers\lib\libacconeer_sensor.a(acc_sensor.o)
 .text.acc_sensor_activate
                0x08005898       0x90 C:\Users\先才\Desktop\BEYD_A111_102\Drivers\lib\libacconeer_sensor.a(acc_sensor.o)
                0x08005898                acc_sensor_activate
 .text.acc_sensor_deactivate
                0x08005928       0x38 C:\Users\先才\Desktop\BEYD_A111_102\Drivers\lib\libacconeer_sensor.a(acc_sensor.o)
                0x08005928                acc_sensor_deactivate
 .text.acc_sensor_reg_read
                0x08005960        0x4 C:\Users\先才\Desktop\BEYD_A111_102\Drivers\lib\libacconeer_sensor.a(acc_sensor.o)
                0x08005960                acc_sensor_reg_read
 .text.acc_sensor_reg_write
                0x08005964       0x20 C:\Users\先才\Desktop\BEYD_A111_102\Drivers\lib\libacconeer_sensor.a(acc_sensor.o)
                0x08005964                acc_sensor_reg_write
 .text.acc_sensor_reg_field_write
                0x08005984       0x4c C:\Users\先才\Desktop\BEYD_A111_102\Drivers\lib\libacconeer_sensor.a(acc_sensor.o)
                0x08005984                acc_sensor_reg_field_write
 .text.acc_sensor_conf_read
                0x080059d0       0x88 C:\Users\先才\Desktop\BEYD_A111_102\Drivers\lib\libacconeer_sensor.a(acc_sensor.o)
                0x080059d0                acc_sensor_conf_read
 .text.acc_sensor_conf_write_32bit
                0x08005a58       0xa0 C:\Users\先才\Desktop\BEYD_A111_102\Drivers\lib\libacconeer_sensor.a(acc_sensor.o)
                0x08005a58                acc_sensor_conf_write_32bit
 .text.acc_sensor_conf_write_8bit
                0x08005af8       0x7c C:\Users\先才\Desktop\BEYD_A111_102\Drivers\lib\libacconeer_sensor.a(acc_sensor.o)
                0x08005af8                acc_sensor_conf_write_8bit
 .text.acc_sensor_buffer_processed_read
                0x08005b74       0x10 C:\Users\先才\Desktop\BEYD_A111_102\Drivers\lib\libacconeer_sensor.a(acc_sensor.o)
                0x08005b74                acc_sensor_buffer_processed_read
 .text.acc_sensor_get_communication_buffer
                0x08005b84       0x20 C:\Users\先才\Desktop\BEYD_A111_102\Drivers\lib\libacconeer_sensor.a(acc_sensor.o)
                0x08005b84                acc_sensor_get_communication_buffer
 .text.acc_alg_basic_math_q3_12_complex_mul
                0x08005ba4       0x50 C:\Users\先才\Desktop\BEYD_A111_102\Drivers\lib\libacconeer.a(acc_alg_basic_math.o)
                0x08005ba4                acc_alg_basic_math_q3_12_complex_mul
 .text.acc_alg_basic_math_q3_12_complex_scalar_abs
                0x08005bf4       0x68 C:\Users\先才\Desktop\BEYD_A111_102\Drivers\lib\libacconeer.a(acc_alg_basic_math.o)
                0x08005bf4                acc_alg_basic_math_q3_12_complex_scalar_abs
 .text.acc_alg_basic_math_q3_12_complex_conj_normalize
                0x08005c5c       0xb4 C:\Users\先才\Desktop\BEYD_A111_102\Drivers\lib\libacconeer.a(acc_alg_basic_math.o)
                0x08005c5c                acc_alg_basic_math_q3_12_complex_conj_normalize
 .text.acc_alg_basic_math_q3_12_sin
                0x08005d10       0x28 C:\Users\先才\Desktop\BEYD_A111_102\Drivers\lib\libacconeer.a(acc_alg_basic_math.o)
                0x08005d10                acc_alg_basic_math_q3_12_sin
 .text.acc_alg_basic_math_q3_12_cos
                0x08005d38       0x2c C:\Users\先才\Desktop\BEYD_A111_102\Drivers\lib\libacconeer.a(acc_alg_basic_math.o)
                0x08005d38                acc_alg_basic_math_q3_12_cos
 .text.acc_alg_biquad_q3_12_lowpass_coeffs
                0x08005d64      0x324 C:\Users\先才\Desktop\BEYD_A111_102\Drivers\lib\libacconeer.a(acc_alg_biquad_q3_12_coeffs.o)
                0x08005d64                acc_alg_biquad_q3_12_lowpass_coeffs
 .text.acc_alg_iq_demodulation_q3_12
                0x08006088       0xdc C:\Users\先才\Desktop\BEYD_A111_102\Drivers\lib\libacconeer.a(acc_alg_iq_demodulation.o)
                0x08006088                acc_alg_iq_demodulation_q3_12
 .text.configuration_is_valid.part.0
                0x08006164       0x18 C:\Users\先才\Desktop\BEYD_A111_102\Drivers\lib\libacconeer.a(acc_sweep_configuration.o)
 .text.acc_sweep_configuration_sensor_get
                0x0800617c       0x14 C:\Users\先才\Desktop\BEYD_A111_102\Drivers\lib\libacconeer.a(acc_sweep_configuration.o)
                0x0800617c                acc_sweep_configuration_sensor_get
 .text.acc_sweep_configuration_sensor_set
                0x08006190       0x1c C:\Users\先才\Desktop\BEYD_A111_102\Drivers\lib\libacconeer.a(acc_sweep_configuration.o)
                0x08006190                acc_sweep_configuration_sensor_set
 .text.acc_sweep_configuration_requested_start_get
                0x080061ac       0x20 C:\Users\先才\Desktop\BEYD_A111_102\Drivers\lib\libacconeer.a(acc_sweep_configuration.o)
                0x080061ac                acc_sweep_configuration_requested_start_get
 .text.acc_sweep_configuration_requested_length_get
                0x080061cc       0x20 C:\Users\先才\Desktop\BEYD_A111_102\Drivers\lib\libacconeer.a(acc_sweep_configuration.o)
                0x080061cc                acc_sweep_configuration_requested_length_get
 .text.acc_sweep_configuration_requested_range_set
                0x080061ec       0x30 C:\Users\先才\Desktop\BEYD_A111_102\Drivers\lib\libacconeer.a(acc_sweep_configuration.o)
                0x080061ec                acc_sweep_configuration_requested_range_set
 .text.acc_sweep_configuration_repetition_mode_streaming_set
                0x0800621c       0x28 C:\Users\先才\Desktop\BEYD_A111_102\Drivers\lib\libacconeer.a(acc_sweep_configuration.o)
                0x0800621c                acc_sweep_configuration_repetition_mode_streaming_set
 .text.acc_sweep_configuration_power_save_mode_get
                0x08006244       0x14 C:\Users\先才\Desktop\BEYD_A111_102\Drivers\lib\libacconeer.a(acc_sweep_configuration.o)
                0x08006244                acc_sweep_configuration_power_save_mode_get
 .text.acc_sweep_configuration_power_save_mode_set
                0x08006258       0x20 C:\Users\先才\Desktop\BEYD_A111_102\Drivers\lib\libacconeer.a(acc_sweep_configuration.o)
                0x08006258                acc_sweep_configuration_power_save_mode_set
 .text.acc_sweep_configuration_tx_disable_get
                0x08006278       0x18 C:\Users\先才\Desktop\BEYD_A111_102\Drivers\lib\libacconeer.a(acc_sweep_configuration.o)
                0x08006278                acc_sweep_configuration_tx_disable_get
 .text.acc_sweep_configuration_tx_disable_set
                0x08006290       0x20 C:\Users\先才\Desktop\BEYD_A111_102\Drivers\lib\libacconeer.a(acc_sweep_configuration.o)
                0x08006290                acc_sweep_configuration_tx_disable_set
 .text.acc_sweep_configuration_decrease_tx_emission_get
                0x080062b0       0x18 C:\Users\先才\Desktop\BEYD_A111_102\Drivers\lib\libacconeer.a(acc_sweep_configuration.o)
                0x080062b0                acc_sweep_configuration_decrease_tx_emission_get
 .text.acc_sweep_configuration_decrease_tx_emission_set
                0x080062c8       0x20 C:\Users\先才\Desktop\BEYD_A111_102\Drivers\lib\libacconeer.a(acc_sweep_configuration.o)
                0x080062c8                acc_sweep_configuration_decrease_tx_emission_set
 .text.acc_sweep_configuration_use_experimental_afterburner_get
                0x080062e8       0x18 C:\Users\先才\Desktop\BEYD_A111_102\Drivers\lib\libacconeer.a(acc_sweep_configuration.o)
                0x080062e8                acc_sweep_configuration_use_experimental_afterburner_get
 .text.acc_sweep_configuration_use_experimental_afterburner_set
                0x08006300       0x20 C:\Users\先才\Desktop\BEYD_A111_102\Drivers\lib\libacconeer.a(acc_sweep_configuration.o)
                0x08006300                acc_sweep_configuration_use_experimental_afterburner_set
 .text.acc_sweep_configuration_radar_engine_creation_set
                0x08006320       0x1c C:\Users\先才\Desktop\BEYD_A111_102\Drivers\lib\libacconeer.a(acc_sweep_configuration.o)
                0x08006320                acc_sweep_configuration_radar_engine_creation_set
 .text.acc_sweep_configuration_pipeline_assembly_set
                0x0800633c       0x1c C:\Users\先才\Desktop\BEYD_A111_102\Drivers\lib\libacconeer.a(acc_sweep_configuration.o)
                0x0800633c                acc_sweep_configuration_pipeline_assembly_set
 .text.acc_sweep_configuration_point_start_get
                0x08006358       0x14 C:\Users\先才\Desktop\BEYD_A111_102\Drivers\lib\libacconeer.a(acc_sweep_configuration.o)
                0x08006358                acc_sweep_configuration_point_start_get
 .text.acc_sweep_configuration_point_length_get
                0x0800636c       0x14 C:\Users\先才\Desktop\BEYD_A111_102\Drivers\lib\libacconeer.a(acc_sweep_configuration.o)
                0x0800636c                acc_sweep_configuration_point_length_get
 .text.acc_sweep_configuration_repetition_mode_get
                0x08006380       0x14 C:\Users\先才\Desktop\BEYD_A111_102\Drivers\lib\libacconeer.a(acc_sweep_configuration.o)
                0x08006380                acc_sweep_configuration_repetition_mode_get
 .text.acc_sweep_configuration_update_rate_get
                0x08006394       0x38 C:\Users\先才\Desktop\BEYD_A111_102\Drivers\lib\libacconeer.a(acc_sweep_configuration.o)
                0x08006394                acc_sweep_configuration_update_rate_get
 .text.acc_sweep_configuration_point_average_get
                0x080063cc       0x14 C:\Users\先才\Desktop\BEYD_A111_102\Drivers\lib\libacconeer.a(acc_sweep_configuration.o)
                0x080063cc                acc_sweep_configuration_point_average_get
 .text.acc_sweep_configuration_point_average_set
                0x080063e0       0x1c C:\Users\先才\Desktop\BEYD_A111_102\Drivers\lib\libacconeer.a(acc_sweep_configuration.o)
                0x080063e0                acc_sweep_configuration_point_average_set
 .text.acc_sweep_configuration_sweep_average_get
                0x080063fc       0x14 C:\Users\先才\Desktop\BEYD_A111_102\Drivers\lib\libacconeer.a(acc_sweep_configuration.o)
                0x080063fc                acc_sweep_configuration_sweep_average_get
 .text.acc_sweep_configuration_sweep_average_set
                0x08006410       0x1c C:\Users\先才\Desktop\BEYD_A111_102\Drivers\lib\libacconeer.a(acc_sweep_configuration.o)
                0x08006410                acc_sweep_configuration_sweep_average_set
 .text.acc_sweep_configuration_gain_get
                0x0800642c       0x14 C:\Users\先才\Desktop\BEYD_A111_102\Drivers\lib\libacconeer.a(acc_sweep_configuration.o)
                0x0800642c                acc_sweep_configuration_gain_get
 .text.acc_sweep_configuration_gain_set
                0x08006440       0x1c C:\Users\先才\Desktop\BEYD_A111_102\Drivers\lib\libacconeer.a(acc_sweep_configuration.o)
                0x08006440                acc_sweep_configuration_gain_set
 .text.acc_sweep_configuration_integrator_get
                0x0800645c       0x14 C:\Users\先才\Desktop\BEYD_A111_102\Drivers\lib\libacconeer.a(acc_sweep_configuration.o)
                0x0800645c                acc_sweep_configuration_integrator_get
 .text.acc_sweep_configuration_integrator_set
                0x08006470       0x1c C:\Users\先才\Desktop\BEYD_A111_102\Drivers\lib\libacconeer.a(acc_sweep_configuration.o)
                0x08006470                acc_sweep_configuration_integrator_set
 .text.acc_sweep_configuration_wg_duration_get
                0x0800648c       0x14 C:\Users\先才\Desktop\BEYD_A111_102\Drivers\lib\libacconeer.a(acc_sweep_configuration.o)
                0x0800648c                acc_sweep_configuration_wg_duration_get
 .text.acc_sweep_configuration_wg_duration_set
                0x080064a0       0x1c C:\Users\先才\Desktop\BEYD_A111_102\Drivers\lib\libacconeer.a(acc_sweep_configuration.o)
                0x080064a0                acc_sweep_configuration_wg_duration_set
 .text.acc_sweep_configuration_integrator_ramp_up_get
                0x080064bc       0x14 C:\Users\先才\Desktop\BEYD_A111_102\Drivers\lib\libacconeer.a(acc_sweep_configuration.o)
                0x080064bc                acc_sweep_configuration_integrator_ramp_up_get
 .text.acc_sweep_configuration_integrator_ramp_up_set
                0x080064d0       0x1c C:\Users\先才\Desktop\BEYD_A111_102\Drivers\lib\libacconeer.a(acc_sweep_configuration.o)
                0x080064d0                acc_sweep_configuration_integrator_ramp_up_set
 .text.acc_sweep_configuration_any_range_allowed_get
                0x080064ec       0x18 C:\Users\先才\Desktop\BEYD_A111_102\Drivers\lib\libacconeer.a(acc_sweep_configuration.o)
                0x080064ec                acc_sweep_configuration_any_range_allowed_get
 .text.acc_sweep_configuration_any_range_allowed_set
                0x08006504       0x20 C:\Users\先才\Desktop\BEYD_A111_102\Drivers\lib\libacconeer.a(acc_sweep_configuration.o)
                0x08006504                acc_sweep_configuration_any_range_allowed_set
 .text.acc_sweep_configuration_use_pilot_leakage_cancellation_get
                0x08006524       0x18 C:\Users\先才\Desktop\BEYD_A111_102\Drivers\lib\libacconeer.a(acc_sweep_configuration.o)
                0x08006524                acc_sweep_configuration_use_pilot_leakage_cancellation_get
 .text.acc_sweep_configuration_sweep_type_debug_set
                0x0800653c       0x20 C:\Users\先才\Desktop\BEYD_A111_102\Drivers\lib\libacconeer.a(acc_sweep_configuration.o)
                0x0800653c                acc_sweep_configuration_sweep_type_debug_set
 .text.acc_sweep_configuration_sweep_type_debug_get
                0x0800655c       0x18 C:\Users\先才\Desktop\BEYD_A111_102\Drivers\lib\libacconeer.a(acc_sweep_configuration.o)
                0x0800655c                acc_sweep_configuration_sweep_type_debug_get
 .text.acc_sweep_configuration_use_point_range_set
                0x08006574       0x20 C:\Users\先才\Desktop\BEYD_A111_102\Drivers\lib\libacconeer.a(acc_sweep_configuration.o)
                0x08006574                acc_sweep_configuration_use_point_range_set
 .text.acc_sweep_configuration_use_point_range_get
                0x08006594       0x18 C:\Users\先才\Desktop\BEYD_A111_102\Drivers\lib\libacconeer.a(acc_sweep_configuration.o)
                0x08006594                acc_sweep_configuration_use_point_range_get
 .text.acc_sweep_configuration_use_fast_dll_refresh_routine_set
                0x080065ac       0x20 C:\Users\先才\Desktop\BEYD_A111_102\Drivers\lib\libacconeer.a(acc_sweep_configuration.o)
                0x080065ac                acc_sweep_configuration_use_fast_dll_refresh_routine_set
 .text.acc_sweep_configuration_staggered_vga_stabilization_time_set
                0x080065cc       0x1c C:\Users\先才\Desktop\BEYD_A111_102\Drivers\lib\libacconeer.a(acc_sweep_configuration.o)
                0x080065cc                acc_sweep_configuration_staggered_vga_stabilization_time_set
 .text.acc_sweep_configuration_print
                0x080065e8      0x130 C:\Users\先才\Desktop\BEYD_A111_102\Drivers\lib\libacconeer.a(acc_sweep_configuration.o)
                0x080065e8                acc_sweep_configuration_print
 .text.acc_integration_register
                0x08006718       0xa8 C:\Users\先才\Desktop\BEYD_A111_102\Drivers\lib\libacconeer.a(acc_integration.o)
                0x08006718                acc_integration_register
 .text.acc_integration_unregister
                0x080067c0        0xc C:\Users\先才\Desktop\BEYD_A111_102\Drivers\lib\libacconeer.a(acc_integration.o)
                0x080067c0                acc_integration_unregister
 .text.acc_integration_get_sensor_count
                0x080067cc       0x18 C:\Users\先才\Desktop\BEYD_A111_102\Drivers\lib\libacconeer.a(acc_integration.o)
                0x080067cc                acc_integration_get_sensor_count
 .text.acc_integration_get_sensor_reference_frequency
                0x080067e4       0x18 C:\Users\先才\Desktop\BEYD_A111_102\Drivers\lib\libacconeer.a(acc_integration.o)
                0x080067e4                acc_integration_get_sensor_reference_frequency
 .text.acc_integration_get_max_spi_transfer_size
                0x080067fc       0x18 C:\Users\先才\Desktop\BEYD_A111_102\Drivers\lib\libacconeer.a(acc_integration.o)
                0x080067fc                acc_integration_get_max_spi_transfer_size
 .text.acc_integration_sensor_device_power_on
                0x08006814       0x18 C:\Users\先才\Desktop\BEYD_A111_102\Drivers\lib\libacconeer.a(acc_integration.o)
                0x08006814                acc_integration_sensor_device_power_on
 .text.acc_integration_sensor_device_power_off
                0x0800682c       0x18 C:\Users\先才\Desktop\BEYD_A111_102\Drivers\lib\libacconeer.a(acc_integration.o)
                0x0800682c                acc_integration_sensor_device_power_off
 .text.acc_integration_wait_for_sensor_interrupt
                0x08006844       0x18 C:\Users\先才\Desktop\BEYD_A111_102\Drivers\lib\libacconeer.a(acc_integration.o)
                0x08006844                acc_integration_wait_for_sensor_interrupt
 .text.acc_integration_sensor_device_transfer
                0x0800685c       0x18 C:\Users\先才\Desktop\BEYD_A111_102\Drivers\lib\libacconeer.a(acc_integration.o)
                0x0800685c                acc_integration_sensor_device_transfer
 .text.acc_integration_sleep_us
                0x08006874       0x14 C:\Users\先才\Desktop\BEYD_A111_102\Drivers\lib\libacconeer.a(acc_integration.o)
                0x08006874                acc_integration_sleep_us
 .text.acc_integration_mem_alloc_debug
                0x08006888       0x38 C:\Users\先才\Desktop\BEYD_A111_102\Drivers\lib\libacconeer.a(acc_integration.o)
                0x08006888                acc_integration_mem_alloc_debug
 .text.acc_integration_mem_calloc_debug
                0x080068c0       0x2c C:\Users\先才\Desktop\BEYD_A111_102\Drivers\lib\libacconeer.a(acc_integration.o)
                0x080068c0                acc_integration_mem_calloc_debug
 .text.acc_integration_mem_free
                0x080068ec       0x14 C:\Users\先才\Desktop\BEYD_A111_102\Drivers\lib\libacconeer.a(acc_integration.o)
                0x080068ec                acc_integration_mem_free
 .text.acc_integration_get_time
                0x08006900       0x18 C:\Users\先才\Desktop\BEYD_A111_102\Drivers\lib\libacconeer.a(acc_integration.o)
                0x08006900                acc_integration_get_time
 .text.acc_integration_mutex_create
                0x08006918       0x18 C:\Users\先才\Desktop\BEYD_A111_102\Drivers\lib\libacconeer.a(acc_integration.o)
                0x08006918                acc_integration_mutex_create
 .text.acc_integration_mutex_lock
                0x08006930       0x18 C:\Users\先才\Desktop\BEYD_A111_102\Drivers\lib\libacconeer.a(acc_integration.o)
                0x08006930                acc_integration_mutex_lock
 .text.acc_integration_mutex_unlock
                0x08006948       0x18 C:\Users\先才\Desktop\BEYD_A111_102\Drivers\lib\libacconeer.a(acc_integration.o)
                0x08006948                acc_integration_mutex_unlock
 .text.acc_integration_mutex_destroy
                0x08006960       0x18 C:\Users\先才\Desktop\BEYD_A111_102\Drivers\lib\libacconeer.a(acc_integration.o)
                0x08006960                acc_integration_mutex_destroy
 .text.acc_integration_thread_create
                0x08006978       0x18 C:\Users\先才\Desktop\BEYD_A111_102\Drivers\lib\libacconeer.a(acc_integration.o)
                0x08006978                acc_integration_thread_create
 .text.acc_integration_thread_exit
                0x08006990       0x18 C:\Users\先才\Desktop\BEYD_A111_102\Drivers\lib\libacconeer.a(acc_integration.o)
                0x08006990                acc_integration_thread_exit
 .text.acc_integration_thread_cleanup
                0x080069a8       0x18 C:\Users\先才\Desktop\BEYD_A111_102\Drivers\lib\libacconeer.a(acc_integration.o)
                0x080069a8                acc_integration_thread_cleanup
 .text.acc_integration_semaphore_create
                0x080069c0       0x18 C:\Users\先才\Desktop\BEYD_A111_102\Drivers\lib\libacconeer.a(acc_integration.o)
                0x080069c0                acc_integration_semaphore_create
 .text.acc_integration_semaphore_wait
                0x080069d8       0x18 C:\Users\先才\Desktop\BEYD_A111_102\Drivers\lib\libacconeer.a(acc_integration.o)
                0x080069d8                acc_integration_semaphore_wait
 .text.acc_integration_semaphore_signal
                0x080069f0       0x18 C:\Users\先才\Desktop\BEYD_A111_102\Drivers\lib\libacconeer.a(acc_integration.o)
                0x080069f0                acc_integration_semaphore_signal
 .text.acc_integration_semaphore_destroy
                0x08006a08       0x18 C:\Users\先才\Desktop\BEYD_A111_102\Drivers\lib\libacconeer.a(acc_integration.o)
                0x08006a08                acc_integration_semaphore_destroy
 .text.acc_integration_log_level
                0x08006a20       0x14 C:\Users\先才\Desktop\BEYD_A111_102\Drivers\lib\libacconeer.a(acc_integration.o)
                0x08006a20                acc_integration_log_level
 .text.acc_integration_log
                0x08006a34       0x3c C:\Users\先才\Desktop\BEYD_A111_102\Drivers\lib\libacconeer.a(acc_integration.o)
                0x08006a34                acc_integration_log
 .text.acc_integration_is_multithreading_capable
                0x08006a70       0x18 C:\Users\先才\Desktop\BEYD_A111_102\Drivers\lib\libacconeer.a(acc_integration.o)
                0x08006a70                acc_integration_is_multithreading_capable
 .text.acc_log_rss
                0x08006a88       0xbc C:\Users\先才\Desktop\BEYD_A111_102\Drivers\lib\libacconeer.a(acc_log_rss.o)
                0x08006a88                acc_log_rss
 .text.acc_package_power_bins_engine_create
                0x08006b44        0x4 C:\Users\先才\Desktop\BEYD_A111_102\Drivers\lib\libacconeer.a(acc_package_power_bins.o)
                0x08006b44                acc_package_power_bins_engine_create
 .text.acc_package_power_bins_pipeline_assemble
                0x08006b48       0x18 C:\Users\先才\Desktop\BEYD_A111_102\Drivers\lib\libacconeer.a(acc_package_power_bins.o)
                0x08006b48                acc_package_power_bins_pipeline_assemble
 .text.output_type
                0x08006b60        0x8 C:\Users\先才\Desktop\BEYD_A111_102\Drivers\lib\libacconeer.a(acc_pipeline_power_bins.o)
 .text.produce  0x08006b68       0x28 C:\Users\先才\Desktop\BEYD_A111_102\Drivers\lib\libacconeer.a(acc_pipeline_power_bins.o)
 .text.disassemble
                0x08006b90       0x28 C:\Users\先才\Desktop\BEYD_A111_102\Drivers\lib\libacconeer.a(acc_pipeline_power_bins.o)
 .text.acc_pipeline_power_bins_assemble
                0x08006bb8      0x258 C:\Users\先才\Desktop\BEYD_A111_102\Drivers\lib\libacconeer.a(acc_pipeline_power_bins.o)
                0x08006bb8                acc_pipeline_power_bins_assemble
 .text.acc_probes_execute_uint16
                0x08006e10       0x30 C:\Users\先才\Desktop\BEYD_A111_102\Drivers\lib\libacconeer.a(acc_probes.o)
                0x08006e10                acc_probes_execute_uint16
 .text.acc_probes_execute_primitive_probe
                0x08006e40       0x2c C:\Users\先才\Desktop\BEYD_A111_102\Drivers\lib\libacconeer.a(acc_probes.o)
                0x08006e40                acc_probes_execute_primitive_probe
 .text.acc_session_manager_activate
                0x08006e6c       0x14 C:\Users\先才\Desktop\BEYD_A111_102\Drivers\lib\libacconeer.a(acc_session_manager.o)
                0x08006e6c                acc_session_manager_activate
 .text.acc_session_manager_deactivate
                0x08006e80        0xc C:\Users\先才\Desktop\BEYD_A111_102\Drivers\lib\libacconeer.a(acc_session_manager.o)
                0x08006e80                acc_session_manager_deactivate
 .text.state_done
                0x08006e8c       0x18 C:\Users\先才\Desktop\BEYD_A111_102\Drivers\lib\libacconeer.a(acc_session_sweep_and_processing.o)
 .text.sweep_and_processing_session_execute
                0x08006ea4       0x24 C:\Users\先才\Desktop\BEYD_A111_102\Drivers\lib\libacconeer.a(acc_session_sweep_and_processing.o)
 .text.destroy_session
                0x08006ec8       0x38 C:\Users\先才\Desktop\BEYD_A111_102\Drivers\lib\libacconeer.a(acc_session_sweep_and_processing.o)
 .text.state_null
                0x08006f00       0xa8 C:\Users\先才\Desktop\BEYD_A111_102\Drivers\lib\libacconeer.a(acc_session_sweep_and_processing.o)
 .text.receive_confirm.isra.2
                0x08006fa8       0x58 C:\Users\先才\Desktop\BEYD_A111_102\Drivers\lib\libacconeer.a(acc_session_sweep_and_processing.o)
 .text.state_busy
                0x08007000       0x94 C:\Users\先才\Desktop\BEYD_A111_102\Drivers\lib\libacconeer.a(acc_session_sweep_and_processing.o)
 .text.acc_session_sweep_and_processing_run
                0x08007094       0x34 C:\Users\先才\Desktop\BEYD_A111_102\Drivers\lib\libacconeer.a(acc_session_sweep_and_processing.o)
                0x08007094                acc_session_sweep_and_processing_run
 .text.send_request
                0x080070c8       0x20 C:\Users\先才\Desktop\BEYD_A111_102\Drivers\lib\libacconeer.a(acc_session_sweep_and_processing.o)
 .text.acc_session_sweep_and_processing_create
                0x080070e8       0xe8 C:\Users\先才\Desktop\BEYD_A111_102\Drivers\lib\libacconeer.a(acc_session_sweep_and_processing.o)
                0x080070e8                acc_session_sweep_and_processing_create
 .text.acc_session_sweep_and_processing_activate
                0x080071d0       0x8c C:\Users\先才\Desktop\BEYD_A111_102\Drivers\lib\libacconeer.a(acc_session_sweep_and_processing.o)
                0x080071d0                acc_session_sweep_and_processing_activate
 .text.acc_session_sweep_and_processing_deactivate
                0x0800725c       0x9c C:\Users\先才\Desktop\BEYD_A111_102\Drivers\lib\libacconeer.a(acc_session_sweep_and_processing.o)
                0x0800725c                acc_session_sweep_and_processing_deactivate
 .text.acc_session_sweep_and_processing_destroy
                0x080072f8       0x68 C:\Users\先才\Desktop\BEYD_A111_102\Drivers\lib\libacconeer.a(acc_session_sweep_and_processing.o)
                0x080072f8                acc_session_sweep_and_processing_destroy
 .text.acc_session_sweep_and_processing_get_configuration_output
                0x08007360        0x8 C:\Users\先才\Desktop\BEYD_A111_102\Drivers\lib\libacconeer.a(acc_session_sweep_and_processing.o)
                0x08007360                acc_session_sweep_and_processing_get_configuration_output
 .text.acc_session_sweep_and_processing_get_output_type
                0x08007368        0x8 C:\Users\先才\Desktop\BEYD_A111_102\Drivers\lib\libacconeer.a(acc_session_sweep_and_processing.o)
                0x08007368                acc_session_sweep_and_processing_get_output_type
 .text.acc_utils_swap16_array
                0x08007370       0x14 C:\Users\先才\Desktop\BEYD_A111_102\Drivers\lib\libacconeer.a(acc_utils.o)
                0x08007370                acc_utils_swap16_array
 .text.acc_utils_swap32_array
                0x08007384       0x14 C:\Users\先才\Desktop\BEYD_A111_102\Drivers\lib\libacconeer.a(acc_utils.o)
                0x08007384                acc_utils_swap32_array
 .text.acc_utils_uint8_to_uint32_swap
                0x08007398        0x8 C:\Users\先才\Desktop\BEYD_A111_102\Drivers\lib\libacconeer.a(acc_utils.o)
                0x08007398                acc_utils_uint8_to_uint32_swap
 .text.acc_utils_uint32_to_uint8_swap
                0x080073a0        0x8 C:\Users\先才\Desktop\BEYD_A111_102\Drivers\lib\libacconeer.a(acc_utils.o)
                0x080073a0                acc_utils_uint32_to_uint8_swap
 .text.acc_utils_align_address
                0x080073a8        0xc C:\Users\先才\Desktop\BEYD_A111_102\Drivers\lib\libacconeer.a(acc_utils.o)
                0x080073a8                acc_utils_align_address
 .text.convert_q3_12_to_f32
                0x080073b4       0x34 C:\Users\先才\Desktop\BEYD_A111_102\Drivers\lib\libacconeer.a(acc_element_converter.o)
 .text.convert_f32_to_q3_12
                0x080073e8       0x54 C:\Users\先才\Desktop\BEYD_A111_102\Drivers\lib\libacconeer.a(acc_element_converter.o)
 .text.convert_q3_12_to_u16
                0x0800743c       0x24 C:\Users\先才\Desktop\BEYD_A111_102\Drivers\lib\libacconeer.a(acc_element_converter.o)
 .text.convert_f32_to_u16
                0x08007460       0x54 C:\Users\先才\Desktop\BEYD_A111_102\Drivers\lib\libacconeer.a(acc_element_converter.o)
 .text.convert_q15_16_to_f32
                0x080074b4       0x48 C:\Users\先才\Desktop\BEYD_A111_102\Drivers\lib\libacconeer.a(acc_element_converter.o)
 .text.convert_q3_12_complex_to_f32_complex
                0x080074fc       0x68 C:\Users\先才\Desktop\BEYD_A111_102\Drivers\lib\libacconeer.a(acc_element_converter.o)
 .text.convert_q12_4_to_q15_16
                0x08007564       0x30 C:\Users\先才\Desktop\BEYD_A111_102\Drivers\lib\libacconeer.a(acc_element_converter.o)
 .text.convert_q12_4_to_q3_12
                0x08007594       0x28 C:\Users\先才\Desktop\BEYD_A111_102\Drivers\lib\libacconeer.a(acc_element_converter.o)
 .text.convert_q12_4_to_q3_12_complex
                0x080075bc       0x38 C:\Users\先才\Desktop\BEYD_A111_102\Drivers\lib\libacconeer.a(acc_element_converter.o)
 .text.convert_q12_4_to_f32
                0x080075f4       0x48 C:\Users\先才\Desktop\BEYD_A111_102\Drivers\lib\libacconeer.a(acc_element_converter.o)
 .text.event    0x0800763c       0x20 C:\Users\先才\Desktop\BEYD_A111_102\Drivers\lib\libacconeer.a(acc_element_converter.o)
 .text.reset    0x0800765c        0x8 C:\Users\先才\Desktop\BEYD_A111_102\Drivers\lib\libacconeer.a(acc_element_converter.o)
 .text.validate
                0x08007664       0x38 C:\Users\先才\Desktop\BEYD_A111_102\Drivers\lib\libacconeer.a(acc_element_converter.o)
 .text.acc_element_converter_init
                0x0800769c       0xb8 C:\Users\先才\Desktop\BEYD_A111_102\Drivers\lib\libacconeer.a(acc_element_converter.o)
                0x0800769c                acc_element_converter_init
 .text.event    0x08007754       0x10 C:\Users\先才\Desktop\BEYD_A111_102\Drivers\lib\libacconeer.a(acc_element_crop.o)
 .text.reset    0x08007764        0x8 C:\Users\先才\Desktop\BEYD_A111_102\Drivers\lib\libacconeer.a(acc_element_crop.o)
 .text.validate
                0x0800776c       0x38 C:\Users\先才\Desktop\BEYD_A111_102\Drivers\lib\libacconeer.a(acc_element_crop.o)
 .text.acc_element_crop_init
                0x080077a4       0x2c C:\Users\先才\Desktop\BEYD_A111_102\Drivers\lib\libacconeer.a(acc_element_crop.o)
                0x080077a4                acc_element_crop_init
 .text.reset    0x080077d0        0x8 C:\Users\先才\Desktop\BEYD_A111_102\Drivers\lib\libacconeer.a(acc_element_power_bins.o)
 .text.validate
                0x080077d8       0x38 C:\Users\先才\Desktop\BEYD_A111_102\Drivers\lib\libacconeer.a(acc_element_power_bins.o)
 .text.event    0x08007810       0x34 C:\Users\先才\Desktop\BEYD_A111_102\Drivers\lib\libacconeer.a(acc_element_power_bins.o)
 .text.acc_element_power_bins_init
                0x08007844       0x24 C:\Users\先才\Desktop\BEYD_A111_102\Drivers\lib\libacconeer.a(acc_element_power_bins.o)
                0x08007844                acc_element_power_bins_init
 .text.saturation_check_u16
                0x08007868       0x74 C:\Users\先才\Desktop\BEYD_A111_102\Drivers\lib\libacconeer.a(acc_element_saturation_check.o)
 .text.event    0x080078dc       0x24 C:\Users\先才\Desktop\BEYD_A111_102\Drivers\lib\libacconeer.a(acc_element_saturation_check.o)
 .text.reset    0x08007900        0x8 C:\Users\先才\Desktop\BEYD_A111_102\Drivers\lib\libacconeer.a(acc_element_saturation_check.o)
 .text.validate
                0x08007908       0x38 C:\Users\先才\Desktop\BEYD_A111_102\Drivers\lib\libacconeer.a(acc_element_saturation_check.o)
 .text.acc_element_saturation_check_init
                0x08007940       0x54 C:\Users\先才\Desktop\BEYD_A111_102\Drivers\lib\libacconeer.a(acc_element_saturation_check.o)
                0x08007940                acc_element_saturation_check_init
 .text.consume  0x08007994       0x1c C:\Users\先才\Desktop\BEYD_A111_102\Drivers\lib\libacconeer.a(acc_element_sink_callback.o)
 .text.reset    0x080079b0        0x4 C:\Users\先才\Desktop\BEYD_A111_102\Drivers\lib\libacconeer.a(acc_element_sink_callback.o)
 .text.validate
                0x080079b4       0x48 C:\Users\先才\Desktop\BEYD_A111_102\Drivers\lib\libacconeer.a(acc_element_sink_callback.o)
 .text.acc_element_sink_callback_init
                0x080079fc       0x24 C:\Users\先才\Desktop\BEYD_A111_102\Drivers\lib\libacconeer.a(acc_element_sink_callback.o)
                0x080079fc                acc_element_sink_callback_init
 .text.acc_element_source_adc_init
                0x08007a20       0x2c C:\Users\先才\Desktop\BEYD_A111_102\Drivers\lib\libacconeer.a(acc_element_source_adc.o)
                0x08007a20                acc_element_source_adc_init
 .text.acc_element_source_adc_release
                0x08007a4c        0xc C:\Users\先才\Desktop\BEYD_A111_102\Drivers\lib\libacconeer.a(acc_element_source_adc.o)
                0x08007a4c                acc_element_source_adc_release
 .text.acc_element_source_adc_reset
                0x08007a58        0x8 C:\Users\先才\Desktop\BEYD_A111_102\Drivers\lib\libacconeer.a(acc_element_source_adc.o)
                0x08007a58                acc_element_source_adc_reset
 .text.acc_element_source_adc_validate
                0x08007a60        0x8 C:\Users\先才\Desktop\BEYD_A111_102\Drivers\lib\libacconeer.a(acc_element_source_adc.o)
                0x08007a60                acc_element_source_adc_validate
 .text.acc_element_source_adc_produce
                0x08007a68       0xb4 C:\Users\先才\Desktop\BEYD_A111_102\Drivers\lib\libacconeer.a(acc_element_source_adc.o)
                0x08007a68                acc_element_source_adc_produce
 .text.acc_element_sizeof
                0x08007b1c       0x18 C:\Users\先才\Desktop\BEYD_A111_102\Drivers\lib\libacconeer.a(acc_element.o)
                0x08007b1c                acc_element_sizeof
 .text.acc_element_connect
                0x08007b34        0x4 C:\Users\先才\Desktop\BEYD_A111_102\Drivers\lib\libacconeer.a(acc_element.o)
                0x08007b34                acc_element_connect
 .text.acc_alg_basic_subtract_mean_uint16.part.0
                0x08007b38       0xa8 C:\Users\先才\Desktop\BEYD_A111_102\Drivers\lib\libacconeer.a(acc_alg_basic_subtract_mean.o)
 .text.acc_alg_basic_subtract_mean_uint16
                0x08007be0       0x14 C:\Users\先才\Desktop\BEYD_A111_102\Drivers\lib\libacconeer.a(acc_alg_basic_subtract_mean.o)
                0x08007be0                acc_alg_basic_subtract_mean_uint16
 .text.acc_alg_phase_estimation_q3_12
                0x08007bf4       0xa8 C:\Users\先才\Desktop\BEYD_A111_102\Drivers\lib\libacconeer.a(acc_alg_phase_estimation.o)
                0x08007bf4                acc_alg_phase_estimation_q3_12
 .text.acc_alg_power_bins
                0x08007c9c       0xb8 C:\Users\先才\Desktop\BEYD_A111_102\Drivers\lib\libacconeer.a(acc_alg_power_bins.o)
                0x08007c9c                acc_alg_power_bins
 .text.destroy  0x08007d54       0x14 C:\Users\先才\Desktop\BEYD_A111_102\Drivers\lib\libacconeer_sensor.a(acc_radar_engine_linear.o)
 .text.stop     0x08007d68        0xc C:\Users\先才\Desktop\BEYD_A111_102\Drivers\lib\libacconeer_sensor.a(acc_radar_engine_linear.o)
 .text.calibrate
                0x08007d74       0xa0 C:\Users\先才\Desktop\BEYD_A111_102\Drivers\lib\libacconeer_sensor.a(acc_radar_engine_linear.o)
 .text.get_dt   0x08007e14       0x3c C:\Users\先才\Desktop\BEYD_A111_102\Drivers\lib\libacconeer_sensor.a(acc_radar_engine_linear.o)
 .text.initialize_metadata
                0x08007e50      0x378 C:\Users\先才\Desktop\BEYD_A111_102\Drivers\lib\libacconeer_sensor.a(acc_radar_engine_linear.o)
 .text.update_data
                0x080081c8       0xb8 C:\Users\先才\Desktop\BEYD_A111_102\Drivers\lib\libacconeer_sensor.a(acc_radar_engine_linear.o)
 .text.transfer_data
                0x08008280       0x38 C:\Users\先才\Desktop\BEYD_A111_102\Drivers\lib\libacconeer_sensor.a(acc_radar_engine_linear.o)
 .text.start    0x080082b8       0x34 C:\Users\先才\Desktop\BEYD_A111_102\Drivers\lib\libacconeer_sensor.a(acc_radar_engine_linear.o)
 .text.set_program_parameters
                0x080082ec      0x22c C:\Users\先才\Desktop\BEYD_A111_102\Drivers\lib\libacconeer_sensor.a(acc_radar_engine_linear.o)
 .text.acc_radar_engine_linear_create
                0x08008518       0xbc C:\Users\先才\Desktop\BEYD_A111_102\Drivers\lib\libacconeer_sensor.a(acc_radar_engine_linear.o)
                0x08008518                acc_radar_engine_linear_create
 .text.acc_cpd_area_calibration_calculate_area_settings
                0x080085d4       0x68 C:\Users\先才\Desktop\BEYD_A111_102\Drivers\lib\libacconeer_sensor.a(acc_cpd_area_calibration_area_settings.o)
                0x080085d4                acc_cpd_area_calibration_calculate_area_settings
 .text.acc_cpd_cbank_calibration
                0x0800863c      0x19c C:\Users\先才\Desktop\BEYD_A111_102\Drivers\lib\libacconeer_sensor.a(acc_cpd_cbank_calibration.o)
                0x0800863c                acc_cpd_cbank_calibration
 .text.acc_cpd_dll_calibration
                0x080087d8      0x254 C:\Users\先才\Desktop\BEYD_A111_102\Drivers\lib\libacconeer_sensor.a(acc_cpd_dll_calibration.o)
                0x080087d8                acc_cpd_dll_calibration
 .text.patch_settings
                0x08008a2c       0x48 C:\Users\先才\Desktop\BEYD_A111_102\Drivers\lib\libacconeer_sensor.a(acc_cpd_dly_coarse_calibration.o)
 .text.acc_cpd_dly_coarse_calibration
                0x08008a74      0x1ec C:\Users\先才\Desktop\BEYD_A111_102\Drivers\lib\libacconeer_sensor.a(acc_cpd_dly_coarse_calibration.o)
                0x08008a74                acc_cpd_dly_coarse_calibration
 .text.patch_program_parameters
                0x08008c60      0x178 C:\Users\先才\Desktop\BEYD_A111_102\Drivers\lib\libacconeer_sensor.a(acc_cpd_linear_sweep.o)
 .text.acc_cpd_linear_sweep_load_program
                0x08008dd8       0x28 C:\Users\先才\Desktop\BEYD_A111_102\Drivers\lib\libacconeer_sensor.a(acc_cpd_linear_sweep.o)
                0x08008dd8                acc_cpd_linear_sweep_load_program
 .text.acc_cpd_linear_sweep_run_program
                0x08008e00       0x1c C:\Users\先才\Desktop\BEYD_A111_102\Drivers\lib\libacconeer_sensor.a(acc_cpd_linear_sweep.o)
                0x08008e00                acc_cpd_linear_sweep_run_program
 .text.acc_cpd_linear_sweep_update_program
                0x08008e1c       0x6c C:\Users\先才\Desktop\BEYD_A111_102\Drivers\lib\libacconeer_sensor.a(acc_cpd_linear_sweep.o)
                0x08008e1c                acc_cpd_linear_sweep_update_program
 .text.acc_cpd_linear_sweep_transfer_data
                0x08008e88       0x18 C:\Users\先才\Desktop\BEYD_A111_102\Drivers\lib\libacconeer_sensor.a(acc_cpd_linear_sweep.o)
                0x08008e88                acc_cpd_linear_sweep_transfer_data
 .text.acc_cpd_linear_sweep_sensor_continue
                0x08008ea0       0x24 C:\Users\先才\Desktop\BEYD_A111_102\Drivers\lib\libacconeer_sensor.a(acc_cpd_linear_sweep.o)
                0x08008ea0                acc_cpd_linear_sweep_sensor_continue
 .text.acc_cpd_linear_sweep_stop
                0x08008ec4        0x4 C:\Users\先才\Desktop\BEYD_A111_102\Drivers\lib\libacconeer_sensor.a(acc_cpd_linear_sweep.o)
                0x08008ec4                acc_cpd_linear_sweep_stop
 .text.acc_cpd_linear_sweep_low_power_stop
                0x08008ec8        0x4 C:\Users\先才\Desktop\BEYD_A111_102\Drivers\lib\libacconeer_sensor.a(acc_cpd_linear_sweep.o)
                0x08008ec8                acc_cpd_linear_sweep_low_power_stop
 .text.acc_cpd_pll_divisors_calculate
                0x08008ecc       0xd4 C:\Users\先才\Desktop\BEYD_A111_102\Drivers\lib\libacconeer_sensor.a(acc_cpd_pll_divisors.o)
                0x08008ecc                acc_cpd_pll_divisors_calculate
 .text.patch_settings
                0x08008fa0       0x4c C:\Users\先才\Desktop\BEYD_A111_102\Drivers\lib\libacconeer_sensor.a(acc_cpd_rx_fine_dip_calibration.o)
 .text.acc_cpd_rx_fine_dip_calibration
                0x08008fec      0x174 C:\Users\先才\Desktop\BEYD_A111_102\Drivers\lib\libacconeer_sensor.a(acc_cpd_rx_fine_dip_calibration.o)
                0x08008fec                acc_cpd_rx_fine_dip_calibration
 .text.print_buffer_u16
                0x08009160       0xf0 C:\Users\先才\Desktop\BEYD_A111_102\Drivers\lib\libacconeer_sensor.a(acc_sensor_diagnostics.o)
 .text.acc_sensor_diagnostics_print_buffer_u16
                0x08009250       0x1c C:\Users\先才\Desktop\BEYD_A111_102\Drivers\lib\libacconeer_sensor.a(acc_sensor_diagnostics.o)
                0x08009250                acc_sensor_diagnostics_print_buffer_u16
 .text.acc_sensor_diagnostics_print_buffer_bool
                0x0800926c       0x64 C:\Users\先才\Desktop\BEYD_A111_102\Drivers\lib\libacconeer_sensor.a(acc_sensor_diagnostics.o)
                0x0800926c                acc_sensor_diagnostics_print_buffer_bool
 .text.acc_sensor_diagnostics_print_buffer_f32
                0x080092d0      0x13c C:\Users\先才\Desktop\BEYD_A111_102\Drivers\lib\libacconeer_sensor.a(acc_sensor_diagnostics.o)
                0x080092d0                acc_sensor_diagnostics_print_buffer_f32
 .text.acc_confprogram_modify_bin_sensor
                0x0800940c       0x70 C:\Users\先才\Desktop\BEYD_A111_102\Drivers\lib\libacconeer_sensor.a(acc_confprogram.o)
                0x0800940c                acc_confprogram_modify_bin_sensor
 .text.acc_confprogram_modify_bin
                0x0800947c       0x4c C:\Users\先才\Desktop\BEYD_A111_102\Drivers\lib\libacconeer_sensor.a(acc_confprogram.o)
                0x0800947c                acc_confprogram_modify_bin
 .text.acc_confprogram_modify_runif_sensor
                0x080094c8       0x8c C:\Users\先才\Desktop\BEYD_A111_102\Drivers\lib\libacconeer_sensor.a(acc_confprogram.o)
                0x080094c8                acc_confprogram_modify_runif_sensor
 .text.acc_confprogram_modify_runif
                0x08009554       0x60 C:\Users\先才\Desktop\BEYD_A111_102\Drivers\lib\libacconeer_sensor.a(acc_confprogram.o)
                0x08009554                acc_confprogram_modify_runif
 .text.acc_confprogram_live_patch
                0x080095b4      0x10c C:\Users\先才\Desktop\BEYD_A111_102\Drivers\lib\libacconeer_sensor.a(acc_confprogram.o)
                0x080095b4                acc_confprogram_live_patch
 .text.acc_confprogram_get_default_value
                0x080096c0        0xc C:\Users\先才\Desktop\BEYD_A111_102\Drivers\lib\libacconeer_sensor.a(acc_confprogram.o)
                0x080096c0                acc_confprogram_get_default_value
 .text.acc_confprogram_a111_r2c_CbankCalibration_modify_all
                0x080096cc      0x1b4 C:\Users\先才\Desktop\BEYD_A111_102\Drivers\lib\libacconeer_sensor.a(acc_confprogram_a111_r2c_CbankCalibration.o)
                0x080096cc                acc_confprogram_a111_r2c_CbankCalibration_modify_all
 .text.acc_confprogram_a111_r2c_RxFineDipCalibration_modify_all
                0x08009880      0xb2c C:\Users\先才\Desktop\BEYD_A111_102\Drivers\lib\libacconeer_sensor.a(acc_confprogram_a111_r2c_RxFineDipCalibration.o)
                0x08009880                acc_confprogram_a111_r2c_RxFineDipCalibration_modify_all
 .text.acc_confprogram_a111_r2c_DllCalibration_live_patch_DlyCoarse
                0x0800a3ac       0x5c C:\Users\先才\Desktop\BEYD_A111_102\Drivers\lib\libacconeer_sensor.a(acc_confprogram_a111_r2c_DllCalibration.o)
                0x0800a3ac                acc_confprogram_a111_r2c_DllCalibration_live_patch_DlyCoarse
 .text.acc_confprogram_a111_r2c_DllCalibration_modify_all
                0x0800a408      0x504 C:\Users\先才\Desktop\BEYD_A111_102\Drivers\lib\libacconeer_sensor.a(acc_confprogram_a111_r2c_DllCalibration.o)
                0x0800a408                acc_confprogram_a111_r2c_DllCalibration_modify_all
 .text.acc_confprogram_a111_r2c_Sweep_modify_all