acc_hal_integration_single_thread_stm32cube_xc111_r4a.c:214:14:acc_hal_integration_get_reference_frequency	0	static
acc_hal_integration_single_thread_stm32cube_xc111_r4a.c:79:13:acc_hal_integration_sensor_transfer	24	static
acc_hal_integration_single_thread_stm32cube_xc111_r4a.c:220:13:acc_hal_integration_get_current_time	8	static
acc_hal_integration_single_thread_stm32cube_xc111_r4a.c:228:13:acc_hal_integration_log	16	static
acc_hal_integration_single_thread_stm32cube_xc111_r4a.c:73:13:acc_hal_integration_sleep_us	0	static
acc_hal_integration_single_thread_stm32cube_xc111_r4a.c:120:13:acc_hal_integration_sensor_power_on	8	static
acc_hal_integration_single_thread_stm32cube_xc111_r4a.c:162:13:acc_hal_integration_sensor_power_off	8	static
acc_hal_integration_single_thread_stm32cube_xc111_r4a.c:196:13:acc_hal_integration_wait_for_sensor_interrupt	24	static
acc_hal_integration_single_thread_stm32cube_xc111_r4a.c:250:11:acc_hal_integration_get_implementation	8	static
