acc_hal_integration_single_thread_stm32cube_sparkfun_a111.c:67:46:acc_hal_integration_register_isr	0	static
acc_hal_integration_single_thread_stm32cube_sparkfun_a111.c:119:13:acc_hal_integration_is_sensor_interrupt_pin_connected	0	static
acc_hal_integration_single_thread_stm32cube_sparkfun_a111.c:139:14:acc_hal_integration_get_reference_frequency	0	static
acc_hal_integration_single_thread_stm32cube_sparkfun_a111.c:145:13:acc_hal_integration_get_current_time	8	static
acc_hal_integration_single_thread_stm32cube_sparkfun_a111.c:59:13:acc_hal_integration_sleep_us	0	static
acc_hal_integration_single_thread_stm32cube_sparkfun_a111.c:75:13:acc_hal_integration_sensor_transfer	24	static
acc_hal_integration_single_thread_stm32cube_sparkfun_a111.c:127:13:acc_hal_integration_is_sensor_interrupt_pin_active	8	static
acc_hal_integration_single_thread_stm32cube_sparkfun_a111.c:104:13:acc_hal_integration_sensor_power_off	8	static
acc_hal_integration_single_thread_stm32cube_sparkfun_a111.c:85:13:acc_hal_integration_sensor_power_on	8	static
acc_hal_integration_single_thread_stm32cube_sparkfun_a111.c:153:11:acc_hal_integration_get_implementation	0	static
