acc_legacy_hal_stubs.c:61:6:acc_board_init	0	static
acc_legacy_hal_stubs.c:67:6:acc_board_start_sensor	0	static
acc_legacy_hal_stubs.c:73:6:acc_board_stop_sensor	0	static
acc_legacy_hal_stubs.c:79:10:acc_board_get_sensor_count	0	static
acc_legacy_hal_stubs.c:85:7:acc_board_get_ref_freq	0	static
acc_legacy_hal_stubs.c:91:6:acc_board_wait_for_sensor_interrupt	0	static
acc_legacy_hal_stubs.c:99:6:acc_board_sensor_transfer	0	static
acc_legacy_hal_stubs.c:108:6:acc_board_gpio_init	0	static
acc_legacy_hal_stubs.c:114:8:acc_device_spi_get_max_transfer_size	0	static
acc_legacy_hal_stubs.c:121:20:acc_os_semaphore_create	0	static
acc_legacy_hal_stubs.c:127:7:acc_os_mem_alloc_debug	0	static
acc_legacy_hal_stubs.c:136:6:acc_os_sleep_us	0	static
acc_legacy_hal_stubs.c:142:6:acc_os_mem_free	0	static
acc_legacy_hal_stubs.c:148:6:acc_os_get_time	0	static
acc_legacy_hal_stubs.c:153:16:acc_os_mutex_create	0	static
acc_legacy_hal_stubs.c:159:6:acc_os_mutex_lock	0	static
acc_legacy_hal_stubs.c:165:6:acc_os_mutex_unlock	0	static
acc_legacy_hal_stubs.c:171:6:acc_os_mutex_destroy	0	static
acc_legacy_hal_stubs.c:177:24:acc_os_thread_create	0	static
acc_legacy_hal_stubs.c:186:6:acc_os_thread_exit	0	static
acc_legacy_hal_stubs.c:191:6:acc_os_thread_cleanup	0	static
acc_legacy_hal_stubs.c:197:6:acc_os_semaphore_wait	0	static
acc_legacy_hal_stubs.c:206:6:acc_os_semaphore_signal	0	static
acc_legacy_hal_stubs.c:212:6:acc_os_semaphore_signal_from_interrupt	0	static
acc_legacy_hal_stubs.c:218:6:acc_os_semaphore_destroy	0	static
acc_legacy_hal_stubs.c:224:10:acc_os_ntohs	8	static
acc_legacy_hal_stubs.c:233:6:acc_os_multithread_support	0	static
acc_legacy_hal_stubs.c:239:6:acc_os_init	0	static
acc_legacy_hal_stubs.c:244:20:acc_os_get_thread_id	0	static
acc_legacy_hal_stubs.c:252:10:acc_os_htons	8	static
acc_legacy_hal_stubs.c:263:10:acc_os_ntohl	8	static
acc_legacy_hal_stubs.c:274:10:acc_os_htonl	8	static
