acc_hal_integration_single_thread_stm32cube_xc111_r4a.c:73:13:acc_hal_integration_sleep_us	16	static
acc_hal_integration_single_thread_stm32cube_xc111_r4a.c:79:13:acc_hal_integration_sensor_transfer	32	static
acc_hal_integration_single_thread_stm32cube_xc111_r4a.c:91:13:acc_hal_integration_reset_sensor	8	static
acc_hal_integration_single_thread_stm32cube_xc111_r4a.c:109:13:acc_hal_integration_all_sensors_inactive	4	static
acc_hal_integration_single_thread_stm32cube_xc111_r4a.c:120:13:acc_hal_integration_sensor_power_on	16	static
acc_hal_integration_single_thread_stm32cube_xc111_r4a.c:162:13:acc_hal_integration_sensor_power_off	24	static
acc_hal_integration_single_thread_stm32cube_xc111_r4a.c:184:13:acc_hal_integration_is_sensor_interrupt_pin_active	16	static
acc_hal_integration_single_thread_stm32cube_xc111_r4a.c:196:13:acc_hal_integration_wait_for_sensor_interrupt	72	static
acc_hal_integration_single_thread_stm32cube_xc111_r4a.c:214:14:acc_hal_integration_get_reference_frequency	4	static
acc_hal_integration_single_thread_stm32cube_xc111_r4a.c:220:13:acc_hal_integration_get_current_time	24	static
acc_hal_integration_single_thread_stm32cube_xc111_r4a.c:228:13:acc_hal_integration_log	56	static
acc_hal_integration_single_thread_stm32cube_xc111_r4a.c:250:11:acc_hal_integration_get_implementation	120	static
